******************************************************************************
                  TI ARM Linker PC v15.12.1                    
******************************************************************************
>> Linked Mon Nov 07 14:45:05 2016

OUTPUT FILE NAME:   <FreeRTOS823_LM3S1968_ADC_MultMeas.out>
ENTRY POINT SYMBOL: "_c_int00"  address: 00005991


MEMORY CONFIGURATION

         name            origin    length      used     unused   attr    fill
----------------------  --------  ---------  --------  --------  ----  --------
  FLASH                 00000000   00040000  00006116  00039eea  R  X
  SRAM                  20000000   00010000  0000cdf8  00003208  RW X


SEGMENT ALLOCATION MAP

run origin  load origin   length   init length attrs members
----------  ----------- ---------- ----------- ----- -------
00000000    00000000    0000611c   0000611c    r-x
  00000000    00000000    00000200   00000200    r-- .intvecs
  00000200    00000200    00005ab8   00005ab8    r-x .text
  00005cb8    00005cb8    0000041a   0000041a    r-- .const
  000060d8    000060d8    00000044   00000044    r-- .cinit
20000000    20000000    0000cdf8   00000000    rw-
  20000000    20000000    0000c58c   00000000    rw- .bss
  2000c58c    2000c58c    00000800   00000000    rw- .stack
  2000cd8c    2000cd8c    0000006c   00000000    rw- .data


SECTION ALLOCATION MAP

 output                                  attributes/
section   page    origin      length       input sections
--------  ----  ----------  ----------   ----------------
.intvecs   0    00000000    00000200     
                  00000000    00000200     FreeRTOS_LM3S_Startup.obj (.intvecs)

.text      0    00000200    00005ab8     
                  00000200    000010f0     rtsv7M3_T_le_eabi.lib : _printfi.obj (.text)
                  000012f0    00000ea0     tasks.obj (.text)
                  00002190    00000914     queue.obj (.text)
                  00002aa4    0000077e     Main_Blinky.obj (.text)
                  00003222    00000002     rtsv7M3_T_le_eabi.lib : i_div0.obj (.text)
                  00003224    00000528     timers.obj (.text)
                  0000374c    00000510     rit128x96x4.obj (.text)
                  00003c5c    00000488     uartstdio.obj (.text)
                  000040e4    00000248     Task_DisplayADCReadingsPutty.obj (.text)
                  0000432c    000001f4     rtsv7M3_T_le_eabi.lib : ull_div_t2.obj (.text)
                  00004520    000001b8     heap_2.obj (.text)
                  000046d8    000001b6     rtsv7M3_T_le_eabi.lib : fd_add_t2.obj (.text)
                  0000488e    00000002                           : mpu_init.obj (.text)
                  00004890    00000198     driverlib-cm3.lib : sysctl.obj (.text:SysCtlClockGet)
                  00004a28    00000144                       : sysctl.obj (.text:SysCtlClockSet)
                  00004b6c    00000136     rtsv7M3_T_le_eabi.lib : fd_div_t2.obj (.text)
                  00004ca2    0000012a     list.obj (.text)
                  00004dcc    000000fc     rtsv7M3_T_le_eabi.lib : fd_mul_t2.obj (.text)
                  00004ec8    000000f0     port.obj (.text)
                  00004fb8    000000d0     rtsv7M3_T_le_eabi.lib : s_scalbn.obj (.text)
                  00005088    000000c8     driverlib-cm3.lib : gpio.obj (.text:GPIOPadConfigSet)
                  00005150    0000009c     rtsv7M3_T_le_eabi.lib : memcpy_t2.obj (.text)
                  000051ec    00000086                           : fd_cmp_t2.obj (.text:__aeabi_cdcmple)
                  00005272    00000086                           : fd_cmp_t2.obj (.text:__aeabi_cdrcmple)
                  000052f8    00000080     portasm.obj (.text)
                  00005378    0000007a     rtsv7M3_T_le_eabi.lib : memset_t2.obj (.text)
                  000053f2    00000002                           : startup.obj (.text)
                  000053f4    00000078     driverlib-cm3.lib : sysctl.obj (.text:SysCtlPeripheralPresent)
                  0000546c    00000070     rtsv7M3_T_le_eabi.lib : autoinit.obj (.text)
                  000054dc    0000006c     driverlib-cm3.lib : adc.obj (.text:ADCSequenceStepConfigure)
                  00005548    0000006a     rtsv7M3_T_le_eabi.lib : copy_decompress_rle.obj (.text)
                  000055b2    00000002     --HOLE-- [fill = 0]
                  000055b4    00000060     Task_ReportSysTick.obj (.text)
                  00005614    00000060     rtsv7M3_T_le_eabi.lib : sprintf.obj (.text)
                  00005674    0000005c                           : s_frexp.obj (.text)
                  000056d0    00000058     driverlib-cm3.lib : sysctl.obj (.text:SysCtlPeripheralEnable)
                  00005728    00000056     rtsv7M3_T_le_eabi.lib : ltoa.obj (.text)
                  0000577e    00000002     --HOLE-- [fill = 0]
                  00005780    00000054     Task_Blinky.obj (.text)
                  000057d4    00000054     rtsv7M3_T_le_eabi.lib : exit.obj (.text)
                  00005828    0000004c                           : atoi.obj (.text)
                  00005874    0000004c                           : cpy_tbl.obj (.text)
                  000058c0    00000048                           : fd_toi_t2.obj (.text)
                  00005908    00000044     driverlib-cm3.lib : ssi.obj (.text:SSIConfigSetExpClk)
                  0000594c    00000042                       : uart.obj (.text:UARTConfigSetExpClk)
                  0000598e    00000002     --HOLE-- [fill = 0]
                  00005990    00000040     rtsv7M3_T_le_eabi.lib : boot.obj (.text)
                  000059d0    00000040                           : u_divt2.obj (.text)
                  00005a10    0000003c     UARTStdio_Initialization_LM3S1968.obj (.text)
                  00005a4c    0000002e     driverlib-cm3.lib : adc.obj (.text:ADCIntStatus)
                  00005a7a    0000002e                       : gpio.obj (.text:GPIODirModeSet)
                  00005aa8    0000002e     rtsv7M3_T_le_eabi.lib : i_tofd_t2.obj (.text)
                  00005ad6    0000002a     driverlib-cm3.lib : adc.obj (.text:ADCSequenceConfigure)
                  00005b00    00000020                       : adc.obj (.text:ADCSequenceDataGet)
                  00005b20    0000001c                       : uart.obj (.text:UARTDisable)
                  00005b3c    0000001a     rtsv7M3_T_le_eabi.lib : memccpy.obj (.text)
                  00005b56    00000002     --HOLE-- [fill = 0]
                  00005b58    00000018                           : args_main.obj (.text)
                  00005b70    00000016     driverlib-cm3.lib : adc.obj (.text:ADCProcessorTrigger)
                  00005b86    00000016     rtsv7M3_T_le_eabi.lib : strchr.obj (.text)
                  00005b9c    00000014     driverlib-cm3.lib : uart.obj (.text:UARTEnable)
                  00005bb0    00000014     rtsv7M3_T_le_eabi.lib : _lock.obj (.text)
                  00005bc4    00000014                           : strlen.obj (.text)
                  00005bd8    00000012     driverlib-cm3.lib : gpio.obj (.text:GPIOPinTypeGPIOInput)
                  00005bea    00000012                       : gpio.obj (.text:GPIOPinTypeGPIOOutput)
                  00005bfc    00000012                       : gpio.obj (.text:GPIOPinTypeSSI)
                  00005c0e    00000012                       : gpio.obj (.text:GPIOPinTypeUART)
                  00005c20    00000012                       : ssi.obj (.text:SSIDataGetNonBlocking)
                  00005c32    0000000e                       : adc.obj (.text:ADCSequenceEnable)
                  00005c40    0000000e     rtsv7M3_T_le_eabi.lib : copy_decompress_none.obj (.text:decompress:none)
                  00005c4e    0000000c     FreeRTOS_LM3S_Startup.obj (.text)
                  00005c5a    0000000a     driverlib-cm3.lib : ssi.obj (.text:SSIDataPut)
                  00005c64    0000000a                       : ssi.obj (.text:SSIDisable)
                  00005c6e    0000000a                       : ssi.obj (.text:SSIEnable)
                  00005c78    0000000a                       : uart.obj (.text:UARTCharGet)
                  00005c82    0000000a                       : uart.obj (.text:UARTCharPut)
                  00005c8c    00000008                       : ssi.obj (.text:SSIBusy)
                  00005c94    00000008     rtsv7M3_T_le_eabi.lib : s_copysign.obj (.text)
                  00005c9c    00000006     driverlib-cm3.lib : gpio.obj (.text:GPIOPinRead)
                  00005ca2    00000006                       : gpio.obj (.text:GPIOPinWrite)
                  00005ca8    00000006                       : sysctl.obj (.text:SysCtlDelay)
                  00005cae    00000006     rtsv7M3_T_le_eabi.lib : copy_decompress_rle.obj (.text:decompress:rle24)
                  00005cb4    00000004                           : pre_init.obj (.text)

.const     0    00005cb8    0000041a     
                  00005cb8    000001e0     rit128x96x4.obj (.const:g_pucFont)
                  00005e98    00000101     rtsv7M3_T_le_eabi.lib : ctype.obj (.const:.string:_ctypes_)
                  00005f99    00000003     rit128x96x4.obj (.const:.string:pucCommand1$1)
                  00005f9c    0000006c     driverlib-cm3.lib : sysctl.obj (.const:g_pulXtals)
                  00006008    0000004f     rit128x96x4.obj (.const:.string:g_pucRIT128x96x4Init)
                  00006057    00000001     --HOLE-- [fill = 0]
                  00006058    00000040     driverlib-cm3.lib : sysctl.obj (.const)
                  00006098    00000012     uartstdio.obj (.const:.string)
                  000060aa    00000002     rit128x96x4.obj (.const:.string:g_pucRIT128x96x4HorizontalInc)
                  000060ac    0000000c     uartstdio.obj (.const:g_ulUARTBase)
                  000060b8    0000000c     uartstdio.obj (.const:g_ulUARTPeriph)
                  000060c4    00000004     uartstdio.obj (.const)
                  000060c8    00000003     rit128x96x4.obj (.const:.string:pucCommand2$2)
                  000060cb    00000002     rit128x96x4.obj (.const:.string:g_pucRIT128x96x4VerticalInc)
                  000060cd    00000002     rit128x96x4.obj (.const:.string:pucCommand1$3)
                  000060cf    00000001     --HOLE-- [fill = 0]
                  000060d0    00000002     heap_2.obj (.const)

.cinit     0    000060d8    00000044     
                  000060d8    00000020     (.cinit..data.load) [load image, compression = rle]
                  000060f8    0000000b     (.cinit..bss.load) [load image, compression = rle]
                  00006103    00000001     --HOLE-- [fill = 0]
                  00006104    00000008     (__TI_handler_table)
                  0000610c    00000010     (__TI_cinit_table)

.init_array 
*          0    00000000    00000000     UNINITIALIZED

.bss       0    20000000    0000c58c     UNINITIALIZED
                  20000000    0000c350     heap_2.obj (.bss:xHeap)
                  2000c350    00000100     FreeRTOS_LM3S_Startup.obj (.bss:pulStack)
                  2000c450    00000064     tasks.obj (.bss:pxReadyTasksLists)
                  2000c4b4    00000040     (.common:xQueueRegistry)
                  2000c4f4    00000014     timers.obj (.bss:xActiveTimerList1)
                  2000c508    00000014     timers.obj (.bss:xActiveTimerList2)
                  2000c51c    00000014     tasks.obj (.bss:xDelayedTaskList1)
                  2000c530    00000014     tasks.obj (.bss:xDelayedTaskList2)
                  2000c544    00000014     tasks.obj (.bss:xPendingReadyList)
                  2000c558    00000008     rit128x96x4.obj (.bss:g_pucBuffer)
                  2000c560    00000008     tasks.obj (.bss)
                  2000c568    00000008     timers.obj (.bss)
                  2000c570    00000008     heap_2.obj (.bss:xEnd)
                  2000c578    00000008     heap_2.obj (.bss:xStart)
                  2000c580    00000004     Task_DisplayADCReadingsPutty.obj (.bss)
                  2000c584    00000004     rit128x96x4.obj (.bss)
                  2000c588    00000004     (.common:g_ulSystemClock)

.stack     0    2000c58c    00000800     UNINITIALIZED
                  2000c58c    00000800     --HOLE--

.data      0    2000cd8c    0000006c     UNINITIALIZED
                  2000cd8c    0000002c     tasks.obj (.data)
                  2000cdb8    0000000c     rtsv7M3_T_le_eabi.lib : exit.obj (.data:$O1$$)
                  2000cdc4    00000008                           : _lock.obj (.data:$O1$$)
                  2000cdcc    00000008     heap_2.obj (.data)
                  2000cdd4    00000008     port.obj (.data)
                  2000cddc    00000008     timers.obj (.data)
                  2000cde4    00000005     uartstdio.obj (.data)
                  2000cde9    00000001     Task_DisplayADCReadingsPutty.obj (.data)
                  2000cdea    00000002     --HOLE--
                  2000cdec    00000004     UARTStdio_Initialization_LM3S1968.obj (.data)
                  2000cdf0    00000004     rtsv7M3_T_le_eabi.lib : errno.obj (.data)
                  2000cdf4    00000004                           : stkdepth_vars.obj (.data)

MODULE SUMMARY

       Module                                  code    ro data   rw data
       ------                                  ----    -------   -------
    .\
       heap_2.obj                              440     2         50024  
       Main_Blinky.obj                         1918    0         4      
       FreeRTOS_LM3S_Startup.obj               12      512       256    
    +--+---------------------------------------+-------+---------+---------+
       Total:                                  2370    514       50284  
                                                                        
    .\Drivers\
       rit128x96x4.obj                         1296    571       12     
       uartstdio.obj                           1160    46        5      
       UARTStdio_Initialization_LM3S1968.obj   60      0         4      
    +--+---------------------------------------+-------+---------+---------+
       Total:                                  2516    617       21     
                                                                        
    .\Source\
       tasks.obj                               3744    0         212    
       queue.obj                               2324    0         64     
       timers.obj                              1320    0         56     
       list.obj                                298     0         0      
    +--+---------------------------------------+-------+---------+---------+
       Total:                                  7686    0         332    
                                                                        
    .\Source\portable\CCS\ARM_CM3\
       port.obj                                240     0         8      
       portasm.obj                             128     0         0      
    +--+---------------------------------------+-------+---------+---------+
       Total:                                  368     0         8      
                                                                        
    .\Tasks\
       Task_DisplayADCReadingsPutty.obj        584     0         5      
       Task_ReportSysTick.obj                  96      0         0      
       Task_Blinky.obj                         84      0         0      
    +--+---------------------------------------+-------+---------+---------+
       Total:                                  764     0         5      
                                                                        
    C:/TI_CodeComposer/StellarisWare-LM3S1968/driverlib/ccs-cm3/Debug/driverlib-cm3.lib
       sysctl.obj                              946     172       0      
       gpio.obj                                330     0         0      
       adc.obj                                 264     0         0      
       uart.obj                                134     0         0      
       ssi.obj                                 124     0         0      
    +--+---------------------------------------+-------+---------+---------+
       Total:                                  1798    172       0      
                                                                        
    C:\TI_CodeComposer\ccsv6\tools\compiler\ti-cgt-arm_15.12.1.LTS\lib\rtsv7M3_T_le_eabi.lib
       _printfi.obj                            4336    0         0      
       ull_div_t2.obj                          500     0         0      
       fd_add_t2.obj                           438     0         0      
       fd_div_t2.obj                           310     0         0      
       fd_cmp_t2.obj                           268     0         0      
       ctype.obj                               0       257       0      
       fd_mul_t2.obj                           252     0         0      
       s_scalbn.obj                            208     0         0      
       memcpy_t2.obj                           156     0         0      
       memset_t2.obj                           122     0         0      
       autoinit.obj                            112     0         0      
       copy_decompress_rle.obj                 112     0         0      
       exit.obj                                84      0         12     
       sprintf.obj                             96      0         0      
       s_frexp.obj                             92      0         0      
       ltoa.obj                                86      0         0      
       atoi.obj                                76      0         0      
       cpy_tbl.obj                             76      0         0      
       fd_toi_t2.obj                           72      0         0      
       boot.obj                                64      0         0      
       u_divt2.obj                             64      0         0      
       i_tofd_t2.obj                           46      0         0      
       _lock.obj                               20      0         8      
       memccpy.obj                             26      0         0      
       args_main.obj                           24      0         0      
       strchr.obj                              22      0         0      
       strlen.obj                              20      0         0      
       copy_decompress_none.obj                14      0         0      
       s_copysign.obj                          8       0         0      
       errno.obj                               0       0         4      
       pre_init.obj                            4       0         0      
       stkdepth_vars.obj                       0       0         4      
       i_div0.obj                              2       0         0      
       mpu_init.obj                            2       0         0      
       startup.obj                             2       0         0      
    +--+---------------------------------------+-------+---------+---------+
       Total:                                  7714    257       28     
                                                                        
       Stack:                                  0       0         2048   
       Linker Generated:                       0       67        0      
    +--+---------------------------------------+-------+---------+---------+
       Grand Total:                            23216   1627      52726  


LINKER GENERATED COPY TABLES

__TI_cinit_table @ 0000610c records: 2, size/record: 8, table size: 16
	.data: load addr=000060d8, load size=00000020 bytes, run addr=2000cd8c, run size=0000006c bytes, compression=rle
	.bss: load addr=000060f8, load size=0000000b bytes, run addr=20000000, run size=0000c58c bytes, compression=rle


LINKER GENERATED HANDLER TABLE

__TI_handler_table @ 00006104 records: 2, size/record: 4, table size: 8
	index: 0, handler: __TI_decompress_rle24
	index: 1, handler: __TI_decompress_none


GLOBAL SYMBOLS: SORTED ALPHABETICALLY BY Name 

address   name                             
-------   ----                             
00005a4d  ADCIntStatus                     
00005b71  ADCProcessorTrigger              
00005ad7  ADCSequenceConfigure             
00005b01  ADCSequenceDataGet               
00005c33  ADCSequenceEnable                
000054dd  ADCSequenceStepConfigure         
000057d5  C$$EXIT                          
00005a7b  GPIODirModeSet                   
00005089  GPIOPadConfigSet                 
00005c9d  GPIOPinRead                      
00005bd9  GPIOPinTypeGPIOInput             
00005beb  GPIOPinTypeGPIOOutput            
00005bfd  GPIOPinTypeSSI                   
00005c0f  GPIOPinTypeUART                  
00005ca3  GPIOPinWrite                     
00003855  RIT128x96x4Clear                 
00003ad3  RIT128x96x4Disable               
00003c25  RIT128x96x4DisplayOff            
00003bf1  RIT128x96x4DisplayOn             
00003a79  RIT128x96x4Enable                
000039f1  RIT128x96x4ImageDraw             
00003b4d  RIT128x96x4Init                  
000038b1  RIT128x96x4StringDraw            
00005c4f  ResetISR                         
UNDEFED   SHT$$INIT_ARRAY$$Base            
UNDEFED   SHT$$INIT_ARRAY$$Limit           
00005c8d  SSIBusy                          
00005909  SSIConfigSetExpClk               
00005c21  SSIDataGetNonBlocking            
00005c5b  SSIDataPut                       
00005c65  SSIDisable                       
00005c6f  SSIEnable                        
00004891  SysCtlClockGet                   
00004a29  SysCtlClockSet                   
00005ca9  SysCtlDelay                      
000056d1  SysCtlPeripheralEnable           
000053f5  SysCtlPeripheralPresent          
00005781  Task_Blinky                      
000040e5  Task_DisplayADCReadingsPutty     
000055b5  Task_ReportSysTick               
00005c79  UARTCharGet                      
00005c83  UARTCharPut                      
0000594d  UARTConfigSetExpClk              
00005b21  UARTDisable                      
00005b9d  UARTEnable                       
00003c5d  UARTStdioInit                    
00003c6d  UARTStdioInitExpClk              
2000cdec  UARTStdioInitFlag                
00005a11  UARTStdio_Initialization         
00003db3  UARTgetc                         
00003cfb  UARTgets                         
00003dd9  UARTprintf                       
00003cb5  UARTwrite                        
2000cd8c  __STACK_END                      
00000800  __STACK_SIZE                     
2000c78c  __STACK_TOP                      
0000610c  __TI_CINIT_Base                  
0000611c  __TI_CINIT_Limit                 
00006104  __TI_Handler_Table_Base          
0000610c  __TI_Handler_Table_Limit         
0000546d  __TI_auto_init                   
2000cdb8  __TI_cleanup_ptr                 
00005c41  __TI_decompress_none             
00005caf  __TI_decompress_rle24            
2000cdbc  __TI_dtors_ptr                   
2000cdc0  __TI_enable_exit_profile_output  
ffffffff  __TI_pprof_out_hndl              
00000feb  __TI_printfi                     
ffffffff  __TI_prof_data_size              
ffffffff  __TI_prof_data_start             
00000000  __TI_static_base__               
000051ed  __aeabi_cdcmpeq                  
000051ed  __aeabi_cdcmple                  
00005273  __aeabi_cdrcmple                 
000058c1  __aeabi_d2iz                     
000046e3  __aeabi_dadd                     
00004b6d  __aeabi_ddiv                     
00004dcd  __aeabi_dmul                     
000046d9  __aeabi_dsub                     
00005aa9  __aeabi_i2d                      
00003223  __aeabi_idiv0                    
00005379  __aeabi_memclr                   
00005379  __aeabi_memclr4                  
00005379  __aeabi_memclr8                  
00005151  __aeabi_memcpy                   
00005151  __aeabi_memcpy4                  
00005151  __aeabi_memcpy8                  
0000537b  __aeabi_memset                   
0000537b  __aeabi_memset4                  
0000537b  __aeabi_memset8                  
000059d1  __aeabi_uidiv                    
000059d1  __aeabi_uidivmod                 
0000432d  __aeabi_uldivmod                 
ffffffff  __binit__                        
ffffffff  __c_args__                       
0000488f  __mpu_init                       
2000c58c  __stack                          
00005b59  _args_main                       
00005991  _c_int00                         
00005e98  _ctypes_                         
2000cdc4  _lock                            
00005bbf  _nop                             
00005bb7  _register_lock                   
00005bb1  _register_unlock                 
000053f3  _system_post_cinit               
00005cb5  _system_pre_init                 
2000cdc8  _unlock                          
000057d9  abort                            
00005829  atoi                             
ffffffff  binit                            
00005875  copy_in                          
00005c95  copysign                         
00005c95  copysignl                        
2000cde9  currentState                     
2000cdf0  errno                            
000057e1  exit                             
00005675  frexp                            
00005675  frexpl                           
00000000  g_pfnVectors                     
2000c588  g_ulSystemClock                  
00004fb9  ldexp                            
00004fb9  ldexpl                           
00005729  ltoa                             
00002aa5  main                             
2000cdf4  main_func_sp                     
00005b3d  memccpy                          
00005151  memcpy                           
00005381  memset                           
00003321  pcTimerGetTimerName              
00004521  pvPortMalloc                     
00001d51  pvTaskIncrementMutexHeldCount    
000036fd  pvTimerGetTimerID                
2000cd8c  pxCurrentTCB                     
00004ec9  pxPortInitialiseStack            
00004fb9  scalbn                           
00004fb9  scalbnl                          
00005615  sprintf                          
00005b87  strchr                           
00005bc5  strlen                           
00005335  ulPortSetInterruptMask           
00001d81  ulTaskNotifyTake                 
00004d85  uxListRemove                     
00002771  uxQueueMessagesWaiting           
000027a7  uxQueueMessagesWaitingFromISR    
00002787  uxQueueSpacesAvailable           
00001635  uxTaskGetNumberOfTasks           
00001d2b  uxTaskResetEventItemValue        
00004ca3  vListInitialise                  
00004cd3  vListInitialiseItem              
00004d1f  vListInsert                      
00004ce3  vListInsertEnd                   
00005343  vPortClearInterruptMask          
00004f39  vPortEndScheduler                
00004f45  vPortEnterCritical               
00004f55  vPortExitCritical                
0000464d  vPortFree                        
000046b5  vPortInitialiseBlocks            
00005349  vPortSVCHandler                  
00004f91  vPortSetupTimerInterrupt         
00005367  vPortStartFirstTask              
00004f3b  vPortYieldFromISR                
000029cd  vQueueAddToRegistry              
000027b9  vQueueDelete                     
00002a0f  vQueueUnregisterQueue            
00002a49  vQueueWaitForMessageRestricted   
00001481  vTaskDelay                       
000013f5  vTaskDelayUntil                  
0000151b  vTaskEndScheduler                
000019ff  vTaskMissedYield                 
000020a1  vTaskNotifyGiveFromISR           
000017a9  vTaskPlaceOnEventList            
00001831  vTaskPlaceOnEventListRestricted  
000017e1  vTaskPlaceOnUnorderedEventList   
00001c0d  vTaskPriorityInherit             
00001973  vTaskSetTimeOutState             
000014c1  vTaskStartScheduler              
0000152d  vTaskSuspendAll                  
00001729  vTaskSwitchContext               
00003717  vTimerSetTimerID                 
000046af  xPortGetFreeHeapSize             
000052f9  xPortPendSVHandler               
00004f11  xPortStartScheduler              
2000cdd8  xPortSysTickCount                
00004f6d  xPortSysTickHandler              
00002375  xQueueCreateCountingSemaphore    
00002283  xQueueCreateMutex                
0000221d  xQueueGenericCreate              
0000257d  xQueueGenericReceive             
00002191  xQueueGenericReset               
00002395  xQueueGenericSend                
0000248d  xQueueGenericSendFromISR         
0000250b  xQueueGiveFromISR                
000022ef  xQueueGiveMutexRecursive         
00002969  xQueueIsQueueEmptyFromISR        
000029ab  xQueueIsQueueFullFromISR         
0000272d  xQueuePeekFromISR                
000026b5  xQueueReceiveFromISR             
2000c4b4  xQueueRegistry                   
0000232b  xQueueTakeMutexRecursive         
00001995  xTaskCheckForTimeOut             
000012f1  xTaskGenericCreate               
00001ec9  xTaskGenericNotify               
00001fa9  xTaskGenericNotifyFromISR        
00001bd1  xTaskGetCurrentTaskHandle        
00001be1  xTaskGetSchedulerState           
00001609  xTaskGetTickCount                
00001621  xTaskGetTickCountFromISR         
00001641  xTaskIncrementTick               
0000213d  xTaskNotifyStateClear            
00001e19  xTaskNotifyWait                  
00001cab  xTaskPriorityDisinherit          
00001875  xTaskRemoveFromEventList         
000018fd  xTaskRemoveFromUnorderedEventList
00001537  xTaskResumeAll                   
0000325f  xTimerCreate                     
00003225  xTimerCreateTimerTask            
000032b3  xTimerGenericCommand             
000036d1  xTimerIsTimerActive              


GLOBAL SYMBOLS: SORTED BY Symbol Address 

address   name                             
-------   ----                             
00000000  __TI_static_base__               
00000000  g_pfnVectors                     
00000800  __STACK_SIZE                     
00000feb  __TI_printfi                     
000012f1  xTaskGenericCreate               
000013f5  vTaskDelayUntil                  
00001481  vTaskDelay                       
000014c1  vTaskStartScheduler              
0000151b  vTaskEndScheduler                
0000152d  vTaskSuspendAll                  
00001537  xTaskResumeAll                   
00001609  xTaskGetTickCount                
00001621  xTaskGetTickCountFromISR         
00001635  uxTaskGetNumberOfTasks           
00001641  xTaskIncrementTick               
00001729  vTaskSwitchContext               
000017a9  vTaskPlaceOnEventList            
000017e1  vTaskPlaceOnUnorderedEventList   
00001831  vTaskPlaceOnEventListRestricted  
00001875  xTaskRemoveFromEventList         
000018fd  xTaskRemoveFromUnorderedEventList
00001973  vTaskSetTimeOutState             
00001995  xTaskCheckForTimeOut             
000019ff  vTaskMissedYield                 
00001bd1  xTaskGetCurrentTaskHandle        
00001be1  xTaskGetSchedulerState           
00001c0d  vTaskPriorityInherit             
00001cab  xTaskPriorityDisinherit          
00001d2b  uxTaskResetEventItemValue        
00001d51  pvTaskIncrementMutexHeldCount    
00001d81  ulTaskNotifyTake                 
00001e19  xTaskNotifyWait                  
00001ec9  xTaskGenericNotify               
00001fa9  xTaskGenericNotifyFromISR        
000020a1  vTaskNotifyGiveFromISR           
0000213d  xTaskNotifyStateClear            
00002191  xQueueGenericReset               
0000221d  xQueueGenericCreate              
00002283  xQueueCreateMutex                
000022ef  xQueueGiveMutexRecursive         
0000232b  xQueueTakeMutexRecursive         
00002375  xQueueCreateCountingSemaphore    
00002395  xQueueGenericSend                
0000248d  xQueueGenericSendFromISR         
0000250b  xQueueGiveFromISR                
0000257d  xQueueGenericReceive             
000026b5  xQueueReceiveFromISR             
0000272d  xQueuePeekFromISR                
00002771  uxQueueMessagesWaiting           
00002787  uxQueueSpacesAvailable           
000027a7  uxQueueMessagesWaitingFromISR    
000027b9  vQueueDelete                     
00002969  xQueueIsQueueEmptyFromISR        
000029ab  xQueueIsQueueFullFromISR         
000029cd  vQueueAddToRegistry              
00002a0f  vQueueUnregisterQueue            
00002a49  vQueueWaitForMessageRestricted   
00002aa5  main                             
00003223  __aeabi_idiv0                    
00003225  xTimerCreateTimerTask            
0000325f  xTimerCreate                     
000032b3  xTimerGenericCommand             
00003321  pcTimerGetTimerName              
000036d1  xTimerIsTimerActive              
000036fd  pvTimerGetTimerID                
00003717  vTimerSetTimerID                 
00003855  RIT128x96x4Clear                 
000038b1  RIT128x96x4StringDraw            
000039f1  RIT128x96x4ImageDraw             
00003a79  RIT128x96x4Enable                
00003ad3  RIT128x96x4Disable               
00003b4d  RIT128x96x4Init                  
00003bf1  RIT128x96x4DisplayOn             
00003c25  RIT128x96x4DisplayOff            
00003c5d  UARTStdioInit                    
00003c6d  UARTStdioInitExpClk              
00003cb5  UARTwrite                        
00003cfb  UARTgets                         
00003db3  UARTgetc                         
00003dd9  UARTprintf                       
000040e5  Task_DisplayADCReadingsPutty     
0000432d  __aeabi_uldivmod                 
00004521  pvPortMalloc                     
0000464d  vPortFree                        
000046af  xPortGetFreeHeapSize             
000046b5  vPortInitialiseBlocks            
000046d9  __aeabi_dsub                     
000046e3  __aeabi_dadd                     
0000488f  __mpu_init                       
00004891  SysCtlClockGet                   
00004a29  SysCtlClockSet                   
00004b6d  __aeabi_ddiv                     
00004ca3  vListInitialise                  
00004cd3  vListInitialiseItem              
00004ce3  vListInsertEnd                   
00004d1f  vListInsert                      
00004d85  uxListRemove                     
00004dcd  __aeabi_dmul                     
00004ec9  pxPortInitialiseStack            
00004f11  xPortStartScheduler              
00004f39  vPortEndScheduler                
00004f3b  vPortYieldFromISR                
00004f45  vPortEnterCritical               
00004f55  vPortExitCritical                
00004f6d  xPortSysTickHandler              
00004f91  vPortSetupTimerInterrupt         
00004fb9  ldexp                            
00004fb9  ldexpl                           
00004fb9  scalbn                           
00004fb9  scalbnl                          
00005089  GPIOPadConfigSet                 
00005151  __aeabi_memcpy                   
00005151  __aeabi_memcpy4                  
00005151  __aeabi_memcpy8                  
00005151  memcpy                           
000051ed  __aeabi_cdcmpeq                  
000051ed  __aeabi_cdcmple                  
00005273  __aeabi_cdrcmple                 
000052f9  xPortPendSVHandler               
00005335  ulPortSetInterruptMask           
00005343  vPortClearInterruptMask          
00005349  vPortSVCHandler                  
00005367  vPortStartFirstTask              
00005379  __aeabi_memclr                   
00005379  __aeabi_memclr4                  
00005379  __aeabi_memclr8                  
0000537b  __aeabi_memset                   
0000537b  __aeabi_memset4                  
0000537b  __aeabi_memset8                  
00005381  memset                           
000053f3  _system_post_cinit               
000053f5  SysCtlPeripheralPresent          
0000546d  __TI_auto_init                   
000054dd  ADCSequenceStepConfigure         
000055b5  Task_ReportSysTick               
00005615  sprintf                          
00005675  frexp                            
00005675  frexpl                           
000056d1  SysCtlPeripheralEnable           
00005729  ltoa                             
00005781  Task_Blinky                      
000057d5  C$$EXIT                          
000057d9  abort                            
000057e1  exit                             
00005829  atoi                             
00005875  copy_in                          
000058c1  __aeabi_d2iz                     
00005909  SSIConfigSetExpClk               
0000594d  UARTConfigSetExpClk              
00005991  _c_int00                         
000059d1  __aeabi_uidiv                    
000059d1  __aeabi_uidivmod                 
00005a11  UARTStdio_Initialization         
00005a4d  ADCIntStatus                     
00005a7b  GPIODirModeSet                   
00005aa9  __aeabi_i2d                      
00005ad7  ADCSequenceConfigure             
00005b01  ADCSequenceDataGet               
00005b21  UARTDisable                      
00005b3d  memccpy                          
00005b59  _args_main                       
00005b71  ADCProcessorTrigger              
00005b87  strchr                           
00005b9d  UARTEnable                       
00005bb1  _register_unlock                 
00005bb7  _register_lock                   
00005bbf  _nop                             
00005bc5  strlen                           
00005bd9  GPIOPinTypeGPIOInput             
00005beb  GPIOPinTypeGPIOOutput            
00005bfd  GPIOPinTypeSSI                   
00005c0f  GPIOPinTypeUART                  
00005c21  SSIDataGetNonBlocking            
00005c33  ADCSequenceEnable                
00005c41  __TI_decompress_none             
00005c4f  ResetISR                         
00005c5b  SSIDataPut                       
00005c65  SSIDisable                       
00005c6f  SSIEnable                        
00005c79  UARTCharGet                      
00005c83  UARTCharPut                      
00005c8d  SSIBusy                          
00005c95  copysign                         
00005c95  copysignl                        
00005c9d  GPIOPinRead                      
00005ca3  GPIOPinWrite                     
00005ca9  SysCtlDelay                      
00005caf  __TI_decompress_rle24            
00005cb5  _system_pre_init                 
00005e98  _ctypes_                         
00006104  __TI_Handler_Table_Base          
0000610c  __TI_CINIT_Base                  
0000610c  __TI_Handler_Table_Limit         
0000611c  __TI_CINIT_Limit                 
2000c4b4  xQueueRegistry                   
2000c588  g_ulSystemClock                  
2000c58c  __stack                          
2000c78c  __STACK_TOP                      
2000cd8c  __STACK_END                      
2000cd8c  pxCurrentTCB                     
2000cdb8  __TI_cleanup_ptr                 
2000cdbc  __TI_dtors_ptr                   
2000cdc0  __TI_enable_exit_profile_output  
2000cdc4  _lock                            
2000cdc8  _unlock                          
2000cdd8  xPortSysTickCount                
2000cde9  currentState                     
2000cdec  UARTStdioInitFlag                
2000cdf0  errno                            
2000cdf4  main_func_sp                     
ffffffff  __TI_pprof_out_hndl              
ffffffff  __TI_prof_data_size              
ffffffff  __TI_prof_data_start             
ffffffff  __binit__                        
ffffffff  __c_args__                       
ffffffff  binit                            
UNDEFED   SHT$$INIT_ARRAY$$Base            
UNDEFED   SHT$$INIT_ARRAY$$Limit           

[218 symbols]
