<?xml version="1.0"?>
<link_info>
   <banner>TI ARM Linker PC v15.12.1.LTS</banner>
   <copyright>Copyright (c) 1996-2015 Texas Instruments Incorporated</copyright>
   <link_time>0x5820e7d1</link_time>
   <link_errors>0x0</link_errors>
   <output_file>FreeRTOS823_LM3S1968_ADC_MultMeas.out</output_file>
   <entry_point>
      <name>_c_int00</name>
      <address>0x5991</address>
   </entry_point>
   <input_file_list>
      <input_file id="fl-2">
         <path>.\</path>
         <kind>object</kind>
         <file>FreeRTOS_LM3S_Startup.obj</file>
         <name>FreeRTOS_LM3S_Startup.obj</name>
      </input_file>
      <input_file id="fl-3">
         <path>.\</path>
         <kind>object</kind>
         <file>Main_Blinky.obj</file>
         <name>Main_Blinky.obj</name>
      </input_file>
      <input_file id="fl-4">
         <path>.\</path>
         <kind>object</kind>
         <file>heap_2.obj</file>
         <name>heap_2.obj</name>
      </input_file>
      <input_file id="fl-5">
         <path>.\Drivers\</path>
         <kind>object</kind>
         <file>UARTStdio_Initialization_LM3S1968.obj</file>
         <name>UARTStdio_Initialization_LM3S1968.obj</name>
      </input_file>
      <input_file id="fl-6">
         <path>.\Drivers\</path>
         <kind>object</kind>
         <file>rit128x96x4.obj</file>
         <name>rit128x96x4.obj</name>
      </input_file>
      <input_file id="fl-7">
         <path>.\Drivers\</path>
         <kind>object</kind>
         <file>uartstdio.obj</file>
         <name>uartstdio.obj</name>
      </input_file>
      <input_file id="fl-8">
         <path>.\Source\</path>
         <kind>object</kind>
         <file>croutine.obj</file>
         <name>croutine.obj</name>
      </input_file>
      <input_file id="fl-9">
         <path>.\Source\</path>
         <kind>object</kind>
         <file>event_groups.obj</file>
         <name>event_groups.obj</name>
      </input_file>
      <input_file id="fl-a">
         <path>.\Source\</path>
         <kind>object</kind>
         <file>list.obj</file>
         <name>list.obj</name>
      </input_file>
      <input_file id="fl-b">
         <path>.\Source\</path>
         <kind>object</kind>
         <file>queue.obj</file>
         <name>queue.obj</name>
      </input_file>
      <input_file id="fl-c">
         <path>.\Source\</path>
         <kind>object</kind>
         <file>tasks.obj</file>
         <name>tasks.obj</name>
      </input_file>
      <input_file id="fl-d">
         <path>.\Source\</path>
         <kind>object</kind>
         <file>timers.obj</file>
         <name>timers.obj</name>
      </input_file>
      <input_file id="fl-e">
         <path>.\Source\portable\CCS\ARM_CM3\</path>
         <kind>object</kind>
         <file>port.obj</file>
         <name>port.obj</name>
      </input_file>
      <input_file id="fl-f">
         <path>.\Source\portable\CCS\ARM_CM3\</path>
         <kind>object</kind>
         <file>portasm.obj</file>
         <name>portasm.obj</name>
      </input_file>
      <input_file id="fl-10">
         <path>.\Tasks\</path>
         <kind>object</kind>
         <file>Task_Blinky.obj</file>
         <name>Task_Blinky.obj</name>
      </input_file>
      <input_file id="fl-11">
         <path>.\Tasks\</path>
         <kind>object</kind>
         <file>Task_DisplayADCReadingsPutty.obj</file>
         <name>Task_DisplayADCReadingsPutty.obj</name>
      </input_file>
      <input_file id="fl-12">
         <path>.\Tasks\</path>
         <kind>object</kind>
         <file>Task_ReportSysTick.obj</file>
         <name>Task_ReportSysTick.obj</name>
      </input_file>
      <input_file id="fl-18">
         <path>C:\TI_CodeComposer\StellarisWare-LM3S1968\driverlib\ccs-cm3\Debug\</path>
         <kind>archive</kind>
         <file>driverlib-cm3.lib</file>
         <name>uart.obj</name>
      </input_file>
      <input_file id="fl-19">
         <path>C:\TI_CodeComposer\StellarisWare-LM3S1968\driverlib\ccs-cm3\Debug\</path>
         <kind>archive</kind>
         <file>driverlib-cm3.lib</file>
         <name>sysctl.obj</name>
      </input_file>
      <input_file id="fl-1a">
         <path>C:\TI_CodeComposer\StellarisWare-LM3S1968\driverlib\ccs-cm3\Debug\</path>
         <kind>archive</kind>
         <file>driverlib-cm3.lib</file>
         <name>ssi.obj</name>
      </input_file>
      <input_file id="fl-1b">
         <path>C:\TI_CodeComposer\StellarisWare-LM3S1968\driverlib\ccs-cm3\Debug\</path>
         <kind>archive</kind>
         <file>driverlib-cm3.lib</file>
         <name>interrupt.obj</name>
      </input_file>
      <input_file id="fl-1c">
         <path>C:\TI_CodeComposer\StellarisWare-LM3S1968\driverlib\ccs-cm3\Debug\</path>
         <kind>archive</kind>
         <file>driverlib-cm3.lib</file>
         <name>gpio.obj</name>
      </input_file>
      <input_file id="fl-1d">
         <path>C:\TI_CodeComposer\StellarisWare-LM3S1968\driverlib\ccs-cm3\Debug\</path>
         <kind>archive</kind>
         <file>driverlib-cm3.lib</file>
         <name>cpu.obj</name>
      </input_file>
      <input_file id="fl-1e">
         <path>C:\TI_CodeComposer\StellarisWare-LM3S1968\driverlib\ccs-cm3\Debug\</path>
         <kind>archive</kind>
         <file>driverlib-cm3.lib</file>
         <name>adc.obj</name>
      </input_file>
      <input_file id="fl-d4">
         <path>C:\TI_CodeComposer\ccsv6\tools\compiler\ti-cgt-arm_15.12.1.LTS\lib\</path>
         <kind>archive</kind>
         <file>rtsv7M3_T_le_eabi.lib</file>
         <name>boot.obj</name>
      </input_file>
      <input_file id="fl-d5">
         <path>C:\TI_CodeComposer\ccsv6\tools\compiler\ti-cgt-arm_15.12.1.LTS\lib\</path>
         <kind>archive</kind>
         <file>rtsv7M3_T_le_eabi.lib</file>
         <name>copy_decompress_none.obj</name>
      </input_file>
      <input_file id="fl-d6">
         <path>C:\TI_CodeComposer\ccsv6\tools\compiler\ti-cgt-arm_15.12.1.LTS\lib\</path>
         <kind>archive</kind>
         <file>rtsv7M3_T_le_eabi.lib</file>
         <name>copy_decompress_rle.obj</name>
      </input_file>
      <input_file id="fl-d7">
         <path>C:\TI_CodeComposer\ccsv6\tools\compiler\ti-cgt-arm_15.12.1.LTS\lib\</path>
         <kind>archive</kind>
         <file>rtsv7M3_T_le_eabi.lib</file>
         <name>copy_zero_init.obj</name>
      </input_file>
      <input_file id="fl-d8">
         <path>C:\TI_CodeComposer\ccsv6\tools\compiler\ti-cgt-arm_15.12.1.LTS\lib\</path>
         <kind>archive</kind>
         <file>rtsv7M3_T_le_eabi.lib</file>
         <name>exit.obj</name>
      </input_file>
      <input_file id="fl-d9">
         <path>C:\TI_CodeComposer\ccsv6\tools\compiler\ti-cgt-arm_15.12.1.LTS\lib\</path>
         <kind>archive</kind>
         <file>rtsv7M3_T_le_eabi.lib</file>
         <name>memcpy_t2.obj</name>
      </input_file>
      <input_file id="fl-da">
         <path>C:\TI_CodeComposer\ccsv6\tools\compiler\ti-cgt-arm_15.12.1.LTS\lib\</path>
         <kind>archive</kind>
         <file>rtsv7M3_T_le_eabi.lib</file>
         <name>memset_t2.obj</name>
      </input_file>
      <input_file id="fl-db">
         <path>C:\TI_CodeComposer\ccsv6\tools\compiler\ti-cgt-arm_15.12.1.LTS\lib\</path>
         <kind>archive</kind>
         <file>rtsv7M3_T_le_eabi.lib</file>
         <name>mpu_init.obj</name>
      </input_file>
      <input_file id="fl-dc">
         <path>C:\TI_CodeComposer\ccsv6\tools\compiler\ti-cgt-arm_15.12.1.LTS\lib\</path>
         <kind>archive</kind>
         <file>rtsv7M3_T_le_eabi.lib</file>
         <name>pre_init.obj</name>
      </input_file>
      <input_file id="fl-dd">
         <path>C:\TI_CodeComposer\ccsv6\tools\compiler\ti-cgt-arm_15.12.1.LTS\lib\</path>
         <kind>archive</kind>
         <file>rtsv7M3_T_le_eabi.lib</file>
         <name>sprintf.obj</name>
      </input_file>
      <input_file id="fl-de">
         <path>C:\TI_CodeComposer\ccsv6\tools\compiler\ti-cgt-arm_15.12.1.LTS\lib\</path>
         <kind>archive</kind>
         <file>rtsv7M3_T_le_eabi.lib</file>
         <name>stkdepth_vars.obj</name>
      </input_file>
      <input_file id="fl-df">
         <path>C:\TI_CodeComposer\ccsv6\tools\compiler\ti-cgt-arm_15.12.1.LTS\lib\</path>
         <kind>archive</kind>
         <file>rtsv7M3_T_le_eabi.lib</file>
         <name>u_divt2.obj</name>
      </input_file>
      <input_file id="fl-e0">
         <path>C:\TI_CodeComposer\ccsv6\tools\compiler\ti-cgt-arm_15.12.1.LTS\lib\</path>
         <kind>archive</kind>
         <file>rtsv7M3_T_le_eabi.lib</file>
         <name>_lock.obj</name>
      </input_file>
      <input_file id="fl-e1">
         <path>C:\TI_CodeComposer\ccsv6\tools\compiler\ti-cgt-arm_15.12.1.LTS\lib\</path>
         <kind>archive</kind>
         <file>rtsv7M3_T_le_eabi.lib</file>
         <name>_printfi.obj</name>
      </input_file>
      <input_file id="fl-e2">
         <path>C:\TI_CodeComposer\ccsv6\tools\compiler\ti-cgt-arm_15.12.1.LTS\lib\</path>
         <kind>archive</kind>
         <file>rtsv7M3_T_le_eabi.lib</file>
         <name>args_main.obj</name>
      </input_file>
      <input_file id="fl-e3">
         <path>C:\TI_CodeComposer\ccsv6\tools\compiler\ti-cgt-arm_15.12.1.LTS\lib\</path>
         <kind>archive</kind>
         <file>rtsv7M3_T_le_eabi.lib</file>
         <name>atoi.obj</name>
      </input_file>
      <input_file id="fl-e4">
         <path>C:\TI_CodeComposer\ccsv6\tools\compiler\ti-cgt-arm_15.12.1.LTS\lib\</path>
         <kind>archive</kind>
         <file>rtsv7M3_T_le_eabi.lib</file>
         <name>autoinit.obj</name>
      </input_file>
      <input_file id="fl-e5">
         <path>C:\TI_CodeComposer\ccsv6\tools\compiler\ti-cgt-arm_15.12.1.LTS\lib\</path>
         <kind>archive</kind>
         <file>rtsv7M3_T_le_eabi.lib</file>
         <name>cpy_tbl.obj</name>
      </input_file>
      <input_file id="fl-e6">
         <path>C:\TI_CodeComposer\ccsv6\tools\compiler\ti-cgt-arm_15.12.1.LTS\lib\</path>
         <kind>archive</kind>
         <file>rtsv7M3_T_le_eabi.lib</file>
         <name>ctype.obj</name>
      </input_file>
      <input_file id="fl-e7">
         <path>C:\TI_CodeComposer\ccsv6\tools\compiler\ti-cgt-arm_15.12.1.LTS\lib\</path>
         <kind>archive</kind>
         <file>rtsv7M3_T_le_eabi.lib</file>
         <name>fd_add_t2.obj</name>
      </input_file>
      <input_file id="fl-e8">
         <path>C:\TI_CodeComposer\ccsv6\tools\compiler\ti-cgt-arm_15.12.1.LTS\lib\</path>
         <kind>archive</kind>
         <file>rtsv7M3_T_le_eabi.lib</file>
         <name>fd_cmp_t2.obj</name>
      </input_file>
      <input_file id="fl-e9">
         <path>C:\TI_CodeComposer\ccsv6\tools\compiler\ti-cgt-arm_15.12.1.LTS\lib\</path>
         <kind>archive</kind>
         <file>rtsv7M3_T_le_eabi.lib</file>
         <name>fd_div_t2.obj</name>
      </input_file>
      <input_file id="fl-ea">
         <path>C:\TI_CodeComposer\ccsv6\tools\compiler\ti-cgt-arm_15.12.1.LTS\lib\</path>
         <kind>archive</kind>
         <file>rtsv7M3_T_le_eabi.lib</file>
         <name>fd_mul_t2.obj</name>
      </input_file>
      <input_file id="fl-eb">
         <path>C:\TI_CodeComposer\ccsv6\tools\compiler\ti-cgt-arm_15.12.1.LTS\lib\</path>
         <kind>archive</kind>
         <file>rtsv7M3_T_le_eabi.lib</file>
         <name>fd_toi_t2.obj</name>
      </input_file>
      <input_file id="fl-ec">
         <path>C:\TI_CodeComposer\ccsv6\tools\compiler\ti-cgt-arm_15.12.1.LTS\lib\</path>
         <kind>archive</kind>
         <file>rtsv7M3_T_le_eabi.lib</file>
         <name>i_div0.obj</name>
      </input_file>
      <input_file id="fl-ed">
         <path>C:\TI_CodeComposer\ccsv6\tools\compiler\ti-cgt-arm_15.12.1.LTS\lib\</path>
         <kind>archive</kind>
         <file>rtsv7M3_T_le_eabi.lib</file>
         <name>i_tofd_t2.obj</name>
      </input_file>
      <input_file id="fl-ee">
         <path>C:\TI_CodeComposer\ccsv6\tools\compiler\ti-cgt-arm_15.12.1.LTS\lib\</path>
         <kind>archive</kind>
         <file>rtsv7M3_T_le_eabi.lib</file>
         <name>ltoa.obj</name>
      </input_file>
      <input_file id="fl-ef">
         <path>C:\TI_CodeComposer\ccsv6\tools\compiler\ti-cgt-arm_15.12.1.LTS\lib\</path>
         <kind>archive</kind>
         <file>rtsv7M3_T_le_eabi.lib</file>
         <name>memccpy.obj</name>
      </input_file>
      <input_file id="fl-f0">
         <path>C:\TI_CodeComposer\ccsv6\tools\compiler\ti-cgt-arm_15.12.1.LTS\lib\</path>
         <kind>archive</kind>
         <file>rtsv7M3_T_le_eabi.lib</file>
         <name>s_frexp.obj</name>
      </input_file>
      <input_file id="fl-f1">
         <path>C:\TI_CodeComposer\ccsv6\tools\compiler\ti-cgt-arm_15.12.1.LTS\lib\</path>
         <kind>archive</kind>
         <file>rtsv7M3_T_le_eabi.lib</file>
         <name>s_scalbn.obj</name>
      </input_file>
      <input_file id="fl-f2">
         <path>C:\TI_CodeComposer\ccsv6\tools\compiler\ti-cgt-arm_15.12.1.LTS\lib\</path>
         <kind>archive</kind>
         <file>rtsv7M3_T_le_eabi.lib</file>
         <name>startup.obj</name>
      </input_file>
      <input_file id="fl-f3">
         <path>C:\TI_CodeComposer\ccsv6\tools\compiler\ti-cgt-arm_15.12.1.LTS\lib\</path>
         <kind>archive</kind>
         <file>rtsv7M3_T_le_eabi.lib</file>
         <name>strchr.obj</name>
      </input_file>
      <input_file id="fl-f4">
         <path>C:\TI_CodeComposer\ccsv6\tools\compiler\ti-cgt-arm_15.12.1.LTS\lib\</path>
         <kind>archive</kind>
         <file>rtsv7M3_T_le_eabi.lib</file>
         <name>strlen.obj</name>
      </input_file>
      <input_file id="fl-f5">
         <path>C:\TI_CodeComposer\ccsv6\tools\compiler\ti-cgt-arm_15.12.1.LTS\lib\</path>
         <kind>archive</kind>
         <file>rtsv7M3_T_le_eabi.lib</file>
         <name>ull_div_t2.obj</name>
      </input_file>
      <input_file id="fl-f6">
         <path>C:\TI_CodeComposer\ccsv6\tools\compiler\ti-cgt-arm_15.12.1.LTS\lib\</path>
         <kind>archive</kind>
         <file>rtsv7M3_T_le_eabi.lib</file>
         <name>errno.obj</name>
      </input_file>
      <input_file id="fl-f7">
         <path>C:\TI_CodeComposer\ccsv6\tools\compiler\ti-cgt-arm_15.12.1.LTS\lib\</path>
         <kind>archive</kind>
         <file>rtsv7M3_T_le_eabi.lib</file>
         <name>s_copysign.obj</name>
      </input_file>
   </input_file_list>
   <object_component_list>
      <object_component id="oc-f">
         <name>.intvecs</name>
         <load_address>0x0</load_address>
         <run_address>0x0</run_address>
         <size>0x200</size>
         <input_file_ref idref="fl-2"/>
      </object_component>
      <object_component id="oc-2d5">
         <name>.text</name>
         <load_address>0x200</load_address>
         <run_address>0x200</run_address>
         <size>0x10f0</size>
         <input_file_ref idref="fl-e1"/>
      </object_component>
      <object_component id="oc-8c">
         <name>.text</name>
         <load_address>0x12f0</load_address>
         <run_address>0x12f0</run_address>
         <size>0xea0</size>
         <input_file_ref idref="fl-c"/>
      </object_component>
      <object_component id="oc-16f">
         <name>.text</name>
         <load_address>0x2190</load_address>
         <run_address>0x2190</run_address>
         <size>0x914</size>
         <input_file_ref idref="fl-b"/>
      </object_component>
      <object_component id="oc-cf">
         <name>.text</name>
         <load_address>0x2aa4</load_address>
         <run_address>0x2aa4</run_address>
         <size>0x77e</size>
         <input_file_ref idref="fl-3"/>
      </object_component>
      <object_component id="oc-28a">
         <name>.text</name>
         <load_address>0x3222</load_address>
         <run_address>0x3222</run_address>
         <size>0x2</size>
         <input_file_ref idref="fl-ec"/>
      </object_component>
      <object_component id="oc-e8">
         <name>.text</name>
         <load_address>0x3224</load_address>
         <run_address>0x3224</run_address>
         <size>0x528</size>
         <input_file_ref idref="fl-d"/>
      </object_component>
      <object_component id="oc-20c">
         <name>.text</name>
         <load_address>0x374c</load_address>
         <run_address>0x374c</run_address>
         <size>0x510</size>
         <input_file_ref idref="fl-6"/>
      </object_component>
      <object_component id="oc-13e">
         <name>.text</name>
         <load_address>0x3c5c</load_address>
         <run_address>0x3c5c</run_address>
         <size>0x488</size>
         <input_file_ref idref="fl-7"/>
      </object_component>
      <object_component id="oc-151">
         <name>.text</name>
         <load_address>0x40e4</load_address>
         <run_address>0x40e4</run_address>
         <size>0x248</size>
         <input_file_ref idref="fl-11"/>
      </object_component>
      <object_component id="oc-324">
         <name>.text</name>
         <load_address>0x432c</load_address>
         <run_address>0x432c</run_address>
         <size>0x1f4</size>
         <input_file_ref idref="fl-f5"/>
      </object_component>
      <object_component id="oc-f7">
         <name>.text</name>
         <load_address>0x4520</load_address>
         <run_address>0x4520</run_address>
         <size>0x1b8</size>
         <input_file_ref idref="fl-4"/>
      </object_component>
      <object_component id="oc-353">
         <name>.text</name>
         <load_address>0x46d8</load_address>
         <run_address>0x46d8</run_address>
         <size>0x1b6</size>
         <input_file_ref idref="fl-e7"/>
      </object_component>
      <object_component id="oc-67">
         <name>.text</name>
         <load_address>0x488e</load_address>
         <run_address>0x488e</run_address>
         <size>0x2</size>
         <input_file_ref idref="fl-db"/>
      </object_component>
      <object_component id="oc-134">
         <name>.text:SysCtlClockGet</name>
         <load_address>0x4890</load_address>
         <run_address>0x4890</run_address>
         <size>0x198</size>
         <input_file_ref idref="fl-19"/>
      </object_component>
      <object_component id="oc-130">
         <name>.text:SysCtlClockSet</name>
         <load_address>0x4a28</load_address>
         <run_address>0x4a28</run_address>
         <size>0x144</size>
         <input_file_ref idref="fl-19"/>
      </object_component>
      <object_component id="oc-339">
         <name>.text</name>
         <load_address>0x4b6c</load_address>
         <run_address>0x4b6c</run_address>
         <size>0x136</size>
         <input_file_ref idref="fl-e9"/>
      </object_component>
      <object_component id="oc-e2">
         <name>.text</name>
         <load_address>0x4ca2</load_address>
         <run_address>0x4ca2</run_address>
         <size>0x12a</size>
         <input_file_ref idref="fl-a"/>
      </object_component>
      <object_component id="oc-334">
         <name>.text</name>
         <load_address>0x4dcc</load_address>
         <run_address>0x4dcc</run_address>
         <size>0xfc</size>
         <input_file_ref idref="fl-ea"/>
      </object_component>
      <object_component id="oc-39">
         <name>.text</name>
         <load_address>0x4ec8</load_address>
         <run_address>0x4ec8</run_address>
         <size>0xf0</size>
         <input_file_ref idref="fl-e"/>
      </object_component>
      <object_component id="oc-35e">
         <name>.text</name>
         <load_address>0x4fb8</load_address>
         <run_address>0x4fb8</run_address>
         <size>0xd0</size>
         <input_file_ref idref="fl-f1"/>
      </object_component>
      <object_component id="oc-1fe">
         <name>.text:GPIOPadConfigSet</name>
         <load_address>0x5088</load_address>
         <run_address>0x5088</run_address>
         <size>0xc8</size>
         <input_file_ref idref="fl-1c"/>
      </object_component>
      <object_component id="oc-42">
         <name>.text</name>
         <load_address>0x5150</load_address>
         <run_address>0x5150</run_address>
         <size>0x9c</size>
         <input_file_ref idref="fl-d9"/>
      </object_component>
      <object_component id="oc-32f">
         <name>.text:__aeabi_cdcmple</name>
         <load_address>0x51ec</load_address>
         <run_address>0x51ec</run_address>
         <size>0x86</size>
         <input_file_ref idref="fl-e8"/>
      </object_component>
      <object_component id="oc-33e">
         <name>.text:__aeabi_cdrcmple</name>
         <load_address>0x5272</load_address>
         <run_address>0x5272</run_address>
         <size>0x86</size>
         <input_file_ref idref="fl-e8"/>
      </object_component>
      <object_component id="oc-34">
         <name>.text</name>
         <load_address>0x52f8</load_address>
         <run_address>0x52f8</run_address>
         <size>0x80</size>
         <input_file_ref idref="fl-f"/>
      </object_component>
      <object_component id="oc-5b">
         <name>.text</name>
         <load_address>0x5378</load_address>
         <run_address>0x5378</run_address>
         <size>0x7a</size>
         <input_file_ref idref="fl-da"/>
      </object_component>
      <object_component id="oc-c7">
         <name>.text</name>
         <load_address>0x53f2</load_address>
         <run_address>0x53f2</run_address>
         <size>0x2</size>
         <input_file_ref idref="fl-f2"/>
      </object_component>
      <object_component id="oc-1ce">
         <name>.text:SysCtlPeripheralPresent</name>
         <load_address>0x53f4</load_address>
         <run_address>0x53f4</run_address>
         <size>0x78</size>
         <input_file_ref idref="fl-19"/>
      </object_component>
      <object_component id="oc-73">
         <name>.text</name>
         <load_address>0x546c</load_address>
         <run_address>0x546c</run_address>
         <size>0x70</size>
         <input_file_ref idref="fl-e4"/>
      </object_component>
      <object_component id="oc-21e">
         <name>.text:ADCSequenceStepConfigure</name>
         <load_address>0x54dc</load_address>
         <run_address>0x54dc</run_address>
         <size>0x6c</size>
         <input_file_ref idref="fl-1e"/>
      </object_component>
      <object_component id="oc-4e">
         <name>.text</name>
         <load_address>0x5548</load_address>
         <run_address>0x5548</run_address>
         <size>0x6a</size>
         <input_file_ref idref="fl-d6"/>
      </object_component>
      <object_component id="oc-14b">
         <name>.text</name>
         <load_address>0x55b4</load_address>
         <run_address>0x55b4</run_address>
         <size>0x60</size>
         <input_file_ref idref="fl-12"/>
      </object_component>
      <object_component id="oc-212">
         <name>.text</name>
         <load_address>0x5614</load_address>
         <run_address>0x5614</run_address>
         <size>0x60</size>
         <input_file_ref idref="fl-dd"/>
      </object_component>
      <object_component id="oc-358">
         <name>.text</name>
         <load_address>0x5674</load_address>
         <run_address>0x5674</run_address>
         <size>0x5c</size>
         <input_file_ref idref="fl-f0"/>
      </object_component>
      <object_component id="oc-1c2">
         <name>.text:SysCtlPeripheralEnable</name>
         <load_address>0x56d0</load_address>
         <run_address>0x56d0</run_address>
         <size>0x58</size>
         <input_file_ref idref="fl-19"/>
      </object_component>
      <object_component id="oc-348">
         <name>.text</name>
         <load_address>0x5728</load_address>
         <run_address>0x5728</run_address>
         <size>0x56</size>
         <input_file_ref idref="fl-ee"/>
      </object_component>
      <object_component id="oc-145">
         <name>.text</name>
         <load_address>0x5780</load_address>
         <run_address>0x5780</run_address>
         <size>0x54</size>
         <input_file_ref idref="fl-10"/>
      </object_component>
      <object_component id="oc-7f">
         <name>.text</name>
         <load_address>0x57d4</load_address>
         <run_address>0x57d4</run_address>
         <size>0x54</size>
         <input_file_ref idref="fl-d8"/>
      </object_component>
      <object_component id="oc-370">
         <name>.text</name>
         <load_address>0x5828</load_address>
         <run_address>0x5828</run_address>
         <size>0x4c</size>
         <input_file_ref idref="fl-e3"/>
      </object_component>
      <object_component id="oc-c1">
         <name>.text</name>
         <load_address>0x5874</load_address>
         <run_address>0x5874</run_address>
         <size>0x4c</size>
         <input_file_ref idref="fl-e5"/>
      </object_component>
      <object_component id="oc-343">
         <name>.text</name>
         <load_address>0x58c0</load_address>
         <run_address>0x58c0</run_address>
         <size>0x48</size>
         <input_file_ref idref="fl-eb"/>
      </object_component>
      <object_component id="oc-2b1">
         <name>.text:SSIConfigSetExpClk</name>
         <load_address>0x5908</load_address>
         <run_address>0x5908</run_address>
         <size>0x44</size>
         <input_file_ref idref="fl-1a"/>
      </object_component>
      <object_component id="oc-1d2">
         <name>.text:UARTConfigSetExpClk</name>
         <load_address>0x594c</load_address>
         <run_address>0x594c</run_address>
         <size>0x42</size>
         <input_file_ref idref="fl-18"/>
      </object_component>
      <object_component id="oc-24">
         <name>.text</name>
         <load_address>0x5990</load_address>
         <run_address>0x5990</run_address>
         <size>0x40</size>
         <input_file_ref idref="fl-d4"/>
      </object_component>
      <object_component id="oc-1eb">
         <name>.text</name>
         <load_address>0x59d0</load_address>
         <run_address>0x59d0</run_address>
         <size>0x40</size>
         <input_file_ref idref="fl-df"/>
      </object_component>
      <object_component id="oc-138">
         <name>.text</name>
         <load_address>0x5a10</load_address>
         <run_address>0x5a10</run_address>
         <size>0x3c</size>
         <input_file_ref idref="fl-5"/>
      </object_component>
      <object_component id="oc-22e">
         <name>.text:ADCIntStatus</name>
         <load_address>0x5a4c</load_address>
         <run_address>0x5a4c</run_address>
         <size>0x2e</size>
         <input_file_ref idref="fl-1e"/>
      </object_component>
      <object_component id="oc-273">
         <name>.text:GPIODirModeSet</name>
         <load_address>0x5a7a</load_address>
         <run_address>0x5a7a</run_address>
         <size>0x2e</size>
         <input_file_ref idref="fl-1c"/>
      </object_component>
      <object_component id="oc-34e">
         <name>.text</name>
         <load_address>0x5aa8</load_address>
         <run_address>0x5aa8</run_address>
         <size>0x2e</size>
         <input_file_ref idref="fl-ed"/>
      </object_component>
      <object_component id="oc-21a">
         <name>.text:ADCSequenceConfigure</name>
         <load_address>0x5ad6</load_address>
         <run_address>0x5ad6</run_address>
         <size>0x2a</size>
         <input_file_ref idref="fl-1e"/>
      </object_component>
      <object_component id="oc-232">
         <name>.text:ADCSequenceDataGet</name>
         <load_address>0x5b00</load_address>
         <run_address>0x5b00</run_address>
         <size>0x20</size>
         <input_file_ref idref="fl-1e"/>
      </object_component>
      <object_component id="oc-27b">
         <name>.text:UARTDisable</name>
         <load_address>0x5b20</load_address>
         <run_address>0x5b20</run_address>
         <size>0x1c</size>
         <input_file_ref idref="fl-18"/>
      </object_component>
      <object_component id="oc-36a">
         <name>.text</name>
         <load_address>0x5b3c</load_address>
         <run_address>0x5b3c</run_address>
         <size>0x1a</size>
         <input_file_ref idref="fl-ef"/>
      </object_component>
      <object_component id="oc-79">
         <name>.text</name>
         <load_address>0x5b58</load_address>
         <run_address>0x5b58</run_address>
         <size>0x18</size>
         <input_file_ref idref="fl-e2"/>
      </object_component>
      <object_component id="oc-22a">
         <name>.text:ADCProcessorTrigger</name>
         <load_address>0x5b70</load_address>
         <run_address>0x5b70</run_address>
         <size>0x16</size>
         <input_file_ref idref="fl-1e"/>
      </object_component>
      <object_component id="oc-364">
         <name>.text</name>
         <load_address>0x5b86</load_address>
         <run_address>0x5b86</run_address>
         <size>0x16</size>
         <input_file_ref idref="fl-f3"/>
      </object_component>
      <object_component id="oc-1d6">
         <name>.text:UARTEnable</name>
         <load_address>0x5b9c</load_address>
         <run_address>0x5b9c</run_address>
         <size>0x14</size>
         <input_file_ref idref="fl-18"/>
      </object_component>
      <object_component id="oc-161">
         <name>.text</name>
         <load_address>0x5bb0</load_address>
         <run_address>0x5bb0</run_address>
         <size>0x14</size>
         <input_file_ref idref="fl-e0"/>
      </object_component>
      <object_component id="oc-329">
         <name>.text</name>
         <load_address>0x5bc4</load_address>
         <run_address>0x5bc4</run_address>
         <size>0x14</size>
         <input_file_ref idref="fl-f4"/>
      </object_component>
      <object_component id="oc-226">
         <name>.text:GPIOPinTypeGPIOInput</name>
         <load_address>0x5bd8</load_address>
         <run_address>0x5bd8</run_address>
         <size>0x12</size>
         <input_file_ref idref="fl-1c"/>
      </object_component>
      <object_component id="oc-1fa">
         <name>.text:GPIOPinTypeGPIOOutput</name>
         <load_address>0x5bea</load_address>
         <run_address>0x5bea</run_address>
         <size>0x12</size>
         <input_file_ref idref="fl-1c"/>
      </object_component>
      <object_component id="oc-2b5">
         <name>.text:GPIOPinTypeSSI</name>
         <load_address>0x5bfc</load_address>
         <run_address>0x5bfc</run_address>
         <size>0x12</size>
         <input_file_ref idref="fl-1c"/>
      </object_component>
      <object_component id="oc-1c6">
         <name>.text:GPIOPinTypeUART</name>
         <load_address>0x5c0e</load_address>
         <run_address>0x5c0e</run_address>
         <size>0x12</size>
         <input_file_ref idref="fl-1c"/>
      </object_component>
      <object_component id="oc-2bd">
         <name>.text:SSIDataGetNonBlocking</name>
         <load_address>0x5c20</load_address>
         <run_address>0x5c20</run_address>
         <size>0x12</size>
         <input_file_ref idref="fl-1a"/>
      </object_component>
      <object_component id="oc-222">
         <name>.text:ADCSequenceEnable</name>
         <load_address>0x5c32</load_address>
         <run_address>0x5c32</run_address>
         <size>0xe</size>
         <input_file_ref idref="fl-1e"/>
      </object_component>
      <object_component id="oc-12">
         <name>.text:decompress:none</name>
         <load_address>0x5c40</load_address>
         <run_address>0x5c40</run_address>
         <size>0xe</size>
         <input_file_ref idref="fl-d5"/>
      </object_component>
      <object_component id="oc-2e">
         <name>.text</name>
         <load_address>0x5c4e</load_address>
         <run_address>0x5c4e</run_address>
         <size>0xc</size>
         <input_file_ref idref="fl-2"/>
      </object_component>
      <object_component id="oc-2a6">
         <name>.text:SSIDataPut</name>
         <load_address>0x5c5a</load_address>
         <run_address>0x5c5a</run_address>
         <size>0xa</size>
         <input_file_ref idref="fl-1a"/>
      </object_component>
      <object_component id="oc-2ad">
         <name>.text:SSIDisable</name>
         <load_address>0x5c64</load_address>
         <run_address>0x5c64</run_address>
         <size>0xa</size>
         <input_file_ref idref="fl-1a"/>
      </object_component>
      <object_component id="oc-2b9">
         <name>.text:SSIEnable</name>
         <load_address>0x5c6e</load_address>
         <run_address>0x5c6e</run_address>
         <size>0xa</size>
         <input_file_ref idref="fl-1a"/>
      </object_component>
      <object_component id="oc-1de">
         <name>.text:UARTCharGet</name>
         <load_address>0x5c78</load_address>
         <run_address>0x5c78</run_address>
         <size>0xa</size>
         <input_file_ref idref="fl-18"/>
      </object_component>
      <object_component id="oc-1da">
         <name>.text:UARTCharPut</name>
         <load_address>0x5c82</load_address>
         <run_address>0x5c82</run_address>
         <size>0xa</size>
         <input_file_ref idref="fl-18"/>
      </object_component>
      <object_component id="oc-2a2">
         <name>.text:SSIBusy</name>
         <load_address>0x5c8c</load_address>
         <run_address>0x5c8c</run_address>
         <size>0x8</size>
         <input_file_ref idref="fl-1a"/>
      </object_component>
      <object_component id="oc-3a0">
         <name>.text</name>
         <load_address>0x5c94</load_address>
         <run_address>0x5c94</run_address>
         <size>0x8</size>
         <input_file_ref idref="fl-f7"/>
      </object_component>
      <object_component id="oc-202">
         <name>.text:GPIOPinRead</name>
         <load_address>0x5c9c</load_address>
         <run_address>0x5c9c</run_address>
         <size>0x6</size>
         <input_file_ref idref="fl-1c"/>
      </object_component>
      <object_component id="oc-206">
         <name>.text:GPIOPinWrite</name>
         <load_address>0x5ca2</load_address>
         <run_address>0x5ca2</run_address>
         <size>0x6</size>
         <input_file_ref idref="fl-1c"/>
      </object_component>
      <object_component id="oc-1b8">
         <name>.text:SysCtlDelay</name>
         <load_address>0x5ca8</load_address>
         <run_address>0x5ca8</run_address>
         <size>0x6</size>
         <input_file_ref idref="fl-19"/>
      </object_component>
      <object_component id="oc-18">
         <name>.text:decompress:rle24</name>
         <load_address>0x5cae</load_address>
         <run_address>0x5cae</run_address>
         <size>0x6</size>
         <input_file_ref idref="fl-d6"/>
      </object_component>
      <object_component id="oc-6d">
         <name>.text</name>
         <load_address>0x5cb4</load_address>
         <run_address>0x5cb4</run_address>
         <size>0x4</size>
         <input_file_ref idref="fl-dc"/>
      </object_component>
      <object_component id="oc-2cc">
         <name>.const:g_pucFont</name>
         <load_address>0x5cb8</load_address>
         <run_address>0x5cb8</run_address>
         <size>0x1e0</size>
         <input_file_ref idref="fl-6"/>
      </object_component>
      <object_component id="oc-3af">
         <name>.const:.string:_ctypes_</name>
         <load_address>0x5e98</load_address>
         <run_address>0x5e98</run_address>
         <size>0x101</size>
         <input_file_ref idref="fl-e6"/>
      </object_component>
      <object_component id="oc-2c4">
         <name>.const:.string:pucCommand1$1</name>
         <load_address>0x5f99</load_address>
         <run_address>0x5f99</run_address>
         <size>0x3</size>
         <input_file_ref idref="fl-6"/>
      </object_component>
      <object_component id="oc-1bf">
         <name>.const:g_pulXtals</name>
         <load_address>0x5f9c</load_address>
         <run_address>0x5f9c</run_address>
         <size>0x6c</size>
         <input_file_ref idref="fl-19"/>
      </object_component>
      <object_component id="oc-2cf">
         <name>.const:.string:g_pucRIT128x96x4Init</name>
         <load_address>0x6008</load_address>
         <run_address>0x6008</run_address>
         <size>0x4f</size>
         <input_file_ref idref="fl-6"/>
      </object_component>
      <object_component id="oc-270">
         <name>.const</name>
         <load_address>0x6058</load_address>
         <run_address>0x6058</run_address>
         <size>0x40</size>
         <input_file_ref idref="fl-19"/>
      </object_component>
      <object_component id="oc-291">
         <name>.const:.string</name>
         <load_address>0x6098</load_address>
         <run_address>0x6098</run_address>
         <size>0x12</size>
         <input_file_ref idref="fl-7"/>
      </object_component>
      <object_component id="oc-2c6">
         <name>.const:.string:g_pucRIT128x96x4HorizontalInc</name>
         <load_address>0x60aa</load_address>
         <run_address>0x60aa</run_address>
         <size>0x2</size>
         <input_file_ref idref="fl-6"/>
      </object_component>
      <object_component id="oc-1e8">
         <name>.const:g_ulUARTBase</name>
         <load_address>0x60ac</load_address>
         <run_address>0x60ac</run_address>
         <size>0xc</size>
         <input_file_ref idref="fl-7"/>
      </object_component>
      <object_component id="oc-1e2">
         <name>.const:g_ulUARTPeriph</name>
         <load_address>0x60b8</load_address>
         <run_address>0x60b8</run_address>
         <size>0xc</size>
         <input_file_ref idref="fl-7"/>
      </object_component>
      <object_component id="oc-1f0">
         <name>.const</name>
         <load_address>0x60c4</load_address>
         <run_address>0x60c4</run_address>
         <size>0x4</size>
         <input_file_ref idref="fl-7"/>
      </object_component>
      <object_component id="oc-2c5">
         <name>.const:.string:pucCommand2$2</name>
         <load_address>0x60c8</load_address>
         <run_address>0x60c8</run_address>
         <size>0x3</size>
         <input_file_ref idref="fl-6"/>
      </object_component>
      <object_component id="oc-2c9">
         <name>.const:.string:g_pucRIT128x96x4VerticalInc</name>
         <load_address>0x60cb</load_address>
         <run_address>0x60cb</run_address>
         <size>0x2</size>
         <input_file_ref idref="fl-6"/>
      </object_component>
      <object_component id="oc-2d2">
         <name>.const:.string:pucCommand1$3</name>
         <load_address>0x60cd</load_address>
         <run_address>0x60cd</run_address>
         <size>0x2</size>
         <input_file_ref idref="fl-6"/>
      </object_component>
      <object_component id="oc-19f">
         <name>.const</name>
         <load_address>0x60d0</load_address>
         <run_address>0x60d0</run_address>
         <size>0x2</size>
         <input_file_ref idref="fl-4"/>
      </object_component>
      <object_component id="oc-3f2">
         <name>.cinit..data.load</name>
         <load_address>0x60d8</load_address>
         <run_address>0x60d8</run_address>
         <size>0x20</size>
      </object_component>
      <object_component id="oc-3f3">
         <name>.cinit..bss.load</name>
         <load_address>0x60f8</load_address>
         <run_address>0x60f8</run_address>
         <size>0xb</size>
      </object_component>
      <object_component id="oc-3f0">
         <name>__TI_handler_table</name>
         <load_address>0x6104</load_address>
         <run_address>0x6104</run_address>
         <size>0x8</size>
      </object_component>
      <object_component id="oc-3f1">
         <name>__TI_cinit_table</name>
         <load_address>0x610c</load_address>
         <run_address>0x610c</run_address>
         <size>0x10</size>
      </object_component>
      <object_component id="oc-193">
         <name>.data</name>
         <load_address>0x2000cdcc</load_address>
         <run_address>0x2000cdcc</run_address>
         <size>0x8</size>
         <input_file_ref idref="fl-4"/>
      </object_component>
      <object_component id="oc-1ca">
         <name>.data</name>
         <load_address>0x2000cdec</load_address>
         <run_address>0x2000cdec</run_address>
         <size>0x4</size>
         <input_file_ref idref="fl-5"/>
      </object_component>
      <object_component id="oc-1e5">
         <name>.data</name>
         <load_address>0x2000cde4</load_address>
         <run_address>0x2000cde4</run_address>
         <size>0x5</size>
         <input_file_ref idref="fl-7"/>
      </object_component>
      <object_component id="oc-92">
         <name>.data</name>
         <load_address>0x2000cd8c</load_address>
         <run_address>0x2000cd8c</run_address>
         <size>0x2c</size>
         <input_file_ref idref="fl-c"/>
      </object_component>
      <object_component id="oc-175">
         <name>.data</name>
         <load_address>0x2000cddc</load_address>
         <run_address>0x2000cddc</run_address>
         <size>0x8</size>
         <input_file_ref idref="fl-d"/>
      </object_component>
      <object_component id="oc-96">
         <name>.data</name>
         <load_address>0x2000cdd4</load_address>
         <run_address>0x2000cdd4</run_address>
         <size>0x8</size>
         <input_file_ref idref="fl-e"/>
      </object_component>
      <object_component id="oc-239">
         <name>.data</name>
         <load_address>0x2000cde9</load_address>
         <run_address>0x2000cde9</run_address>
         <size>0x1</size>
         <input_file_ref idref="fl-11"/>
      </object_component>
      <object_component id="oc-d7">
         <name>.data:$O1$$</name>
         <load_address>0x2000cdb8</load_address>
         <run_address>0x2000cdb8</run_address>
         <size>0xc</size>
         <input_file_ref idref="fl-d8"/>
      </object_component>
      <object_component id="oc-85">
         <name>.data</name>
         <load_address>0x2000cdf4</load_address>
         <run_address>0x2000cdf4</run_address>
         <size>0x4</size>
         <input_file_ref idref="fl-de"/>
      </object_component>
      <object_component id="oc-da">
         <name>.data:$O1$$</name>
         <load_address>0x2000cdc4</load_address>
         <run_address>0x2000cdc4</run_address>
         <size>0x8</size>
         <input_file_ref idref="fl-e0"/>
      </object_component>
      <object_component id="oc-3a6">
         <name>.data</name>
         <load_address>0x2000cdf0</load_address>
         <run_address>0x2000cdf0</run_address>
         <size>0x4</size>
         <input_file_ref idref="fl-f6"/>
      </object_component>
      <object_component id="oc-2b">
         <name>.bss:pulStack</name>
         <uninitialized>true</uninitialized>
         <run_address>0x2000c350</run_address>
         <size>0x100</size>
         <input_file_ref idref="fl-2"/>
      </object_component>
      <object_component id="oc-199">
         <name>.bss:xHeap</name>
         <uninitialized>true</uninitialized>
         <run_address>0x20000000</run_address>
         <size>0xc350</size>
         <input_file_ref idref="fl-4"/>
      </object_component>
      <object_component id="oc-196">
         <name>.bss:xStart</name>
         <uninitialized>true</uninitialized>
         <run_address>0x2000c578</run_address>
         <size>0x8</size>
         <input_file_ref idref="fl-4"/>
      </object_component>
      <object_component id="oc-19c">
         <name>.bss:xEnd</name>
         <uninitialized>true</uninitialized>
         <run_address>0x2000c570</run_address>
         <size>0x8</size>
         <input_file_ref idref="fl-4"/>
      </object_component>
      <object_component id="oc-2aa">
         <name>.bss</name>
         <uninitialized>true</uninitialized>
         <run_address>0x2000c584</run_address>
         <size>0x4</size>
         <input_file_ref idref="fl-6"/>
      </object_component>
      <object_component id="oc-2c1">
         <name>.bss:g_pucBuffer</name>
         <uninitialized>true</uninitialized>
         <run_address>0x2000c558</run_address>
         <size>0x8</size>
         <input_file_ref idref="fl-6"/>
      </object_component>
      <object_component id="oc-ee">
         <name>.bss:pxReadyTasksLists</name>
         <uninitialized>true</uninitialized>
         <run_address>0x2000c450</run_address>
         <size>0x64</size>
         <input_file_ref idref="fl-c"/>
      </object_component>
      <object_component id="oc-fd">
         <name>.bss:xDelayedTaskList1</name>
         <uninitialized>true</uninitialized>
         <run_address>0x2000c51c</run_address>
         <size>0x14</size>
         <input_file_ref idref="fl-c"/>
      </object_component>
      <object_component id="oc-100">
         <name>.bss:xDelayedTaskList2</name>
         <uninitialized>true</uninitialized>
         <run_address>0x2000c530</run_address>
         <size>0x14</size>
         <input_file_ref idref="fl-c"/>
      </object_component>
      <object_component id="oc-f4">
         <name>.bss</name>
         <uninitialized>true</uninitialized>
         <run_address>0x2000c560</run_address>
         <size>0x8</size>
         <input_file_ref idref="fl-c"/>
      </object_component>
      <object_component id="oc-f1">
         <name>.bss:xPendingReadyList</name>
         <uninitialized>true</uninitialized>
         <run_address>0x2000c544</run_address>
         <size>0x14</size>
         <input_file_ref idref="fl-c"/>
      </object_component>
      <object_component id="oc-17b">
         <name>.bss:xActiveTimerList1</name>
         <uninitialized>true</uninitialized>
         <run_address>0x2000c4f4</run_address>
         <size>0x14</size>
         <input_file_ref idref="fl-d"/>
      </object_component>
      <object_component id="oc-17e">
         <name>.bss:xActiveTimerList2</name>
         <uninitialized>true</uninitialized>
         <run_address>0x2000c508</run_address>
         <size>0x14</size>
         <input_file_ref idref="fl-d"/>
      </object_component>
      <object_component id="oc-178">
         <name>.bss</name>
         <uninitialized>true</uninitialized>
         <run_address>0x2000c568</run_address>
         <size>0x8</size>
         <input_file_ref idref="fl-d"/>
      </object_component>
      <object_component id="oc-236">
         <name>.bss</name>
         <uninitialized>true</uninitialized>
         <run_address>0x2000c580</run_address>
         <size>0x4</size>
         <input_file_ref idref="fl-11"/>
      </object_component>
      <object_component id="oc-144">
         <name>.common:g_ulSystemClock</name>
         <uninitialized>true</uninitialized>
         <run_address>0x2000c588</run_address>
         <size>0x4</size>
      </object_component>
      <object_component id="oc-243">
         <name>.common:xQueueRegistry</name>
         <uninitialized>true</uninitialized>
         <run_address>0x2000c4b4</run_address>
         <size>0x40</size>
      </object_component>
      <object_component id="oc-2a">
         <name>.stack</name>
         <uninitialized>true</uninitialized>
         <run_address>0x2000c58c</run_address>
         <size>0x0</size>
         <input_file_ref idref="fl-d4"/>
      </object_component>
      <object_component id="oc-3f4">
         <name>.stack</name>
         <uninitialized>true</uninitialized>
         <run_address>0x2000c58c</run_address>
         <size>0x0</size>
      </object_component>
      <object_component id="oc-41">
         <name>.debug_info</name>
         <load_address>0x0</load_address>
         <run_address>0x0</run_address>
         <size>0x182</size>
         <input_file_ref idref="fl-2"/>
      </object_component>
      <object_component id="oc-2c">
         <name>.debug_info</name>
         <load_address>0x182</load_address>
         <run_address>0x182</run_address>
         <size>0xf1</size>
         <input_file_ref idref="fl-2"/>
      </object_component>
      <object_component id="oc-10">
         <name>.debug_info</name>
         <load_address>0x273</load_address>
         <run_address>0x273</run_address>
         <size>0xfa</size>
         <input_file_ref idref="fl-2"/>
      </object_component>
      <object_component id="oc-2f">
         <name>.debug_info</name>
         <load_address>0x36d</load_address>
         <run_address>0x36d</run_address>
         <size>0x25e</size>
         <input_file_ref idref="fl-2"/>
      </object_component>
      <object_component id="oc-a7">
         <name>.debug_info</name>
         <load_address>0x5cb</load_address>
         <run_address>0x5cb</run_address>
         <size>0x84</size>
         <input_file_ref idref="fl-2"/>
      </object_component>
      <object_component id="oc-10a">
         <name>.debug_info</name>
         <load_address>0x64f</load_address>
         <run_address>0x64f</run_address>
         <size>0x18b</size>
         <input_file_ref idref="fl-2"/>
      </object_component>
      <object_component id="oc-1f5">
         <name>.debug_info</name>
         <load_address>0x7da</load_address>
         <run_address>0x7da</run_address>
         <size>0x4e</size>
         <input_file_ref idref="fl-2"/>
      </object_component>
      <object_component id="oc-11f">
         <name>.debug_info</name>
         <load_address>0x828</load_address>
         <run_address>0x828</run_address>
         <size>0x37a</size>
         <input_file_ref idref="fl-3"/>
      </object_component>
      <object_component id="oc-d0">
         <name>.debug_info</name>
         <load_address>0xba2</load_address>
         <run_address>0xba2</run_address>
         <size>0x208</size>
         <input_file_ref idref="fl-3"/>
      </object_component>
      <object_component id="oc-105">
         <name>.debug_info</name>
         <load_address>0xdaa</load_address>
         <run_address>0xdaa</run_address>
         <size>0x2ef</size>
         <input_file_ref idref="fl-3"/>
      </object_component>
      <object_component id="oc-9b">
         <name>.debug_info</name>
         <load_address>0x1099</load_address>
         <run_address>0x1099</run_address>
         <size>0x2c</size>
         <input_file_ref idref="fl-3"/>
      </object_component>
      <object_component id="oc-296">
         <name>.debug_info</name>
         <load_address>0x10c5</load_address>
         <run_address>0x10c5</run_address>
         <size>0x2c</size>
         <input_file_ref idref="fl-3"/>
      </object_component>
      <object_component id="oc-a0">
         <name>.debug_info</name>
         <load_address>0x10f1</load_address>
         <run_address>0x10f1</run_address>
         <size>0xae</size>
         <input_file_ref idref="fl-3"/>
      </object_component>
      <object_component id="oc-11a">
         <name>.debug_info</name>
         <load_address>0x119f</load_address>
         <run_address>0x119f</run_address>
         <size>0x14c</size>
         <input_file_ref idref="fl-3"/>
      </object_component>
      <object_component id="oc-1a3">
         <name>.debug_info</name>
         <load_address>0x12eb</load_address>
         <run_address>0x12eb</run_address>
         <size>0x1d0</size>
         <input_file_ref idref="fl-4"/>
      </object_component>
      <object_component id="oc-19a">
         <name>.debug_info</name>
         <load_address>0x14bb</load_address>
         <run_address>0x14bb</run_address>
         <size>0xdc</size>
         <input_file_ref idref="fl-4"/>
      </object_component>
      <object_component id="oc-1a0">
         <name>.debug_info</name>
         <load_address>0x1597</load_address>
         <run_address>0x1597</run_address>
         <size>0xf0</size>
         <input_file_ref idref="fl-4"/>
      </object_component>
      <object_component id="oc-197">
         <name>.debug_info</name>
         <load_address>0x1687</load_address>
         <run_address>0x1687</run_address>
         <size>0xde</size>
         <input_file_ref idref="fl-4"/>
      </object_component>
      <object_component id="oc-19d">
         <name>.debug_info</name>
         <load_address>0x1765</load_address>
         <run_address>0x1765</run_address>
         <size>0xda</size>
         <input_file_ref idref="fl-4"/>
      </object_component>
      <object_component id="oc-194">
         <name>.debug_info</name>
         <load_address>0x183f</load_address>
         <run_address>0x183f</run_address>
         <size>0xf8</size>
         <input_file_ref idref="fl-4"/>
      </object_component>
      <object_component id="oc-f8">
         <name>.debug_info</name>
         <load_address>0x1937</load_address>
         <run_address>0x1937</run_address>
         <size>0x48a</size>
         <input_file_ref idref="fl-4"/>
      </object_component>
      <object_component id="oc-1a4">
         <name>.debug_info</name>
         <load_address>0x1dc1</load_address>
         <run_address>0x1dc1</run_address>
         <size>0x110</size>
         <input_file_ref idref="fl-4"/>
      </object_component>
      <object_component id="oc-25b">
         <name>.debug_info</name>
         <load_address>0x1ed1</load_address>
         <run_address>0x1ed1</run_address>
         <size>0x99</size>
         <input_file_ref idref="fl-4"/>
      </object_component>
      <object_component id="oc-1cb">
         <name>.debug_info</name>
         <load_address>0x1f6a</load_address>
         <run_address>0x1f6a</run_address>
         <size>0x118</size>
         <input_file_ref idref="fl-5"/>
      </object_component>
      <object_component id="oc-139">
         <name>.debug_info</name>
         <load_address>0x2082</load_address>
         <run_address>0x2082</run_address>
         <size>0x202</size>
         <input_file_ref idref="fl-5"/>
      </object_component>
      <object_component id="oc-2d4">
         <name>.debug_info</name>
         <load_address>0x2284</load_address>
         <run_address>0x2284</run_address>
         <size>0x3c5</size>
         <input_file_ref idref="fl-6"/>
      </object_component>
      <object_component id="oc-2ab">
         <name>.debug_info</name>
         <load_address>0x2649</load_address>
         <run_address>0x2649</run_address>
         <size>0xf7</size>
         <input_file_ref idref="fl-6"/>
      </object_component>
      <object_component id="oc-2c2">
         <name>.debug_info</name>
         <load_address>0x2740</load_address>
         <run_address>0x2740</run_address>
         <size>0xf5</size>
         <input_file_ref idref="fl-6"/>
      </object_component>
      <object_component id="oc-2ca">
         <name>.debug_info</name>
         <load_address>0x2835</load_address>
         <run_address>0x2835</run_address>
         <size>0x115</size>
         <input_file_ref idref="fl-6"/>
      </object_component>
      <object_component id="oc-2c7">
         <name>.debug_info</name>
         <load_address>0x294a</load_address>
         <run_address>0x294a</run_address>
         <size>0x119</size>
         <input_file_ref idref="fl-6"/>
      </object_component>
      <object_component id="oc-2cd">
         <name>.debug_info</name>
         <load_address>0x2a63</load_address>
         <run_address>0x2a63</run_address>
         <size>0xf1</size>
         <input_file_ref idref="fl-6"/>
      </object_component>
      <object_component id="oc-2d0">
         <name>.debug_info</name>
         <load_address>0x2b54</load_address>
         <run_address>0x2b54</run_address>
         <size>0x107</size>
         <input_file_ref idref="fl-6"/>
      </object_component>
      <object_component id="oc-20d">
         <name>.debug_info</name>
         <load_address>0x2c5b</load_address>
         <run_address>0x2c5b</run_address>
         <size>0xcc9</size>
         <input_file_ref idref="fl-6"/>
      </object_component>
      <object_component id="oc-1f4">
         <name>.debug_info</name>
         <load_address>0x3924</load_address>
         <run_address>0x3924</run_address>
         <size>0x27d</size>
         <input_file_ref idref="fl-7"/>
      </object_component>
      <object_component id="oc-1e6">
         <name>.debug_info</name>
         <load_address>0x3ba1</load_address>
         <run_address>0x3ba1</run_address>
         <size>0xed</size>
         <input_file_ref idref="fl-7"/>
      </object_component>
      <object_component id="oc-1f1">
         <name>.debug_info</name>
         <load_address>0x3c8e</load_address>
         <run_address>0x3c8e</run_address>
         <size>0xeb</size>
         <input_file_ref idref="fl-7"/>
      </object_component>
      <object_component id="oc-1e9">
         <name>.debug_info</name>
         <load_address>0x3d79</load_address>
         <run_address>0x3d79</run_address>
         <size>0xf5</size>
         <input_file_ref idref="fl-7"/>
      </object_component>
      <object_component id="oc-1e3">
         <name>.debug_info</name>
         <load_address>0x3e6e</load_address>
         <run_address>0x3e6e</run_address>
         <size>0xf9</size>
         <input_file_ref idref="fl-7"/>
      </object_component>
      <object_component id="oc-13f">
         <name>.debug_info</name>
         <load_address>0x3f67</load_address>
         <run_address>0x3f67</run_address>
         <size>0x77e</size>
         <input_file_ref idref="fl-7"/>
      </object_component>
      <object_component id="oc-254">
         <name>.debug_info</name>
         <load_address>0x46e5</load_address>
         <run_address>0x46e5</run_address>
         <size>0x486</size>
         <input_file_ref idref="fl-9"/>
      </object_component>
      <object_component id="oc-2fb">
         <name>.debug_info</name>
         <load_address>0x4b6b</load_address>
         <run_address>0x4b6b</run_address>
         <size>0x39</size>
         <input_file_ref idref="fl-9"/>
      </object_component>
      <object_component id="oc-182">
         <name>.debug_info</name>
         <load_address>0x4ba4</load_address>
         <run_address>0x4ba4</run_address>
         <size>0x46</size>
         <input_file_ref idref="fl-9"/>
      </object_component>
      <object_component id="oc-300">
         <name>.debug_info</name>
         <load_address>0x4bea</load_address>
         <run_address>0x4bea</run_address>
         <size>0x62</size>
         <input_file_ref idref="fl-9"/>
      </object_component>
      <object_component id="oc-16e">
         <name>.debug_info</name>
         <load_address>0x4c4c</load_address>
         <run_address>0x4c4c</run_address>
         <size>0x134</size>
         <input_file_ref idref="fl-a"/>
      </object_component>
      <object_component id="oc-e3">
         <name>.debug_info</name>
         <load_address>0x4d80</load_address>
         <run_address>0x4d80</run_address>
         <size>0x4a3</size>
         <input_file_ref idref="fl-a"/>
      </object_component>
      <object_component id="oc-244">
         <name>.debug_info</name>
         <load_address>0x5223</load_address>
         <run_address>0x5223</run_address>
         <size>0x6a8</size>
         <input_file_ref idref="fl-b"/>
      </object_component>
      <object_component id="oc-170">
         <name>.debug_info</name>
         <load_address>0x58cb</load_address>
         <run_address>0x58cb</run_address>
         <size>0x26aa</size>
         <input_file_ref idref="fl-b"/>
      </object_component>
      <object_component id="oc-2f4">
         <name>.debug_info</name>
         <load_address>0x7f75</load_address>
         <run_address>0x7f75</run_address>
         <size>0x1a5</size>
         <input_file_ref idref="fl-b"/>
      </object_component>
      <object_component id="oc-247">
         <name>.debug_info</name>
         <load_address>0x811a</load_address>
         <run_address>0x811a</run_address>
         <size>0x46</size>
         <input_file_ref idref="fl-b"/>
      </object_component>
      <object_component id="oc-104">
         <name>.debug_info</name>
         <load_address>0x8160</load_address>
         <run_address>0x8160</run_address>
         <size>0x575</size>
         <input_file_ref idref="fl-c"/>
      </object_component>
      <object_component id="oc-93">
         <name>.debug_info</name>
         <load_address>0x86d5</load_address>
         <run_address>0x86d5</run_address>
         <size>0x2d2</size>
         <input_file_ref idref="fl-c"/>
      </object_component>
      <object_component id="oc-ef">
         <name>.debug_info</name>
         <load_address>0x89a7</load_address>
         <run_address>0x89a7</run_address>
         <size>0xfa</size>
         <input_file_ref idref="fl-c"/>
      </object_component>
      <object_component id="oc-fe">
         <name>.debug_info</name>
         <load_address>0x8aa1</load_address>
         <run_address>0x8aa1</run_address>
         <size>0xfa</size>
         <input_file_ref idref="fl-c"/>
      </object_component>
      <object_component id="oc-101">
         <name>.debug_info</name>
         <load_address>0x8b9b</load_address>
         <run_address>0x8b9b</run_address>
         <size>0xfa</size>
         <input_file_ref idref="fl-c"/>
      </object_component>
      <object_component id="oc-f5">
         <name>.debug_info</name>
         <load_address>0x8c95</load_address>
         <run_address>0x8c95</run_address>
         <size>0x13c</size>
         <input_file_ref idref="fl-c"/>
      </object_component>
      <object_component id="oc-f2">
         <name>.debug_info</name>
         <load_address>0x8dd1</load_address>
         <run_address>0x8dd1</run_address>
         <size>0xfa</size>
         <input_file_ref idref="fl-c"/>
      </object_component>
      <object_component id="oc-8d">
         <name>.debug_info</name>
         <load_address>0x8ecb</load_address>
         <run_address>0x8ecb</run_address>
         <size>0x3075</size>
         <input_file_ref idref="fl-c"/>
      </object_component>
      <object_component id="oc-10f">
         <name>.debug_info</name>
         <load_address>0xbf40</load_address>
         <run_address>0xbf40</run_address>
         <size>0x141</size>
         <input_file_ref idref="fl-c"/>
      </object_component>
      <object_component id="oc-187">
         <name>.debug_info</name>
         <load_address>0xc081</load_address>
         <run_address>0xc081</run_address>
         <size>0x66b</size>
         <input_file_ref idref="fl-d"/>
      </object_component>
      <object_component id="oc-17c">
         <name>.debug_info</name>
         <load_address>0xc6ec</load_address>
         <run_address>0xc6ec</run_address>
         <size>0xfb</size>
         <input_file_ref idref="fl-d"/>
      </object_component>
      <object_component id="oc-17f">
         <name>.debug_info</name>
         <load_address>0xc7e7</load_address>
         <run_address>0xc7e7</run_address>
         <size>0xfb</size>
         <input_file_ref idref="fl-d"/>
      </object_component>
      <object_component id="oc-179">
         <name>.debug_info</name>
         <load_address>0xc8e2</load_address>
         <run_address>0xc8e2</run_address>
         <size>0x133</size>
         <input_file_ref idref="fl-d"/>
      </object_component>
      <object_component id="oc-176">
         <name>.debug_info</name>
         <load_address>0xca15</load_address>
         <run_address>0xca15</run_address>
         <size>0xef</size>
         <input_file_ref idref="fl-d"/>
      </object_component>
      <object_component id="oc-e9">
         <name>.debug_info</name>
         <load_address>0xcb04</load_address>
         <run_address>0xcb04</run_address>
         <size>0x16de</size>
         <input_file_ref idref="fl-d"/>
      </object_component>
      <object_component id="oc-188">
         <name>.debug_info</name>
         <load_address>0xe1e2</load_address>
         <run_address>0xe1e2</run_address>
         <size>0x1ba</size>
         <input_file_ref idref="fl-d"/>
      </object_component>
      <object_component id="oc-9a">
         <name>.debug_info</name>
         <load_address>0xe39c</load_address>
         <run_address>0xe39c</run_address>
         <size>0x21d</size>
         <input_file_ref idref="fl-e"/>
      </object_component>
      <object_component id="oc-97">
         <name>.debug_info</name>
         <load_address>0xe5b9</load_address>
         <run_address>0xe5b9</run_address>
         <size>0x141</size>
         <input_file_ref idref="fl-e"/>
      </object_component>
      <object_component id="oc-3a">
         <name>.debug_info</name>
         <load_address>0xe6fa</load_address>
         <run_address>0xe6fa</run_address>
         <size>0x6f1</size>
         <input_file_ref idref="fl-e"/>
      </object_component>
      <object_component id="oc-35">
         <name>.debug_info</name>
         <load_address>0xedeb</load_address>
         <run_address>0xedeb</run_address>
         <size>0x160</size>
         <input_file_ref idref="fl-f"/>
      </object_component>
      <object_component id="oc-20b">
         <name>.debug_info</name>
         <load_address>0xef4b</load_address>
         <run_address>0xef4b</run_address>
         <size>0x283</size>
         <input_file_ref idref="fl-10"/>
      </object_component>
      <object_component id="oc-146">
         <name>.debug_info</name>
         <load_address>0xf1ce</load_address>
         <run_address>0xf1ce</run_address>
         <size>0x215</size>
         <input_file_ref idref="fl-10"/>
      </object_component>
      <object_component id="oc-23d">
         <name>.debug_info</name>
         <load_address>0xf3e3</load_address>
         <run_address>0xf3e3</run_address>
         <size>0x575</size>
         <input_file_ref idref="fl-11"/>
      </object_component>
      <object_component id="oc-23a">
         <name>.debug_info</name>
         <load_address>0xf958</load_address>
         <run_address>0xf958</run_address>
         <size>0x107</size>
         <input_file_ref idref="fl-11"/>
      </object_component>
      <object_component id="oc-237">
         <name>.debug_info</name>
         <load_address>0xfa5f</load_address>
         <run_address>0xfa5f</run_address>
         <size>0x104</size>
         <input_file_ref idref="fl-11"/>
      </object_component>
      <object_component id="oc-152">
         <name>.debug_info</name>
         <load_address>0xfb63</load_address>
         <run_address>0xfb63</run_address>
         <size>0x501</size>
         <input_file_ref idref="fl-11"/>
      </object_component>
      <object_component id="oc-2eb">
         <name>.debug_info</name>
         <load_address>0x10064</load_address>
         <run_address>0x10064</run_address>
         <size>0x51</size>
         <input_file_ref idref="fl-11"/>
      </object_component>
      <object_component id="oc-219">
         <name>.debug_info</name>
         <load_address>0x100b5</load_address>
         <run_address>0x100b5</run_address>
         <size>0x26c</size>
         <input_file_ref idref="fl-12"/>
      </object_component>
      <object_component id="oc-14c">
         <name>.debug_info</name>
         <load_address>0x10321</load_address>
         <run_address>0x10321</run_address>
         <size>0x286</size>
         <input_file_ref idref="fl-12"/>
      </object_component>
      <object_component id="oc-280">
         <name>.debug_info</name>
         <load_address>0x105a7</load_address>
         <run_address>0x105a7</run_address>
         <size>0x47d</size>
         <input_file_ref idref="fl-18"/>
      </object_component>
      <object_component id="oc-1d8">
         <name>.debug_info</name>
         <load_address>0x10a24</load_address>
         <run_address>0x10a24</run_address>
         <size>0x1b4</size>
         <input_file_ref idref="fl-18"/>
      </object_component>
      <object_component id="oc-27d">
         <name>.debug_info</name>
         <load_address>0x10bd8</load_address>
         <run_address>0x10bd8</run_address>
         <size>0x23d</size>
         <input_file_ref idref="fl-18"/>
      </object_component>
      <object_component id="oc-1d5">
         <name>.debug_info</name>
         <load_address>0x10e15</load_address>
         <run_address>0x10e15</run_address>
         <size>0x27b</size>
         <input_file_ref idref="fl-18"/>
      </object_component>
      <object_component id="oc-1dd">
         <name>.debug_info</name>
         <load_address>0x11090</load_address>
         <run_address>0x11090</run_address>
         <size>0x268</size>
         <input_file_ref idref="fl-18"/>
      </object_component>
      <object_component id="oc-1e1">
         <name>.debug_info</name>
         <load_address>0x112f8</load_address>
         <run_address>0x112f8</run_address>
         <size>0x242</size>
         <input_file_ref idref="fl-18"/>
      </object_component>
      <object_component id="oc-1ba">
         <name>.debug_info</name>
         <load_address>0x1153a</load_address>
         <run_address>0x1153a</run_address>
         <size>0x84</size>
         <input_file_ref idref="fl-18"/>
      </object_component>
      <object_component id="oc-26a">
         <name>.debug_info</name>
         <load_address>0x115be</load_address>
         <run_address>0x115be</run_address>
         <size>0x2c</size>
         <input_file_ref idref="fl-18"/>
      </object_component>
      <object_component id="oc-1be">
         <name>.debug_info</name>
         <load_address>0x115ea</load_address>
         <run_address>0x115ea</run_address>
         <size>0x4cc</size>
         <input_file_ref idref="fl-19"/>
      </object_component>
      <object_component id="oc-271">
         <name>.debug_info</name>
         <load_address>0x11ab6</load_address>
         <run_address>0x11ab6</run_address>
         <size>0x1b8</size>
         <input_file_ref idref="fl-19"/>
      </object_component>
      <object_component id="oc-1c0">
         <name>.debug_info</name>
         <load_address>0x11c6e</load_address>
         <run_address>0x11c6e</run_address>
         <size>0x10e</size>
         <input_file_ref idref="fl-19"/>
      </object_component>
      <object_component id="oc-1d1">
         <name>.debug_info</name>
         <load_address>0x11d7c</load_address>
         <run_address>0x11d7c</run_address>
         <size>0x1f0</size>
         <input_file_ref idref="fl-19"/>
      </object_component>
      <object_component id="oc-1c5">
         <name>.debug_info</name>
         <load_address>0x11f6c</load_address>
         <run_address>0x11f6c</run_address>
         <size>0x1ea</size>
         <input_file_ref idref="fl-19"/>
      </object_component>
      <object_component id="oc-133">
         <name>.debug_info</name>
         <load_address>0x12156</load_address>
         <run_address>0x12156</run_address>
         <size>0x2e4</size>
         <input_file_ref idref="fl-19"/>
      </object_component>
      <object_component id="oc-137">
         <name>.debug_info</name>
         <load_address>0x1243a</load_address>
         <run_address>0x1243a</run_address>
         <size>0x1ea</size>
         <input_file_ref idref="fl-19"/>
      </object_component>
      <object_component id="oc-30f">
         <name>.debug_info</name>
         <load_address>0x12624</load_address>
         <run_address>0x12624</run_address>
         <size>0x477</size>
         <input_file_ref idref="fl-1a"/>
      </object_component>
      <object_component id="oc-2bc">
         <name>.debug_info</name>
         <load_address>0x12a9b</load_address>
         <run_address>0x12a9b</run_address>
         <size>0x1af</size>
         <input_file_ref idref="fl-1a"/>
      </object_component>
      <object_component id="oc-2b0">
         <name>.debug_info</name>
         <load_address>0x12c4a</load_address>
         <run_address>0x12c4a</run_address>
         <size>0x1b1</size>
         <input_file_ref idref="fl-1a"/>
      </object_component>
      <object_component id="oc-2a9">
         <name>.debug_info</name>
         <load_address>0x12dfb</load_address>
         <run_address>0x12dfb</run_address>
         <size>0x261</size>
         <input_file_ref idref="fl-1a"/>
      </object_component>
      <object_component id="oc-2c0">
         <name>.debug_info</name>
         <load_address>0x1305c</load_address>
         <run_address>0x1305c</run_address>
         <size>0x1f9</size>
         <input_file_ref idref="fl-1a"/>
      </object_component>
      <object_component id="oc-2b4">
         <name>.debug_info</name>
         <load_address>0x13255</load_address>
         <run_address>0x13255</run_address>
         <size>0x396</size>
         <input_file_ref idref="fl-1a"/>
      </object_component>
      <object_component id="oc-2a4">
         <name>.debug_info</name>
         <load_address>0x135eb</load_address>
         <run_address>0x135eb</run_address>
         <size>0x1af</size>
         <input_file_ref idref="fl-1a"/>
      </object_component>
      <object_component id="oc-29d">
         <name>.debug_info</name>
         <load_address>0x1379a</load_address>
         <run_address>0x1379a</run_address>
         <size>0x471</size>
         <input_file_ref idref="fl-1c"/>
      </object_component>
      <object_component id="oc-207">
         <name>.debug_info</name>
         <load_address>0x13c0b</load_address>
         <run_address>0x13c0b</run_address>
         <size>0x208</size>
         <input_file_ref idref="fl-1c"/>
      </object_component>
      <object_component id="oc-274">
         <name>.debug_info</name>
         <load_address>0x13e13</load_address>
         <run_address>0x13e13</run_address>
         <size>0x214</size>
         <input_file_ref idref="fl-1c"/>
      </object_component>
      <object_component id="oc-1ff">
         <name>.debug_info</name>
         <load_address>0x14027</load_address>
         <run_address>0x14027</run_address>
         <size>0x25a</size>
         <input_file_ref idref="fl-1c"/>
      </object_component>
      <object_component id="oc-1c7">
         <name>.debug_info</name>
         <load_address>0x14281</load_address>
         <run_address>0x14281</run_address>
         <size>0x1ea</size>
         <input_file_ref idref="fl-1c"/>
      </object_component>
      <object_component id="oc-2b6">
         <name>.debug_info</name>
         <load_address>0x1446b</load_address>
         <run_address>0x1446b</run_address>
         <size>0x1e8</size>
         <input_file_ref idref="fl-1c"/>
      </object_component>
      <object_component id="oc-1fb">
         <name>.debug_info</name>
         <load_address>0x14653</load_address>
         <run_address>0x14653</run_address>
         <size>0x1f6</size>
         <input_file_ref idref="fl-1c"/>
      </object_component>
      <object_component id="oc-227">
         <name>.debug_info</name>
         <load_address>0x14849</load_address>
         <run_address>0x14849</run_address>
         <size>0x1f4</size>
         <input_file_ref idref="fl-1c"/>
      </object_component>
      <object_component id="oc-203">
         <name>.debug_info</name>
         <load_address>0x14a3d</load_address>
         <run_address>0x14a3d</run_address>
         <size>0x1e4</size>
         <input_file_ref idref="fl-1c"/>
      </object_component>
      <object_component id="oc-2e0">
         <name>.debug_info</name>
         <load_address>0x14c21</load_address>
         <run_address>0x14c21</run_address>
         <size>0x466</size>
         <input_file_ref idref="fl-1e"/>
      </object_component>
      <object_component id="oc-21f">
         <name>.debug_info</name>
         <load_address>0x15087</load_address>
         <run_address>0x15087</run_address>
         <size>0x2ae</size>
         <input_file_ref idref="fl-1e"/>
      </object_component>
      <object_component id="oc-223">
         <name>.debug_info</name>
         <load_address>0x15335</load_address>
         <run_address>0x15335</run_address>
         <size>0x205</size>
         <input_file_ref idref="fl-1e"/>
      </object_component>
      <object_component id="oc-233">
         <name>.debug_info</name>
         <load_address>0x1553a</load_address>
         <run_address>0x1553a</run_address>
         <size>0x2f1</size>
         <input_file_ref idref="fl-1e"/>
      </object_component>
      <object_component id="oc-21b">
         <name>.debug_info</name>
         <load_address>0x1582b</load_address>
         <run_address>0x1582b</run_address>
         <size>0x27b</size>
         <input_file_ref idref="fl-1e"/>
      </object_component>
      <object_component id="oc-22b">
         <name>.debug_info</name>
         <load_address>0x15aa6</load_address>
         <run_address>0x15aa6</run_address>
         <size>0x209</size>
         <input_file_ref idref="fl-1e"/>
      </object_component>
      <object_component id="oc-22f">
         <name>.debug_info</name>
         <load_address>0x15caf</load_address>
         <run_address>0x15caf</run_address>
         <size>0x240</size>
         <input_file_ref idref="fl-1e"/>
      </object_component>
      <object_component id="oc-27">
         <name>.debug_info</name>
         <load_address>0x15eef</load_address>
         <run_address>0x15eef</run_address>
         <size>0x17c</size>
         <input_file_ref idref="fl-d4"/>
      </object_component>
      <object_component id="oc-4d">
         <name>.debug_info</name>
         <load_address>0x1606b</load_address>
         <run_address>0x1606b</run_address>
         <size>0x15c</size>
         <input_file_ref idref="fl-d5"/>
      </object_component>
      <object_component id="oc-16">
         <name>.debug_info</name>
         <load_address>0x161c7</load_address>
         <run_address>0x161c7</run_address>
         <size>0x1fb</size>
         <input_file_ref idref="fl-d5"/>
      </object_component>
      <object_component id="oc-48">
         <name>.debug_info</name>
         <load_address>0x163c2</load_address>
         <run_address>0x163c2</run_address>
         <size>0x46</size>
         <input_file_ref idref="fl-d5"/>
      </object_component>
      <object_component id="oc-ad">
         <name>.debug_info</name>
         <load_address>0x16408</load_address>
         <run_address>0x16408</run_address>
         <size>0x2c</size>
         <input_file_ref idref="fl-d5"/>
      </object_component>
      <object_component id="oc-55">
         <name>.debug_info</name>
         <load_address>0x16434</load_address>
         <run_address>0x16434</run_address>
         <size>0x150</size>
[...]
         <value>0x17e1</value>
         <object_component_ref idref="oc-8c"/>
      </symbol>
      <symbol id="sm-42b">
         <name>xTaskRemoveFromEventList</name>
         <value>0x1875</value>
         <object_component_ref idref="oc-8c"/>
      </symbol>
      <symbol id="sm-4ad">
         <name>xTimerCreateTimerTask</name>
         <value>0x3225</value>
         <object_component_ref idref="oc-e8"/>
      </symbol>
      <symbol id="sm-4ae">
         <name>pcTimerGetTimerName</name>
         <value>0x3321</value>
         <object_component_ref idref="oc-e8"/>
      </symbol>
      <symbol id="sm-4af">
         <name>xTimerIsTimerActive</name>
         <value>0x36d1</value>
         <object_component_ref idref="oc-e8"/>
      </symbol>
      <symbol id="sm-4b0">
         <name>xTimerCreate</name>
         <value>0x325f</value>
         <object_component_ref idref="oc-e8"/>
      </symbol>
      <symbol id="sm-4b1">
         <name>xTimerGenericCommand</name>
         <value>0x32b3</value>
         <object_component_ref idref="oc-e8"/>
      </symbol>
      <symbol id="sm-4b2">
         <name>pvTimerGetTimerID</name>
         <value>0x36fd</value>
         <object_component_ref idref="oc-e8"/>
      </symbol>
      <symbol id="sm-4b3">
         <name>vTimerSetTimerID</name>
         <value>0x3717</value>
         <object_component_ref idref="oc-e8"/>
      </symbol>
      <symbol id="sm-4d8">
         <name>vPortSetupTimerInterrupt</name>
         <value>0x4f91</value>
         <object_component_ref idref="oc-39"/>
      </symbol>
      <symbol id="sm-4d9">
         <name>vPortEndScheduler</name>
         <value>0x4f39</value>
         <object_component_ref idref="oc-39"/>
      </symbol>
      <symbol id="sm-4da">
         <name>xPortSysTickCount</name>
         <value>0x2000cdd8</value>
         <object_component_ref idref="oc-96"/>
      </symbol>
      <symbol id="sm-4db">
         <name>xPortSysTickHandler</name>
         <value>0x4f6d</value>
         <object_component_ref idref="oc-39"/>
      </symbol>
      <symbol id="sm-4dc">
         <name>vPortYieldFromISR</name>
         <value>0x4f3b</value>
         <object_component_ref idref="oc-39"/>
      </symbol>
      <symbol id="sm-4dd">
         <name>pxPortInitialiseStack</name>
         <value>0x4ec9</value>
         <object_component_ref idref="oc-39"/>
      </symbol>
      <symbol id="sm-4de">
         <name>vPortExitCritical</name>
         <value>0x4f55</value>
         <object_component_ref idref="oc-39"/>
      </symbol>
      <symbol id="sm-4df">
         <name>xPortStartScheduler</name>
         <value>0x4f11</value>
         <object_component_ref idref="oc-39"/>
      </symbol>
      <symbol id="sm-4e0">
         <name>vPortEnterCritical</name>
         <value>0x4f45</value>
         <object_component_ref idref="oc-39"/>
      </symbol>
      <symbol id="sm-4ee">
         <name>vPortStartFirstTask</name>
         <value>0x5367</value>
         <object_component_ref idref="oc-34"/>
      </symbol>
      <symbol id="sm-4ef">
         <name>xPortPendSVHandler</name>
         <value>0x52f9</value>
         <object_component_ref idref="oc-34"/>
      </symbol>
      <symbol id="sm-4f0">
         <name>vPortClearInterruptMask</name>
         <value>0x5343</value>
         <object_component_ref idref="oc-34"/>
      </symbol>
      <symbol id="sm-4f1">
         <name>ulPortSetInterruptMask</name>
         <value>0x5335</value>
         <object_component_ref idref="oc-34"/>
      </symbol>
      <symbol id="sm-4f2">
         <name>vPortSVCHandler</name>
         <value>0x5349</value>
         <object_component_ref idref="oc-34"/>
      </symbol>
      <symbol id="sm-503">
         <name>Task_Blinky</name>
         <value>0x5781</value>
         <object_component_ref idref="oc-145"/>
      </symbol>
      <symbol id="sm-53d">
         <name>Task_DisplayADCReadingsPutty</name>
         <value>0x40e5</value>
         <object_component_ref idref="oc-151"/>
      </symbol>
      <symbol id="sm-53e">
         <name>currentState</name>
         <value>0x2000cde9</value>
         <object_component_ref idref="oc-239"/>
      </symbol>
      <symbol id="sm-551">
         <name>Task_ReportSysTick</name>
         <value>0x55b5</value>
         <object_component_ref idref="oc-14b"/>
      </symbol>
      <symbol id="sm-589">
         <name>UARTConfigSetExpClk</name>
         <value>0x594d</value>
         <object_component_ref idref="oc-1d2"/>
      </symbol>
      <symbol id="sm-58a">
         <name>UARTDisable</name>
         <value>0x5b21</value>
         <object_component_ref idref="oc-27b"/>
      </symbol>
      <symbol id="sm-58b">
         <name>UARTCharPut</name>
         <value>0x5c83</value>
         <object_component_ref idref="oc-1da"/>
      </symbol>
      <symbol id="sm-58c">
         <name>UARTEnable</name>
         <value>0x5b9d</value>
         <object_component_ref idref="oc-1d6"/>
      </symbol>
      <symbol id="sm-58d">
         <name>UARTCharGet</name>
         <value>0x5c79</value>
         <object_component_ref idref="oc-1de"/>
      </symbol>
      <symbol id="sm-60e">
         <name>SysCtlPeripheralPresent</name>
         <value>0x53f5</value>
         <object_component_ref idref="oc-1ce"/>
      </symbol>
      <symbol id="sm-60f">
         <name>SysCtlClockSet</name>
         <value>0x4a29</value>
         <object_component_ref idref="oc-130"/>
      </symbol>
      <symbol id="sm-610">
         <name>SysCtlDelay</name>
         <value>0x5ca9</value>
         <object_component_ref idref="oc-1b8"/>
      </symbol>
      <symbol id="sm-611">
         <name>SysCtlPeripheralEnable</name>
         <value>0x56d1</value>
         <object_component_ref idref="oc-1c2"/>
      </symbol>
      <symbol id="sm-612">
         <name>SysCtlClockGet</name>
         <value>0x4891</value>
         <object_component_ref idref="oc-134"/>
      </symbol>
      <symbol id="sm-646">
         <name>SSIDataPut</name>
         <value>0x5c5b</value>
         <object_component_ref idref="oc-2a6"/>
      </symbol>
      <symbol id="sm-647">
         <name>SSIDataGetNonBlocking</name>
         <value>0x5c21</value>
         <object_component_ref idref="oc-2bd"/>
      </symbol>
      <symbol id="sm-648">
         <name>SSIConfigSetExpClk</name>
         <value>0x5909</value>
         <object_component_ref idref="oc-2b1"/>
      </symbol>
      <symbol id="sm-649">
         <name>SSIEnable</name>
         <value>0x5c6f</value>
         <object_component_ref idref="oc-2b9"/>
      </symbol>
      <symbol id="sm-64a">
         <name>SSIBusy</name>
         <value>0x5c8d</value>
         <object_component_ref idref="oc-2a2"/>
      </symbol>
      <symbol id="sm-64b">
         <name>SSIDisable</name>
         <value>0x5c65</value>
         <object_component_ref idref="oc-2ad"/>
      </symbol>
      <symbol id="sm-697">
         <name>GPIOPinTypeGPIOInput</name>
         <value>0x5bd9</value>
         <object_component_ref idref="oc-226"/>
      </symbol>
      <symbol id="sm-698">
         <name>GPIOPinTypeUART</name>
         <value>0x5c0f</value>
         <object_component_ref idref="oc-1c6"/>
      </symbol>
      <symbol id="sm-699">
         <name>GPIOPinTypeGPIOOutput</name>
         <value>0x5beb</value>
         <object_component_ref idref="oc-1fa"/>
      </symbol>
      <symbol id="sm-69a">
         <name>GPIOPinRead</name>
         <value>0x5c9d</value>
         <object_component_ref idref="oc-202"/>
      </symbol>
      <symbol id="sm-69b">
         <name>GPIODirModeSet</name>
         <value>0x5a7b</value>
         <object_component_ref idref="oc-273"/>
      </symbol>
      <symbol id="sm-69c">
         <name>GPIOPinWrite</name>
         <value>0x5ca3</value>
         <object_component_ref idref="oc-206"/>
      </symbol>
      <symbol id="sm-69d">
         <name>GPIOPadConfigSet</name>
         <value>0x5089</value>
         <object_component_ref idref="oc-1fe"/>
      </symbol>
      <symbol id="sm-69e">
         <name>GPIOPinTypeSSI</name>
         <value>0x5bfd</value>
         <object_component_ref idref="oc-2b5"/>
      </symbol>
      <symbol id="sm-6d5">
         <name>ADCProcessorTrigger</name>
         <value>0x5b71</value>
         <object_component_ref idref="oc-22a"/>
      </symbol>
      <symbol id="sm-6d6">
         <name>ADCSequenceEnable</name>
         <value>0x5c33</value>
         <object_component_ref idref="oc-222"/>
      </symbol>
      <symbol id="sm-6d7">
         <name>ADCSequenceConfigure</name>
         <value>0x5ad7</value>
         <object_component_ref idref="oc-21a"/>
      </symbol>
      <symbol id="sm-6d8">
         <name>ADCSequenceStepConfigure</name>
         <value>0x54dd</value>
         <object_component_ref idref="oc-21e"/>
      </symbol>
      <symbol id="sm-6d9">
         <name>ADCIntStatus</name>
         <value>0x5a4d</value>
         <object_component_ref idref="oc-22e"/>
      </symbol>
      <symbol id="sm-6da">
         <name>ADCSequenceDataGet</name>
         <value>0x5b01</value>
         <object_component_ref idref="oc-232"/>
      </symbol>
      <symbol id="sm-6ea">
         <name>_c_int00</name>
         <value>0x5991</value>
         <object_component_ref idref="oc-24"/>
      </symbol>
      <symbol id="sm-6eb">
         <name>__stack</name>
         <value>0x2000c58c</value>
         <object_component_ref idref="oc-2a"/>
      </symbol>
      <symbol id="sm-702">
         <name>__TI_decompress_none</name>
         <value>0x5c41</value>
         <object_component_ref idref="oc-12"/>
      </symbol>
      <symbol id="sm-72a">
         <name>__TI_decompress_rle24</name>
         <value>0x5caf</value>
         <object_component_ref idref="oc-18"/>
      </symbol>
      <symbol id="sm-74c">
         <name>C$$EXIT</name>
         <value>0x57d5</value>
         <object_component_ref idref="oc-7f"/>
      </symbol>
      <symbol id="sm-74d">
         <name>abort</name>
         <value>0x57d9</value>
         <object_component_ref idref="oc-7f"/>
      </symbol>
      <symbol id="sm-74e">
         <name>exit</name>
         <value>0x57e1</value>
         <object_component_ref idref="oc-7f"/>
      </symbol>
      <symbol id="sm-74f">
         <name>__TI_dtors_ptr</name>
         <value>0x2000cdbc</value>
         <object_component_ref idref="oc-d7"/>
      </symbol>
      <symbol id="sm-750">
         <name>__TI_cleanup_ptr</name>
         <value>0x2000cdb8</value>
         <object_component_ref idref="oc-d7"/>
      </symbol>
      <symbol id="sm-751">
         <name>__TI_enable_exit_profile_output</name>
         <value>0x2000cdc0</value>
         <object_component_ref idref="oc-d7"/>
      </symbol>
      <symbol id="sm-76c">
         <name>memcpy</name>
         <value>0x5151</value>
         <object_component_ref idref="oc-42"/>
      </symbol>
      <symbol id="sm-76d">
         <name>__aeabi_memcpy</name>
         <value>0x5151</value>
         <object_component_ref idref="oc-42"/>
      </symbol>
      <symbol id="sm-76e">
         <name>__aeabi_memcpy8</name>
         <value>0x5151</value>
         <object_component_ref idref="oc-42"/>
      </symbol>
      <symbol id="sm-76f">
         <name>__aeabi_memcpy4</name>
         <value>0x5151</value>
         <object_component_ref idref="oc-42"/>
      </symbol>
      <symbol id="sm-77e">
         <name>__aeabi_memset</name>
         <value>0x537b</value>
         <object_component_ref idref="oc-5b"/>
      </symbol>
      <symbol id="sm-77f">
         <name>memset</name>
         <value>0x5381</value>
         <object_component_ref idref="oc-5b"/>
      </symbol>
      <symbol id="sm-780">
         <name>__aeabi_memset8</name>
         <value>0x537b</value>
         <object_component_ref idref="oc-5b"/>
      </symbol>
      <symbol id="sm-781">
         <name>__aeabi_memset4</name>
         <value>0x537b</value>
         <object_component_ref idref="oc-5b"/>
      </symbol>
      <symbol id="sm-782">
         <name>__aeabi_memclr8</name>
         <value>0x5379</value>
         <object_component_ref idref="oc-5b"/>
      </symbol>
      <symbol id="sm-783">
         <name>__aeabi_memclr4</name>
         <value>0x5379</value>
         <object_component_ref idref="oc-5b"/>
      </symbol>
      <symbol id="sm-784">
         <name>__aeabi_memclr</name>
         <value>0x5379</value>
         <object_component_ref idref="oc-5b"/>
      </symbol>
      <symbol id="sm-78e">
         <name>__mpu_init</name>
         <value>0x488f</value>
         <object_component_ref idref="oc-67"/>
      </symbol>
      <symbol id="sm-798">
         <name>_system_pre_init</name>
         <value>0x5cb5</value>
         <object_component_ref idref="oc-6d"/>
      </symbol>
      <symbol id="sm-7b1">
         <name>sprintf</name>
         <value>0x5615</value>
         <object_component_ref idref="oc-212"/>
      </symbol>
      <symbol id="sm-7b9">
         <name>main_func_sp</name>
         <value>0x2000cdf4</value>
         <object_component_ref idref="oc-85"/>
      </symbol>
      <symbol id="sm-7c8">
         <name>__aeabi_uidivmod</name>
         <value>0x59d1</value>
         <object_component_ref idref="oc-1eb"/>
      </symbol>
      <symbol id="sm-7c9">
         <name>__aeabi_uidiv</name>
         <value>0x59d1</value>
         <object_component_ref idref="oc-1eb"/>
      </symbol>
      <symbol id="sm-7e2">
         <name>_nop</name>
         <value>0x5bbf</value>
         <object_component_ref idref="oc-161"/>
      </symbol>
      <symbol id="sm-7e3">
         <name>_lock</name>
         <value>0x2000cdc4</value>
         <object_component_ref idref="oc-da"/>
      </symbol>
      <symbol id="sm-7e4">
         <name>_unlock</name>
         <value>0x2000cdc8</value>
         <object_component_ref idref="oc-da"/>
      </symbol>
      <symbol id="sm-7e5">
         <name>_register_lock</name>
         <value>0x5bb7</value>
         <object_component_ref idref="oc-161"/>
      </symbol>
      <symbol id="sm-7e6">
         <name>_register_unlock</name>
         <value>0x5bb1</value>
         <object_component_ref idref="oc-161"/>
      </symbol>
      <symbol id="sm-8ed">
         <name>__TI_printfi</name>
         <value>0xfeb</value>
         <object_component_ref idref="oc-2d5"/>
      </symbol>
      <symbol id="sm-901">
         <name>_args_main</name>
         <value>0x5b59</value>
         <object_component_ref idref="oc-79"/>
      </symbol>
      <symbol id="sm-917">
         <name>atoi</name>
         <value>0x5829</value>
         <object_component_ref idref="oc-370"/>
      </symbol>
      <symbol id="sm-93c">
         <name>__TI_auto_init</name>
         <value>0x546d</value>
         <object_component_ref idref="oc-73"/>
      </symbol>
      <symbol id="sm-956">
         <name>copy_in</name>
         <value>0x5875</value>
         <object_component_ref idref="oc-c1"/>
      </symbol>
      <symbol id="sm-961">
         <name>_ctypes_</name>
         <value>0x5e98</value>
         <object_component_ref idref="oc-3af"/>
      </symbol>
      <symbol id="sm-978">
         <name>__aeabi_dsub</name>
         <value>0x46d9</value>
         <object_component_ref idref="oc-353"/>
      </symbol>
      <symbol id="sm-979">
         <name>__aeabi_dadd</name>
         <value>0x46e3</value>
         <object_component_ref idref="oc-353"/>
      </symbol>
      <symbol id="sm-99b">
         <name>__aeabi_cdcmpeq</name>
         <value>0x51ed</value>
         <object_component_ref idref="oc-32f"/>
      </symbol>
      <symbol id="sm-99c">
         <name>__aeabi_cdcmple</name>
         <value>0x51ed</value>
         <object_component_ref idref="oc-32f"/>
      </symbol>
      <symbol id="sm-99d">
         <name>__aeabi_cdrcmple</name>
         <value>0x5273</value>
         <object_component_ref idref="oc-33e"/>
      </symbol>
      <symbol id="sm-9b1">
         <name>__aeabi_ddiv</name>
         <value>0x4b6d</value>
         <object_component_ref idref="oc-339"/>
      </symbol>
      <symbol id="sm-9bc">
         <name>__aeabi_dmul</name>
         <value>0x4dcd</value>
         <object_component_ref idref="oc-334"/>
      </symbol>
      <symbol id="sm-9c6">
         <name>__aeabi_d2iz</name>
         <value>0x58c1</value>
         <object_component_ref idref="oc-343"/>
      </symbol>
      <symbol id="sm-9d0">
         <name>__aeabi_idiv0</name>
         <value>0x3223</value>
         <object_component_ref idref="oc-28a"/>
      </symbol>
      <symbol id="sm-9da">
         <name>__aeabi_i2d</name>
         <value>0x5aa9</value>
         <object_component_ref idref="oc-34e"/>
      </symbol>
      <symbol id="sm-9e9">
         <name>ltoa</name>
         <value>0x5729</value>
         <object_component_ref idref="oc-348"/>
      </symbol>
      <symbol id="sm-9f9">
         <name>memccpy</name>
         <value>0x5b3d</value>
         <object_component_ref idref="oc-36a"/>
      </symbol>
      <symbol id="sm-a12">
         <name>frexpl</name>
         <value>0x5675</value>
         <object_component_ref idref="oc-358"/>
      </symbol>
      <symbol id="sm-a13">
         <name>frexp</name>
         <value>0x5675</value>
         <object_component_ref idref="oc-358"/>
      </symbol>
      <symbol id="sm-a31">
         <name>scalbn</name>
         <value>0x4fb9</value>
         <object_component_ref idref="oc-35e"/>
      </symbol>
      <symbol id="sm-a32">
         <name>scalbnl</name>
         <value>0x4fb9</value>
         <object_component_ref idref="oc-35e"/>
      </symbol>
      <symbol id="sm-a33">
         <name>ldexpl</name>
         <value>0x4fb9</value>
         <object_component_ref idref="oc-35e"/>
      </symbol>
      <symbol id="sm-a34">
         <name>ldexp</name>
         <value>0x4fb9</value>
         <object_component_ref idref="oc-35e"/>
      </symbol>
      <symbol id="sm-a3e">
         <name>_system_post_cinit</name>
         <value>0x53f3</value>
         <object_component_ref idref="oc-c7"/>
      </symbol>
      <symbol id="sm-a4e">
         <name>strchr</name>
         <value>0x5b87</value>
         <object_component_ref idref="oc-364"/>
      </symbol>
      <symbol id="sm-a5c">
         <name>strlen</name>
         <value>0x5bc5</value>
         <object_component_ref idref="oc-329"/>
      </symbol>
      <symbol id="sm-a78">
         <name>__aeabi_uldivmod</name>
         <value>0x432d</value>
         <object_component_ref idref="oc-324"/>
      </symbol>
      <symbol id="sm-a80">
         <name>errno</name>
         <value>0x2000cdf0</value>
         <object_component_ref idref="oc-3a6"/>
      </symbol>
      <symbol id="sm-a8a">
         <name>copysign</name>
         <value>0x5c95</value>
         <object_component_ref idref="oc-3a0"/>
      </symbol>
      <symbol id="sm-a8b">
         <name>copysignl</name>
         <value>0x5c95</value>
         <object_component_ref idref="oc-3a0"/>
      </symbol>
      <symbol id="sm-a8c">
         <name>__TI_static_base__</name>
         <value>0x0</value>
      </symbol>
      <symbol id="sm-a8f">
         <name>SHT$$INIT_ARRAY$$Limit</name>
         <value>0x0</value>
      </symbol>
      <symbol id="sm-a90">
         <name>SHT$$INIT_ARRAY$$Base</name>
         <value>0x0</value>
      </symbol>
   </symbol_table>
   <title>Link successful</title>
</link_info>
