******************************************************************************
                  TI ARM Linker PC v15.12.1                    
******************************************************************************
>> Linked Tue Sep 13 14:05:55 2016

OUTPUT FILE NAME:   <Program_Blinky.out>
ENTRY POINT SYMBOL: "_c_int00"  address: 000018c5


MEMORY CONFIGURATION

         name            origin    length      used     unused   attr    fill
----------------------  --------  ---------  --------  --------  ----  --------
  FLASH                 00000000   00040000  00001e8d  0003e173  R  X
  SRAM                  20000000   00010000  00000850  0000f7b0  RW X


SEGMENT ALLOCATION MAP

run origin  load origin   length   init length attrs members
----------  ----------- ---------- ----------- ----- -------
00000000    00000000    00001e94   00001e94    r-x
  00000000    00000000    000000f0   000000f0    r-- .intvecs
  000000f0    000000f0    00001968   00001968    r-x .text
  00001a58    00001a58    000003e9   000003e9    r-- .const
  00001e48    00001e48    0000004c   0000004c    r-- .cinit
20000000    20000000    00000850   00000000    rw-
  20000000    20000000    00000800   00000000    rw- .stack
  20000800    20000800    00000038   00000000    rw- .data
  20000838    20000838    00000018   00000000    rw- .bss


SECTION ALLOCATION MAP

 output                                  attributes/
section   page    origin      length       input sections
--------  ----  ----------  ----------   ----------------
.intvecs   0    00000000    000000f0     
                  00000000    000000f0     Program_Blinky_startup_ccs.obj (.intvecs)

.text      0    000000f0    00001968     
                  000000f0    00000764     rtsv7M3_T_le_eabi.lib : _printfi_nf.obj (.text)
                  00000854    00000510     rit128x96x4.obj (.text)
                  00000d64    000001f4     rtsv7M3_T_le_eabi.lib : ull_div_t2.obj (.text)
                  00000f58    00000198     driverlib-cm3.lib : sysctl.obj (.text:SysCtlClockGet)
                  000010f0    00000144                       : sysctl.obj (.text:SysCtlClockSet)
                  00001234    000000c8                       : gpio.obj (.text:GPIOPadConfigSet)
                  000012fc    000000c0     Task_ReportSysTick.obj (.text)
                  000013bc    000000a8     Task_LEDBlink.obj (.text)
                  00001464    0000009c     rtsv7M3_T_le_eabi.lib : memcpy_t2.obj (.text)
                  00001500    00000084     Program_Blinky.obj (.text)
                  00001584    0000007a     rtsv7M3_T_le_eabi.lib : memset_t2.obj (.text)
                  000015fe    00000002                           : mpu_init.obj (.text)
                  00001600    00000070                           : autoinit.obj (.text)
                  00001670    0000006a                           : copy_decompress_rle.obj (.text)
                  000016da    00000002                           : startup.obj (.text)
                  000016dc    00000060                           : sprintf.obj (.text)
                  0000173c    00000058     driverlib-cm3.lib : sysctl.obj (.text:SysCtlPeripheralEnable)
                  00001794    00000054     rtsv7M3_T_le_eabi.lib : exit.obj (.text)
                  000017e8    0000004c                           : atoi.obj (.text)
                  00001834    0000004c                           : cpy_tbl.obj (.text)
                  00001880    00000044     driverlib-cm3.lib : ssi.obj (.text:SSIConfigSetExpClk)
                  000018c4    00000040     rtsv7M3_T_le_eabi.lib : boot.obj (.text)
                  00001904    0000002e     driverlib-cm3.lib : gpio.obj (.text:GPIODirModeSet)
                  00001932    0000001a     rtsv7M3_T_le_eabi.lib : memccpy.obj (.text)
                  0000194c    00000018                           : args_main.obj (.text)
                  00001964    00000014     driverlib-cm3.lib : systick.obj (.text:SysTickEnable)
                  00001978    00000014                       : systick.obj (.text:SysTickIntEnable)
                  0000198c    00000014     rtsv7M3_T_le_eabi.lib : _lock.obj (.text)
                  000019a0    00000014                           : strlen.obj (.text)
                  000019b4    00000012     driverlib-cm3.lib : gpio.obj (.text:GPIOPinTypeGPIOOutput)
                  000019c6    00000012                       : gpio.obj (.text:GPIOPinTypeSSI)
                  000019d8    00000012                       : ssi.obj (.text:SSIDataGetNonBlocking)
                  000019ea    00000002     --HOLE-- [fill = 0]
                  000019ec    00000010                       : systick.obj (.text:SysTickPeriodSet)
                  000019fc    0000000e     rtsv7M3_T_le_eabi.lib : copy_decompress_none.obj (.text:decompress:none)
                  00001a0a    0000000c     Program_Blinky_startup_ccs.obj (.text)
                  00001a16    0000000a     driverlib-cm3.lib : ssi.obj (.text:SSIDataPut)
                  00001a20    0000000a                       : ssi.obj (.text:SSIDisable)
                  00001a2a    0000000a                       : ssi.obj (.text:SSIEnable)
                  00001a34    00000008                       : ssi.obj (.text:SSIBusy)
                  00001a3c    00000006                       : gpio.obj (.text:GPIOPinRead)
                  00001a42    00000006                       : gpio.obj (.text:GPIOPinWrite)
                  00001a48    00000006                       : sysctl.obj (.text:SysCtlDelay)
                  00001a4e    00000006     rtsv7M3_T_le_eabi.lib : copy_decompress_rle.obj (.text:decompress:rle24)
                  00001a54    00000004                           : pre_init.obj (.text)

.const     0    00001a58    000003e9     
                  00001a58    000001e0     rit128x96x4.obj (.const:g_pucFont)
                  00001c38    00000101     rtsv7M3_T_le_eabi.lib : ctype.obj (.const:.string:_ctypes_)
                  00001d39    00000003     rit128x96x4.obj (.const:.string:pucCommand1$1)
                  00001d3c    0000006c     driverlib-cm3.lib : sysctl.obj (.const:g_pulXtals)
                  00001da8    0000004f     rit128x96x4.obj (.const:.string:g_pucRIT128x96x4Init)
                  00001df7    00000001     --HOLE-- [fill = 0]
                  00001df8    00000040     driverlib-cm3.lib : sysctl.obj (.const)
                  00001e38    00000003     rit128x96x4.obj (.const:.string:pucCommand2$2)
                  00001e3b    00000002     rit128x96x4.obj (.const:.string:g_pucRIT128x96x4HorizontalInc)
                  00001e3d    00000002     rit128x96x4.obj (.const:.string:g_pucRIT128x96x4VerticalInc)
                  00001e3f    00000002     rit128x96x4.obj (.const:.string:pucCommand1$3)

.cinit     0    00001e48    0000004c     
                  00001e48    00000021     (.cinit..data.load) [load image, compression = rle]
                  00001e69    00000007     --HOLE-- [fill = 0]
                  00001e70    00000009     (.cinit..bss.load) [load image, compression = rle]
                  00001e79    00000003     --HOLE-- [fill = 0]
                  00001e7c    00000008     (__TI_handler_table)
                  00001e84    00000010     (__TI_cinit_table)

.init_array 
*          0    00000000    00000000     UNINITIALIZED

.stack     0    20000000    00000800     UNINITIALIZED
                  20000000    00000800     --HOLE--

.data      0    20000800    00000038     UNINITIALIZED
                  20000800    0000000c     rtsv7M3_T_le_eabi.lib : exit.obj (.data:$O1$$)
                  2000080c    0000000c     Task_ReportSysTick.obj (.data)
                  20000818    00000009     Program_Blinky.obj (.data)
                  20000821    00000003     --HOLE--
                  20000824    00000008     rtsv7M3_T_le_eabi.lib : _lock.obj (.data:$O1$$)
                  2000082c    00000005     Task_LEDBlink.obj (.data)
                  20000831    00000003     --HOLE--
                  20000834    00000004     rtsv7M3_T_le_eabi.lib : stkdepth_vars.obj (.data)

.bss       0    20000838    00000018     UNINITIALIZED
                  20000838    00000008     rit128x96x4.obj (.bss:g_pucBuffer)
                  20000840    00000004     Task_LEDBlink.obj (.bss)
                  20000844    00000004     Task_ReportSysTick.obj (.bss)
                  20000848    00000004     rit128x96x4.obj (.bss)
                  2000084c    00000004     (.common:g_ulSystemClock)

MODULE SUMMARY

       Module                           code   ro data   rw data
       ------                           ----   -------   -------
    .\
       Program_Blinky_startup_ccs.obj   12     240       0      
       Program_Blinky.obj               132    0         13     
    +--+--------------------------------+------+---------+---------+
       Total:                           144    240       13     
                                                                
    .\Drivers\
       rit128x96x4.obj                  1296   571       12     
    +--+--------------------------------+------+---------+---------+
       Total:                           1296   571       12     
                                                                
    .\Tasks\
       Task_ReportSysTick.obj           192    0         16     
       Task_LEDBlink.obj                168    0         9      
    +--+--------------------------------+------+---------+---------+
       Total:                           360    0         25     
                                                                
    C:/TI_CodeComposer/StellarisWare-LM3S1968/driverlib/ccs-cm3/Debug/driverlib-cm3.lib
       sysctl.obj                       826    172       0      
       gpio.obj                         294    0         0      
       ssi.obj                          124    0         0      
       systick.obj                      56     0         0      
    +--+--------------------------------+------+---------+---------+
       Total:                           1300   172       0      
                                                                
    C:\TI_CodeComposer\ccsv6\tools\compiler\ti-cgt-arm_15.12.1.LTS\lib\rtsv7M3_T_le_eabi.lib
       _printfi_nf.obj                  1892   0         0      
       ull_div_t2.obj                   500    0         0      
       ctype.obj                        0      257       0      
       memcpy_t2.obj                    156    0         0      
       memset_t2.obj                    122    0         0      
       autoinit.obj                     112    0         0      
       copy_decompress_rle.obj          112    0         0      
       exit.obj                         84     0         12     
       sprintf.obj                      96     0         0      
       atoi.obj                         76     0         0      
       cpy_tbl.obj                      76     0         0      
       boot.obj                         64     0         0      
       _lock.obj                        20     0         8      
       memccpy.obj                      26     0         0      
       args_main.obj                    24     0         0      
       strlen.obj                       20     0         0      
       copy_decompress_none.obj         14     0         0      
       pre_init.obj                     4      0         0      
       stkdepth_vars.obj                0      0         4      
       mpu_init.obj                     2      0         0      
       startup.obj                      2      0         0      
    +--+--------------------------------+------+---------+---------+
       Total:                           3402   257       24     
                                                                
       Stack:                           0      0         2048   
       Linker Generated:                0      66        0      
    +--+--------------------------------+------+---------+---------+
       Grand Total:                     6502   1306      2122   


LINKER GENERATED COPY TABLES

__TI_cinit_table @ 00001e84 records: 2, size/record: 8, table size: 16
	.data: load addr=00001e48, load size=00000021 bytes, run addr=20000800, run size=00000038 bytes, compression=rle
	.bss: load addr=00001e70, load size=00000009 bytes, run addr=20000838, run size=00000018 bytes, compression=rle


LINKER GENERATED HANDLER TABLE

__TI_handler_table @ 00001e7c records: 2, size/record: 4, table size: 8
	index: 0, handler: __TI_decompress_rle24
	index: 1, handler: __TI_decompress_none


GLOBAL SYMBOLS: SORTED ALPHABETICALLY BY Name 

address   name                           
-------   ----                           
00001795  C$$EXIT                        
00001905  GPIODirModeSet                 
00001235  GPIOPadConfigSet               
00001a3d  GPIOPinRead                    
000019b5  GPIOPinTypeGPIOOutput          
000019c7  GPIOPinTypeSSI                 
00001a43  GPIOPinWrite                   
0000150b  Initialize_OLED                
20000820  OLED_Initialized               
0000095d  RIT128x96x4Clear               
00000bdb  RIT128x96x4Disable             
00000d2d  RIT128x96x4DisplayOff          
00000cf9  RIT128x96x4DisplayOn           
00000b81  RIT128x96x4Enable              
00000af9  RIT128x96x4ImageDraw           
00000c55  RIT128x96x4Init                
000009b9  RIT128x96x4StringDraw          
00001a0b  ResetISR                       
UNDEFED   SHT$$INIT_ARRAY$$Base          
UNDEFED   SHT$$INIT_ARRAY$$Limit         
00001a35  SSIBusy                        
00001881  SSIConfigSetExpClk             
000019d9  SSIDataGetNonBlocking          
00001a17  SSIDataPut                     
00001a21  SSIDisable                     
00001a2b  SSIEnable                      
00000f59  SysCtlClockGet                 
000010f1  SysCtlClockSet                 
00001a49  SysCtlDelay                    
0000173d  SysCtlPeripheralEnable         
2000081c  SysTickCount_Nbr               
00001965  SysTickEnable                  
20000818  SysTickFrequency_Nbr           
00001979  SysTickIntEnable               
00001501  SysTickIntHandler              
000019ed  SysTickPeriodSet               
000013bd  Task_LEDBlink                  
000012fd  Task_ReportSysTick             
20000800  __STACK_END                    
00000800  __STACK_SIZE                   
20000200  __STACK_TOP                    
00001e84  __TI_CINIT_Base                
00001e94  __TI_CINIT_Limit               
00001e7c  __TI_Handler_Table_Base        
00001e84  __TI_Handler_Table_Limit       
00001601  __TI_auto_init                 
20000800  __TI_cleanup_ptr               
000019fd  __TI_decompress_none           
00001a4f  __TI_decompress_rle24          
20000804  __TI_dtors_ptr                 
20000808  __TI_enable_exit_profile_output
ffffffff  __TI_pprof_out_hndl            
00000551  __TI_printfi_nofloat           
ffffffff  __TI_prof_data_size            
ffffffff  __TI_prof_data_start           
00000000  __TI_static_base__             
00001585  __aeabi_memclr                 
00001585  __aeabi_memclr4                
00001585  __aeabi_memclr8                
00001465  __aeabi_memcpy                 
00001465  __aeabi_memcpy4                
00001465  __aeabi_memcpy8                
00001587  __aeabi_memset                 
00001587  __aeabi_memset4                
00001587  __aeabi_memset8                
00000d65  __aeabi_uldivmod               
ffffffff  __binit__                      
ffffffff  __c_args__                     
000015ff  __mpu_init                     
20000000  __stack                        
0000194d  _args_main                     
000018c5  _c_int00                       
00001c38  _ctypes_                       
20000824  _lock                          
0000199b  _nop                           
00001993  _register_lock                 
0000198d  _register_unlock               
000016db  _system_post_cinit             
00001a55  _system_pre_init               
20000828  _unlock                        
00001799  abort                          
000017e9  atoi                           
ffffffff  binit                          
00001835  copy_in                        
000017a1  exit                           
00000000  g_pfnVectors                   
2000084c  g_ulSystemClock                
0000152d  main                           
20000834  main_func_sp                   
00001933  memccpy                        
00001465  memcpy                         
0000158d  memset                         
000016dd  sprintf                        
000019a1  strlen                         


GLOBAL SYMBOLS: SORTED BY Symbol Address 

address   name                           
-------   ----                           
00000000  __TI_static_base__             
00000000  g_pfnVectors                   
00000551  __TI_printfi_nofloat           
00000800  __STACK_SIZE                   
0000095d  RIT128x96x4Clear               
000009b9  RIT128x96x4StringDraw          
00000af9  RIT128x96x4ImageDraw           
00000b81  RIT128x96x4Enable              
00000bdb  RIT128x96x4Disable             
00000c55  RIT128x96x4Init                
00000cf9  RIT128x96x4DisplayOn           
00000d2d  RIT128x96x4DisplayOff          
00000d65  __aeabi_uldivmod               
00000f59  SysCtlClockGet                 
000010f1  SysCtlClockSet                 
00001235  GPIOPadConfigSet               
000012fd  Task_ReportSysTick             
000013bd  Task_LEDBlink                  
00001465  __aeabi_memcpy                 
00001465  __aeabi_memcpy4                
00001465  __aeabi_memcpy8                
00001465  memcpy                         
00001501  SysTickIntHandler              
0000150b  Initialize_OLED                
0000152d  main                           
00001585  __aeabi_memclr                 
00001585  __aeabi_memclr4                
00001585  __aeabi_memclr8                
00001587  __aeabi_memset                 
00001587  __aeabi_memset4                
00001587  __aeabi_memset8                
0000158d  memset                         
000015ff  __mpu_init                     
00001601  __TI_auto_init                 
000016db  _system_post_cinit             
000016dd  sprintf                        
0000173d  SysCtlPeripheralEnable         
00001795  C$$EXIT                        
00001799  abort                          
000017a1  exit                           
000017e9  atoi                           
00001835  copy_in                        
00001881  SSIConfigSetExpClk             
000018c5  _c_int00                       
00001905  GPIODirModeSet                 
00001933  memccpy                        
0000194d  _args_main                     
00001965  SysTickEnable                  
00001979  SysTickIntEnable               
0000198d  _register_unlock               
00001993  _register_lock                 
0000199b  _nop                           
000019a1  strlen                         
000019b5  GPIOPinTypeGPIOOutput          
000019c7  GPIOPinTypeSSI                 
000019d9  SSIDataGetNonBlocking          
000019ed  SysTickPeriodSet               
000019fd  __TI_decompress_none           
00001a0b  ResetISR                       
00001a17  SSIDataPut                     
00001a21  SSIDisable                     
00001a2b  SSIEnable                      
00001a35  SSIBusy                        
00001a3d  GPIOPinRead                    
00001a43  GPIOPinWrite                   
00001a49  SysCtlDelay                    
00001a4f  __TI_decompress_rle24          
00001a55  _system_pre_init               
00001c38  _ctypes_                       
00001e7c  __TI_Handler_Table_Base        
00001e84  __TI_CINIT_Base                
00001e84  __TI_Handler_Table_Limit       
00001e94  __TI_CINIT_Limit               
20000000  __stack                        
20000200  __STACK_TOP                    
20000800  __STACK_END                    
20000800  __TI_cleanup_ptr               
20000804  __TI_dtors_ptr                 
20000808  __TI_enable_exit_profile_output
20000818  SysTickFrequency_Nbr           
2000081c  SysTickCount_Nbr               
20000820  OLED_Initialized               
20000824  _lock                          
20000828  _unlock                        
20000834  main_func_sp                   
2000084c  g_ulSystemClock                
ffffffff  __TI_pprof_out_hndl            
ffffffff  __TI_prof_data_size            
ffffffff  __TI_prof_data_start           
ffffffff  __binit__                      
ffffffff  __c_args__                     
ffffffff  binit                          
UNDEFED   SHT$$INIT_ARRAY$$Base          
UNDEFED   SHT$$INIT_ARRAY$$Limit         

[94 symbols]
