******************************************************************************
                  TI ARM Linker PC v15.12.1                    
******************************************************************************
>> Linked Tue Sep 27 14:52:54 2016

OUTPUT FILE NAME:   <Program_ButtonPush.out>
ENTRY POINT SYMBOL: "_c_int00"  address: 00002299


MEMORY CONFIGURATION

         name            origin    length      used     unused   attr    fill
----------------------  --------  ---------  --------  --------  ----  --------
  FLASH                 00000000   00040000  00002977  0003d689  R  X
  SRAM                  20000000   00010000  00000884  0000f77c  RW X


SEGMENT ALLOCATION MAP

run origin  load origin   length   init length attrs members
----------  ----------- ---------- ----------- ----- -------
00000000    00000000    0000297c   0000297c    r-x
  00000000    00000000    000000f0   000000f0    r-- .intvecs
  000000f0    000000f0    00002424   00002424    r-x .text
  00002514    00002514    00000417   00000417    r-- .const
  00002930    00002930    0000004c   0000004c    r-- .cinit
20000000    20000000    00000884   00000000    rw-
  20000000    20000000    00000800   00000000    rw- .stack
  20000800    20000800    00000060   00000000    rw- .data
  20000860    20000860    00000024   00000000    rw- .bss


SECTION ALLOCATION MAP

 output                                  attributes/
section   page    origin      length       input sections
--------  ----  ----------  ----------   ----------------
.intvecs   0    00000000    000000f0     
                  00000000    000000f0     Program_ButtonPress_startup.obj (.intvecs)

.text      0    000000f0    00002424     
                  000000f0    00000764     rtsv7M3_T_le_eabi.lib : _printfi_nf.obj (.text)
                  00000854    00000510     rit128x96x4.obj (.text)
                  00000d64    00000488     uartstdio.obj (.text)
                  000011ec    00000224     Task_ButtonPress.obj (.text)
                  00001410    000001f4     rtsv7M3_T_le_eabi.lib : ull_div_t2.obj (.text)
                  00001604    00000198     driverlib-cm3.lib : sysctl.obj (.text:SysCtlClockGet)
                  0000179c    00000158     Program_ButtonPress.obj (.text)
                  000018f4    00000144     driverlib-cm3.lib : sysctl.obj (.text:SysCtlClockSet)
                  00001a38    000000c8                       : gpio.obj (.text:GPIOPadConfigSet)
                  00001b00    000000c0     Task_ReportSysTick.obj (.text)
                  00001bc0    000000b8     Task_SpeakerBuzz.obj (.text)
                  00001c78    000000a8     Task_LEDBlink.obj (.text)
                  00001d20    0000009c     rtsv7M3_T_le_eabi.lib : memcpy_t2.obj (.text)
                  00001dbc    00000088     driverlib-cm3.lib : sysctl.obj (.text:SysCtlPeripheralReset)
                  00001e44    0000007a     rtsv7M3_T_le_eabi.lib : memset_t2.obj (.text)
                  00001ebe    00000002                           : i_div0.obj (.text)
                  00001ec0    00000078     driverlib-cm3.lib : sysctl.obj (.text:SysCtlPeripheralPresent)
                  00001f38    00000070     rtsv7M3_T_le_eabi.lib : autoinit.obj (.text)
                  00001fa8    0000006a                           : copy_decompress_rle.obj (.text)
                  00002012    00000002                           : mpu_init.obj (.text)
                  00002014    00000060                           : sprintf.obj (.text)
                  00002074    00000058     driverlib-cm3.lib : sysctl.obj (.text:SysCtlPeripheralDisable)
                  000020cc    00000058                       : sysctl.obj (.text:SysCtlPeripheralEnable)
                  00002124    00000054     rtsv7M3_T_le_eabi.lib : exit.obj (.text)
                  00002178    0000004c                           : atoi.obj (.text)
                  000021c4    0000004c                           : cpy_tbl.obj (.text)
                  00002210    00000044     driverlib-cm3.lib : ssi.obj (.text:SSIConfigSetExpClk)
                  00002254    00000042                       : uart.obj (.text:UARTConfigSetExpClk)
                  00002296    00000002     rtsv7M3_T_le_eabi.lib : startup.obj (.text)
                  00002298    00000040                           : boot.obj (.text)
                  000022d8    00000040                           : u_divt2.obj (.text)
                  00002318    0000003c     UARTStdio_Initialization.obj (.text)
                  00002354    0000002e     driverlib-cm3.lib : gpio.obj (.text:GPIODirModeSet)
                  00002382    00000002     --HOLE-- [fill = 0]
                  00002384    0000001c                       : uart.obj (.text:UARTDisable)
                  000023a0    0000001a     rtsv7M3_T_le_eabi.lib : memccpy.obj (.text)
                  000023ba    00000002     --HOLE-- [fill = 0]
                  000023bc    00000018                           : args_main.obj (.text)
                  000023d4    00000014     driverlib-cm3.lib : systick.obj (.text:SysTickEnable)
                  000023e8    00000014                       : systick.obj (.text:SysTickIntEnable)
                  000023fc    00000014                       : uart.obj (.text:UARTEnable)
                  00002410    00000014     rtsv7M3_T_le_eabi.lib : _lock.obj (.text)
                  00002424    00000014                           : strlen.obj (.text)
                  00002438    00000012     driverlib-cm3.lib : gpio.obj (.text:GPIOPinTypeGPIOInput)
                  0000244a    00000012                       : gpio.obj (.text:GPIOPinTypeGPIOOutput)
                  0000245c    00000012                       : gpio.obj (.text:GPIOPinTypeSSI)
                  0000246e    00000012                       : gpio.obj (.text:GPIOPinTypeUART)
                  00002480    00000012                       : ssi.obj (.text:SSIDataGetNonBlocking)
                  00002492    00000002     --HOLE-- [fill = 0]
                  00002494    00000010                       : systick.obj (.text:SysTickPeriodSet)
                  000024a4    0000000e     rtsv7M3_T_le_eabi.lib : copy_decompress_none.obj (.text:decompress:none)
                  000024b2    0000000c     Program_ButtonPress_startup.obj (.text)
                  000024be    0000000a     driverlib-cm3.lib : ssi.obj (.text:SSIDataPut)
                  000024c8    0000000a                       : ssi.obj (.text:SSIDisable)
                  000024d2    0000000a                       : ssi.obj (.text:SSIEnable)
                  000024dc    0000000a                       : uart.obj (.text:UARTCharGet)
                  000024e6    0000000a                       : uart.obj (.text:UARTCharPut)
                  000024f0    00000008                       : ssi.obj (.text:SSIBusy)
                  000024f8    00000006                       : gpio.obj (.text:GPIOPinRead)
                  000024fe    00000006                       : gpio.obj (.text:GPIOPinWrite)
                  00002504    00000006                       : sysctl.obj (.text:SysCtlDelay)
                  0000250a    00000006     rtsv7M3_T_le_eabi.lib : copy_decompress_rle.obj (.text:decompress:rle24)
                  00002510    00000004                           : pre_init.obj (.text)

.const     0    00002514    00000417     
                  00002514    000001e0     rit128x96x4.obj (.const:g_pucFont)
                  000026f4    00000101     rtsv7M3_T_le_eabi.lib : ctype.obj (.const:.string:_ctypes_)
                  000027f5    00000003     rit128x96x4.obj (.const:.string:pucCommand1$1)
                  000027f8    0000006c     driverlib-cm3.lib : sysctl.obj (.const:g_pulXtals)
                  00002864    0000004f     rit128x96x4.obj (.const:.string:g_pucRIT128x96x4Init)
                  000028b3    00000001     --HOLE-- [fill = 0]
                  000028b4    00000040     driverlib-cm3.lib : sysctl.obj (.const)
                  000028f4    00000012     uartstdio.obj (.const:.string)
                  00002906    00000002     rit128x96x4.obj (.const:.string:g_pucRIT128x96x4HorizontalInc)
                  00002908    0000000c     uartstdio.obj (.const:g_ulUARTBase)
                  00002914    0000000c     uartstdio.obj (.const:g_ulUARTPeriph)
                  00002920    00000004     uartstdio.obj (.const)
                  00002924    00000003     rit128x96x4.obj (.const:.string:pucCommand2$2)
                  00002927    00000002     rit128x96x4.obj (.const:.string:g_pucRIT128x96x4VerticalInc)
                  00002929    00000002     rit128x96x4.obj (.const:.string:pucCommand1$3)

.cinit     0    00002930    0000004c     
                  00002930    00000025     (.cinit..data.load) [load image, compression = rle]
                  00002955    00000003     --HOLE-- [fill = 0]
                  00002958    00000009     (.cinit..bss.load) [load image, compression = rle]
                  00002961    00000003     --HOLE-- [fill = 0]
                  00002964    00000008     (__TI_handler_table)
                  0000296c    00000010     (__TI_cinit_table)

.init_array 
*          0    00000000    00000000     UNINITIALIZED

.stack     0    20000000    00000800     UNINITIALIZED
                  20000000    00000800     --HOLE--

.data      0    20000800    00000060     UNINITIALIZED
                  20000800    00000011     Task_ButtonPress.obj (.data)
                  20000811    00000003     --HOLE--
                  20000814    0000000c     rtsv7M3_T_le_eabi.lib : exit.obj (.data:$O1$$)
                  20000820    0000000c     Task_ReportSysTick.obj (.data)
                  2000082c    0000000a     Program_ButtonPress.obj (.data)
                  20000836    00000002     --HOLE--
                  20000838    00000008     rtsv7M3_T_le_eabi.lib : _lock.obj (.data:$O1$$)
                  20000840    00000005     Task_LEDBlink.obj (.data)
                  20000845    00000003     --HOLE--
                  20000848    00000005     Task_SpeakerBuzz.obj (.data)
                  2000084d    00000003     --HOLE--
                  20000850    00000005     uartstdio.obj (.data)
                  20000855    00000003     --HOLE--
                  20000858    00000004     UARTStdio_Initialization.obj (.data)
                  2000085c    00000004     rtsv7M3_T_le_eabi.lib : stkdepth_vars.obj (.data)

.bss       0    20000860    00000024     UNINITIALIZED
                  20000860    00000008     Task_ButtonPress.obj (.bss)
                  20000868    00000008     rit128x96x4.obj (.bss:g_pucBuffer)
                  20000870    00000004     Task_LEDBlink.obj (.bss)
                  20000874    00000004     Task_ReportSysTick.obj (.bss)
                  20000878    00000004     Task_SpeakerBuzz.obj (.bss)
                  2000087c    00000004     rit128x96x4.obj (.bss)
                  20000880    00000004     (.common:g_ulSystemClock)

MODULE SUMMARY

       Module                            code   ro data   rw data
       ------                            ----   -------   -------
    .\
       Program_ButtonPress.obj           344    0         14     
       Program_ButtonPress_startup.obj   12     240       0      
    +--+---------------------------------+------+---------+---------+
       Total:                            356    240       14     
                                                                 
    .\Drivers\
       rit128x96x4.obj                   1296   571       12     
       uartstdio.obj                     1160   46        5      
       UARTStdio_Initialization.obj      60     0         4      
    +--+---------------------------------+------+---------+---------+
       Total:                            2516   617       21     
                                                                 
    .\Tasks\
       Task_ButtonPress.obj              548    0         25     
       Task_ReportSysTick.obj            192    0         16     
       Task_SpeakerBuzz.obj              184    0         9      
       Task_LEDBlink.obj                 168    0         9      
    +--+---------------------------------+------+---------+---------+
       Total:                            1092   0         59     
                                                                 
    C:/TI_CodeComposer/StellarisWare-LM3S1968/driverlib/ccs-cm3/Debug/driverlib-cm3.lib
       sysctl.obj                        1170   172       0      
       gpio.obj                          330    0         0      
       uart.obj                          134    0         0      
       ssi.obj                           124    0         0      
       systick.obj                       56     0         0      
    +--+---------------------------------+------+---------+---------+
       Total:                            1814   172       0      
                                                                 
    C:\TI_CodeComposer\ccsv6\tools\compiler\ti-cgt-arm_15.12.1.LTS\lib\rtsv7M3_T_le_eabi.lib
       _printfi_nf.obj                   1892   0         0      
       ull_div_t2.obj                    500    0         0      
       ctype.obj                         0      257       0      
       memcpy_t2.obj                     156    0         0      
       memset_t2.obj                     122    0         0      
       autoinit.obj                      112    0         0      
       copy_decompress_rle.obj           112    0         0      
       exit.obj                          84     0         12     
       sprintf.obj                       96     0         0      
       atoi.obj                          76     0         0      
       cpy_tbl.obj                       76     0         0      
       boot.obj                          64     0         0      
       u_divt2.obj                       64     0         0      
       _lock.obj                         20     0         8      
       memccpy.obj                       26     0         0      
       args_main.obj                     24     0         0      
       strlen.obj                        20     0         0      
       copy_decompress_none.obj          14     0         0      
       pre_init.obj                      4      0         0      
       stkdepth_vars.obj                 0      0         4      
       i_div0.obj                        2      0         0      
       mpu_init.obj                      2      0         0      
       startup.obj                       2      0         0      
    +--+---------------------------------+------+---------+---------+
       Total:                            3468   257       24     
                                                                 
       Stack:                            0      0         2048   
       Linker Generated:                 0      70        0      
    +--+---------------------------------+------+---------+---------+
       Grand Total:                      9246   1356      2166   


LINKER GENERATED COPY TABLES

__TI_cinit_table @ 0000296c records: 2, size/record: 8, table size: 16
	.data: load addr=00002930, load size=00000025 bytes, run addr=20000800, run size=00000060 bytes, compression=rle
	.bss: load addr=00002958, load size=00000009 bytes, run addr=20000860, run size=00000024 bytes, compression=rle


LINKER GENERATED HANDLER TABLE

__TI_handler_table @ 00002964 records: 2, size/record: 4, table size: 8
	index: 0, handler: __TI_decompress_rle24
	index: 1, handler: __TI_decompress_none


GLOBAL SYMBOLS: SORTED ALPHABETICALLY BY Name 

address   name                           
-------   ----                           
00002125  C$$EXIT                        
00002355  GPIODirModeSet                 
00001a39  GPIOPadConfigSet               
000024f9  GPIOPinRead                    
00002439  GPIOPinTypeGPIOInput           
0000244b  GPIOPinTypeGPIOOutput          
0000245d  GPIOPinTypeSSI                 
0000246f  GPIOPinTypeUART                
000024ff  GPIOPinWrite                   
000017a7  Initialize_OLED                
20000835  OLED_Initialized               
0000095d  RIT128x96x4Clear               
00000bdb  RIT128x96x4Disable             
00000d2d  RIT128x96x4DisplayOff          
00000cf9  RIT128x96x4DisplayOn           
00000b81  RIT128x96x4Enable              
00000af9  RIT128x96x4ImageDraw           
00000c55  RIT128x96x4Init                
000009b9  RIT128x96x4StringDraw          
000024b3  ResetISR                       
UNDEFED   SHT$$INIT_ARRAY$$Base          
UNDEFED   SHT$$INIT_ARRAY$$Limit         
000024f1  SSIBusy                        
00002211  SSIConfigSetExpClk             
00002481  SSIDataGetNonBlocking          
000024bf  SSIDataPut                     
000024c9  SSIDisable                     
000024d3  SSIEnable                      
00001605  SysCtlClockGet                 
000018f5  SysCtlClockSet                 
00002505  SysCtlDelay                    
00002075  SysCtlPeripheralDisable        
000020cd  SysCtlPeripheralEnable         
00001ec1  SysCtlPeripheralPresent        
00001dbd  SysCtlPeripheralReset          
20000830  SysTickCount_Nbr               
000023d5  SysTickEnable                  
2000082c  SysTickFrequency_Nbr           
000023e9  SysTickIntEnable               
0000179d  SysTickIntHandler              
00002495  SysTickPeriodSet               
000011ed  Task_ButtonPress               
00001c79  Task_LEDBlink                  
00001b01  Task_ReportSysTick             
00001bc1  Task_SpeakerBuzz               
000024dd  UARTCharGet                    
000024e7  UARTCharPut                    
00002255  UARTConfigSetExpClk            
00002385  UARTDisable                    
000023fd  UARTEnable                     
00000d65  UARTStdioInit                  
00000d75  UARTStdioInitExpClk            
20000858  UARTStdioInitFlag              
00002319  UARTStdio_Initialization       
00000ebb  UARTgetc                       
00000e03  UARTgets                       
00000ee1  UARTprintf                     
00000dbd  UARTwrite                      
20000800  __STACK_END                    
00000800  __STACK_SIZE                   
20000200  __STACK_TOP                    
0000296c  __TI_CINIT_Base                
0000297c  __TI_CINIT_Limit               
00002964  __TI_Handler_Table_Base        
0000296c  __TI_Handler_Table_Limit       
00001f39  __TI_auto_init                 
20000814  __TI_cleanup_ptr               
000024a5  __TI_decompress_none           
0000250b  __TI_decompress_rle24          
20000818  __TI_dtors_ptr                 
2000081c  __TI_enable_exit_profile_output
ffffffff  __TI_pprof_out_hndl            
00000551  __TI_printfi_nofloat           
ffffffff  __TI_prof_data_size            
ffffffff  __TI_prof_data_start           
00000000  __TI_static_base__             
00001ebf  __aeabi_idiv0                  
00001e45  __aeabi_memclr                 
00001e45  __aeabi_memclr4                
00001e45  __aeabi_memclr8                
00001d21  __aeabi_memcpy                 
00001d21  __aeabi_memcpy4                
00001d21  __aeabi_memcpy8                
00001e47  __aeabi_memset                 
00001e47  __aeabi_memset4                
00001e47  __aeabi_memset8                
000022d9  __aeabi_uidiv                  
000022d9  __aeabi_uidivmod               
00001411  __aeabi_uldivmod               
ffffffff  __binit__                      
ffffffff  __c_args__                     
00002013  __mpu_init                     
20000000  __stack                        
000023bd  _args_main                     
00002299  _c_int00                       
000026f4  _ctypes_                       
20000838  _lock                          
0000241f  _nop                           
00002417  _register_lock                 
00002411  _register_unlock               
00002297  _system_post_cinit             
00002511  _system_pre_init               
2000083c  _unlock                        
00002129  abort                          
00002179  atoi                           
ffffffff  binit                          
20000834  buttonSound                    
000021c5  copy_in                        
20000800  currentState                   
00002131  exit                           
00000000  g_pfnVectors                   
20000880  g_ulSystemClock                
00001865  main                           
2000085c  main_func_sp                   
000023a1  memccpy                        
00001d21  memcpy                         
00001e4d  memset                         
00002015  sprintf                        
00002425  strlen                         


GLOBAL SYMBOLS: SORTED BY Symbol Address 

address   name                           
-------   ----                           
00000000  __TI_static_base__             
00000000  g_pfnVectors                   
00000551  __TI_printfi_nofloat           
00000800  __STACK_SIZE                   
0000095d  RIT128x96x4Clear               
000009b9  RIT128x96x4StringDraw          
00000af9  RIT128x96x4ImageDraw           
00000b81  RIT128x96x4Enable              
00000bdb  RIT128x96x4Disable             
00000c55  RIT128x96x4Init                
00000cf9  RIT128x96x4DisplayOn           
00000d2d  RIT128x96x4DisplayOff          
00000d65  UARTStdioInit                  
00000d75  UARTStdioInitExpClk            
00000dbd  UARTwrite                      
00000e03  UARTgets                       
00000ebb  UARTgetc                       
00000ee1  UARTprintf                     
000011ed  Task_ButtonPress               
00001411  __aeabi_uldivmod               
00001605  SysCtlClockGet                 
0000179d  SysTickIntHandler              
000017a7  Initialize_OLED                
00001865  main                           
000018f5  SysCtlClockSet                 
00001a39  GPIOPadConfigSet               
00001b01  Task_ReportSysTick             
00001bc1  Task_SpeakerBuzz               
00001c79  Task_LEDBlink                  
00001d21  __aeabi_memcpy                 
00001d21  __aeabi_memcpy4                
00001d21  __aeabi_memcpy8                
00001d21  memcpy                         
00001dbd  SysCtlPeripheralReset          
00001e45  __aeabi_memclr                 
00001e45  __aeabi_memclr4                
00001e45  __aeabi_memclr8                
00001e47  __aeabi_memset                 
00001e47  __aeabi_memset4                
00001e47  __aeabi_memset8                
00001e4d  memset                         
00001ebf  __aeabi_idiv0                  
00001ec1  SysCtlPeripheralPresent        
00001f39  __TI_auto_init                 
00002013  __mpu_init                     
00002015  sprintf                        
00002075  SysCtlPeripheralDisable        
000020cd  SysCtlPeripheralEnable         
00002125  C$$EXIT                        
00002129  abort                          
00002131  exit                           
00002179  atoi                           
000021c5  copy_in                        
00002211  SSIConfigSetExpClk             
00002255  UARTConfigSetExpClk            
00002297  _system_post_cinit             
00002299  _c_int00                       
000022d9  __aeabi_uidiv                  
000022d9  __aeabi_uidivmod               
00002319  UARTStdio_Initialization       
00002355  GPIODirModeSet                 
00002385  UARTDisable                    
000023a1  memccpy                        
000023bd  _args_main                     
000023d5  SysTickEnable                  
000023e9  SysTickIntEnable               
000023fd  UARTEnable                     
00002411  _register_unlock               
00002417  _register_lock                 
0000241f  _nop                           
00002425  strlen                         
00002439  GPIOPinTypeGPIOInput           
0000244b  GPIOPinTypeGPIOOutput          
0000245d  GPIOPinTypeSSI                 
0000246f  GPIOPinTypeUART                
00002481  SSIDataGetNonBlocking          
00002495  SysTickPeriodSet               
000024a5  __TI_decompress_none           
000024b3  ResetISR                       
000024bf  SSIDataPut                     
000024c9  SSIDisable                     
000024d3  SSIEnable                      
000024dd  UARTCharGet                    
000024e7  UARTCharPut                    
000024f1  SSIBusy                        
000024f9  GPIOPinRead                    
000024ff  GPIOPinWrite                   
00002505  SysCtlDelay                    
0000250b  __TI_decompress_rle24          
00002511  _system_pre_init               
000026f4  _ctypes_                       
00002964  __TI_Handler_Table_Base        
0000296c  __TI_CINIT_Base                
0000296c  __TI_Handler_Table_Limit       
0000297c  __TI_CINIT_Limit               
20000000  __stack                        
20000200  __STACK_TOP                    
20000800  __STACK_END                    
20000800  currentState                   
20000814  __TI_cleanup_ptr               
20000818  __TI_dtors_ptr                 
2000081c  __TI_enable_exit_profile_output
2000082c  SysTickFrequency_Nbr           
20000830  SysTickCount_Nbr               
20000834  buttonSound                    
20000835  OLED_Initialized               
20000838  _lock                          
2000083c  _unlock                        
20000858  UARTStdioInitFlag              
2000085c  main_func_sp                   
20000880  g_ulSystemClock                
ffffffff  __TI_pprof_out_hndl            
ffffffff  __TI_prof_data_size            
ffffffff  __TI_prof_data_start           
ffffffff  __binit__                      
ffffffff  __c_args__                     
ffffffff  binit                          
UNDEFED   SHT$$INIT_ARRAY$$Base          
UNDEFED   SHT$$INIT_ARRAY$$Limit         

[119 symbols]
