******************************************************************************
                  TI ARM Linker PC v15.12.1                    
******************************************************************************
>> Linked Wed Sep 14 14:35:13 2016

OUTPUT FILE NAME:   <Program_Speakerbuzz2.out>
ENTRY POINT SYMBOL: "_c_int00"  address: 00001b85


MEMORY CONFIGURATION

         name            origin    length      used     unused   attr    fill
----------------------  --------  ---------  --------  --------  ----  --------
  FLASH                 00000000   00040000  0000215d  0003dea3  R  X
  SRAM                  20000000   00010000  00000860  0000f7a0  RW X


SEGMENT ALLOCATION MAP

run origin  load origin   length   init length attrs members
----------  ----------- ---------- ----------- ----- -------
00000000    00000000    00002164   00002164    r-x
  00000000    00000000    000000f0   000000f0    r-- .intvecs
  000000f0    000000f0    00001c38   00001c38    r-x .text
  00001d28    00001d28    000003e9   000003e9    r-- .const
  00002118    00002118    0000004c   0000004c    r-- .cinit
20000000    20000000    00000860   00000000    rw-
  20000000    20000000    00000800   00000000    rw- .stack
  20000800    20000800    00000040   00000000    rw- .data
  20000840    20000840    00000020   00000000    rw- .bss


SECTION ALLOCATION MAP

 output                                  attributes/
section   page    origin      length       input sections
--------  ----  ----------  ----------   ----------------
.intvecs   0    00000000    000000f0     
                  00000000    000000f0     Program_Speakerbuzz_startup.obj (.intvecs)

.text      0    000000f0    00001c38     
                  000000f0    00000764     rtsv7M3_T_le_eabi.lib : _printfi_nf.obj (.text)
                  00000854    00000510     rit128x96x4.obj (.text)
                  00000d64    000001f4     rtsv7M3_T_le_eabi.lib : ull_div_t2.obj (.text)
                  00000f58    00000198     driverlib-cm3.lib : sysctl.obj (.text:SysCtlClockGet)
                  000010f0    00000154     Program_Speakerbuzz.obj (.text)
                  00001244    00000144     driverlib-cm3.lib : sysctl.obj (.text:SysCtlClockSet)
                  00001388    00000110     Task_Speakerbuzz.obj (.text)
                  00001498    000000c8     driverlib-cm3.lib : gpio.obj (.text:GPIOPadConfigSet)
                  00001560    000000c0     Task_ReportSysTick.obj (.text)
                  00001620    000000a8     Task_LEDBlink.obj (.text)
                  000016c8    0000009c     rtsv7M3_T_le_eabi.lib : memcpy_t2.obj (.text)
                  00001764    00000088     driverlib-cm3.lib : sysctl.obj (.text:SysCtlPeripheralReset)
                  000017ec    0000007a     rtsv7M3_T_le_eabi.lib : memset_t2.obj (.text)
                  00001866    00000002                           : mpu_init.obj (.text)
                  00001868    00000070                           : autoinit.obj (.text)
                  000018d8    0000006a                           : copy_decompress_rle.obj (.text)
                  00001942    00000002                           : startup.obj (.text)
                  00001944    00000060                           : sprintf.obj (.text)
                  000019a4    00000058     driverlib-cm3.lib : sysctl.obj (.text:SysCtlPeripheralDisable)
                  000019fc    00000058                       : sysctl.obj (.text:SysCtlPeripheralEnable)
                  00001a54    00000054     rtsv7M3_T_le_eabi.lib : exit.obj (.text)
                  00001aa8    0000004c                           : atoi.obj (.text)
                  00001af4    0000004c                           : cpy_tbl.obj (.text)
                  00001b40    00000044     driverlib-cm3.lib : ssi.obj (.text:SSIConfigSetExpClk)
                  00001b84    00000040     rtsv7M3_T_le_eabi.lib : boot.obj (.text)
                  00001bc4    0000002e     driverlib-cm3.lib : gpio.obj (.text:GPIODirModeSet)
                  00001bf2    0000001a     rtsv7M3_T_le_eabi.lib : memccpy.obj (.text)
                  00001c0c    00000018                           : args_main.obj (.text)
                  00001c24    00000014     driverlib-cm3.lib : systick.obj (.text:SysTickEnable)
                  00001c38    00000014                       : systick.obj (.text:SysTickIntEnable)
                  00001c4c    00000014     rtsv7M3_T_le_eabi.lib : _lock.obj (.text)
                  00001c60    00000014                           : strlen.obj (.text)
                  00001c74    00000012     driverlib-cm3.lib : gpio.obj (.text:GPIOPinTypeGPIOInput)
                  00001c86    00000012                       : gpio.obj (.text:GPIOPinTypeGPIOOutput)
                  00001c98    00000012                       : gpio.obj (.text:GPIOPinTypeSSI)
                  00001caa    00000012                       : ssi.obj (.text:SSIDataGetNonBlocking)
                  00001cbc    00000010                       : systick.obj (.text:SysTickPeriodSet)
                  00001ccc    0000000e     rtsv7M3_T_le_eabi.lib : copy_decompress_none.obj (.text:decompress:none)
                  00001cda    0000000c     Program_Speakerbuzz_startup.obj (.text)
                  00001ce6    0000000a     driverlib-cm3.lib : ssi.obj (.text:SSIDataPut)
                  00001cf0    0000000a                       : ssi.obj (.text:SSIDisable)
                  00001cfa    0000000a                       : ssi.obj (.text:SSIEnable)
                  00001d04    00000008                       : ssi.obj (.text:SSIBusy)
                  00001d0c    00000006                       : gpio.obj (.text:GPIOPinRead)
                  00001d12    00000006                       : gpio.obj (.text:GPIOPinWrite)
                  00001d18    00000006                       : sysctl.obj (.text:SysCtlDelay)
                  00001d1e    00000006     rtsv7M3_T_le_eabi.lib : copy_decompress_rle.obj (.text:decompress:rle24)
                  00001d24    00000004                           : pre_init.obj (.text)

.const     0    00001d28    000003e9     
                  00001d28    000001e0     rit128x96x4.obj (.const:g_pucFont)
                  00001f08    00000101     rtsv7M3_T_le_eabi.lib : ctype.obj (.const:.string:_ctypes_)
                  00002009    00000003     rit128x96x4.obj (.const:.string:pucCommand1$1)
                  0000200c    0000006c     driverlib-cm3.lib : sysctl.obj (.const:g_pulXtals)
                  00002078    0000004f     rit128x96x4.obj (.const:.string:g_pucRIT128x96x4Init)
                  000020c7    00000001     --HOLE-- [fill = 0]
                  000020c8    00000040     driverlib-cm3.lib : sysctl.obj (.const)
                  00002108    00000003     rit128x96x4.obj (.const:.string:pucCommand2$2)
                  0000210b    00000002     rit128x96x4.obj (.const:.string:g_pucRIT128x96x4HorizontalInc)
                  0000210d    00000002     rit128x96x4.obj (.const:.string:g_pucRIT128x96x4VerticalInc)
                  0000210f    00000002     rit128x96x4.obj (.const:.string:pucCommand1$3)

.cinit     0    00002118    0000004c     
                  00002118    00000021     (.cinit..data.load) [load image, compression = rle]
                  00002139    00000007     --HOLE-- [fill = 0]
                  00002140    00000009     (.cinit..bss.load) [load image, compression = rle]
                  00002149    00000003     --HOLE-- [fill = 0]
                  0000214c    00000008     (__TI_handler_table)
                  00002154    00000010     (__TI_cinit_table)

.init_array 
*          0    00000000    00000000     UNINITIALIZED

.stack     0    20000000    00000800     UNINITIALIZED
                  20000000    00000800     --HOLE--

.data      0    20000800    00000040     UNINITIALIZED
                  20000800    0000000c     rtsv7M3_T_le_eabi.lib : exit.obj (.data:$O1$$)
                  2000080c    0000000c     Task_ReportSysTick.obj (.data)
                  20000818    00000009     Program_Speakerbuzz.obj (.data)
                  20000821    00000003     --HOLE--
                  20000824    00000008     rtsv7M3_T_le_eabi.lib : _lock.obj (.data:$O1$$)
                  2000082c    00000005     Task_LEDBlink.obj (.data)
                  20000831    00000003     --HOLE--
                  20000834    00000005     Task_Speakerbuzz.obj (.data)
                  20000839    00000003     --HOLE--
                  2000083c    00000004     rtsv7M3_T_le_eabi.lib : stkdepth_vars.obj (.data)

.bss       0    20000840    00000020     UNINITIALIZED
                  20000840    00000008     Task_Speakerbuzz.obj (.bss)
                  20000848    00000008     rit128x96x4.obj (.bss:g_pucBuffer)
                  20000850    00000004     Task_LEDBlink.obj (.bss)
                  20000854    00000004     Task_ReportSysTick.obj (.bss)
                  20000858    00000004     rit128x96x4.obj (.bss)
                  2000085c    00000004     (.common:g_ulSystemClock)

MODULE SUMMARY

       Module                            code   ro data   rw data
       ------                            ----   -------   -------
    .\
       Program_Speakerbuzz.obj           340    0         13     
       Program_Speakerbuzz_startup.obj   12     240       0      
    +--+---------------------------------+------+---------+---------+
       Total:                            352    240       13     
                                                                 
    .\Drivers\
       rit128x96x4.obj                   1296   571       12     
    +--+---------------------------------+------+---------+---------+
       Total:                            1296   571       12     
                                                                 
    .\Tasks\
       Task_Speakerbuzz.obj              272    0         13     
       Task_ReportSysTick.obj            192    0         16     
       Task_LEDBlink.obj                 168    0         9      
    +--+---------------------------------+------+---------+---------+
       Total:                            632    0         38     
                                                                 
    C:/TI_CodeComposer/StellarisWare-LM3S1968/driverlib/ccs-cm3/Debug/driverlib-cm3.lib
       sysctl.obj                        1050   172       0      
       gpio.obj                          312    0         0      
       ssi.obj                           124    0         0      
       systick.obj                       56     0         0      
    +--+---------------------------------+------+---------+---------+
       Total:                            1542   172       0      
                                                                 
    C:\TI_CodeComposer\ccsv6\tools\compiler\ti-cgt-arm_15.12.1.LTS\lib\rtsv7M3_T_le_eabi.lib
       _printfi_nf.obj                   1892   0         0      
       ull_div_t2.obj                    500    0         0      
       ctype.obj                         0      257       0      
       memcpy_t2.obj                     156    0         0      
       memset_t2.obj                     122    0         0      
       autoinit.obj                      112    0         0      
       copy_decompress_rle.obj           112    0         0      
       exit.obj                          84     0         12     
       sprintf.obj                       96     0         0      
       atoi.obj                          76     0         0      
       cpy_tbl.obj                       76     0         0      
       boot.obj                          64     0         0      
       _lock.obj                         20     0         8      
       memccpy.obj                       26     0         0      
       args_main.obj                     24     0         0      
       strlen.obj                        20     0         0      
       copy_decompress_none.obj          14     0         0      
       pre_init.obj                      4      0         0      
       stkdepth_vars.obj                 0      0         4      
       mpu_init.obj                      2      0         0      
       startup.obj                       2      0         0      
    +--+---------------------------------+------+---------+---------+
       Total:                            3402   257       24     
                                                                 
       Stack:                            0      0         2048   
       Linker Generated:                 0      66        0      
    +--+---------------------------------+------+---------+---------+
       Grand Total:                      7224   1306      2135   


LINKER GENERATED COPY TABLES

__TI_cinit_table @ 00002154 records: 2, size/record: 8, table size: 16
	.data: load addr=00002118, load size=00000021 bytes, run addr=20000800, run size=00000040 bytes, compression=rle
	.bss: load addr=00002140, load size=00000009 bytes, run addr=20000840, run size=00000020 bytes, compression=rle


LINKER GENERATED HANDLER TABLE

__TI_handler_table @ 0000214c records: 2, size/record: 4, table size: 8
	index: 0, handler: __TI_decompress_rle24
	index: 1, handler: __TI_decompress_none


GLOBAL SYMBOLS: SORTED ALPHABETICALLY BY Name 

address   name                           
-------   ----                           
00001a55  C$$EXIT                        
00001bc5  GPIODirModeSet                 
00001499  GPIOPadConfigSet               
00001d0d  GPIOPinRead                    
00001c75  GPIOPinTypeGPIOInput           
00001c87  GPIOPinTypeGPIOOutput          
00001c99  GPIOPinTypeSSI                 
00001d13  GPIOPinWrite                   
000010fb  Initialize_OLED                
20000820  OLED_Initialized               
0000095d  RIT128x96x4Clear               
00000bdb  RIT128x96x4Disable             
00000d2d  RIT128x96x4DisplayOff          
00000cf9  RIT128x96x4DisplayOn           
00000b81  RIT128x96x4Enable              
00000af9  RIT128x96x4ImageDraw           
00000c55  RIT128x96x4Init                
000009b9  RIT128x96x4StringDraw          
00001cdb  ResetISR                       
UNDEFED   SHT$$INIT_ARRAY$$Base          
UNDEFED   SHT$$INIT_ARRAY$$Limit         
00001d05  SSIBusy                        
00001b41  SSIConfigSetExpClk             
00001cab  SSIDataGetNonBlocking          
00001ce7  SSIDataPut                     
00001cf1  SSIDisable                     
00001cfb  SSIEnable                      
00000f59  SysCtlClockGet                 
00001245  SysCtlClockSet                 
00001d19  SysCtlDelay                    
000019a5  SysCtlPeripheralDisable        
000019fd  SysCtlPeripheralEnable         
00001765  SysCtlPeripheralReset          
2000081c  SysTickCount_Nbr               
00001c25  SysTickEnable                  
20000818  SysTickFrequency_Nbr           
00001c39  SysTickIntEnable               
000010f1  SysTickIntHandler              
00001cbd  SysTickPeriodSet               
00001621  Task_LEDBlink                  
00001561  Task_ReportSysTick             
00001389  Task_Speakerbuzz               
20000800  __STACK_END                    
00000800  __STACK_SIZE                   
20000200  __STACK_TOP                    
00002154  __TI_CINIT_Base                
00002164  __TI_CINIT_Limit               
0000214c  __TI_Handler_Table_Base        
00002154  __TI_Handler_Table_Limit       
00001869  __TI_auto_init                 
20000800  __TI_cleanup_ptr               
00001ccd  __TI_decompress_none           
00001d1f  __TI_decompress_rle24          
20000804  __TI_dtors_ptr                 
20000808  __TI_enable_exit_profile_output
ffffffff  __TI_pprof_out_hndl            
00000551  __TI_printfi_nofloat           
ffffffff  __TI_prof_data_size            
ffffffff  __TI_prof_data_start           
00000000  __TI_static_base__             
000017ed  __aeabi_memclr                 
000017ed  __aeabi_memclr4                
000017ed  __aeabi_memclr8                
000016c9  __aeabi_memcpy                 
000016c9  __aeabi_memcpy4                
000016c9  __aeabi_memcpy8                
000017ef  __aeabi_memset                 
000017ef  __aeabi_memset4                
000017ef  __aeabi_memset8                
00000d65  __aeabi_uldivmod               
ffffffff  __binit__                      
ffffffff  __c_args__                     
00001867  __mpu_init                     
20000000  __stack                        
00001c0d  _args_main                     
00001b85  _c_int00                       
00001f08  _ctypes_                       
20000824  _lock                          
00001c5b  _nop                           
00001c53  _register_lock                 
00001c4d  _register_unlock               
00001943  _system_post_cinit             
00001d25  _system_pre_init               
20000828  _unlock                        
00001a59  abort                          
00001aa9  atoi                           
ffffffff  binit                          
00001af5  copy_in                        
00001a61  exit                           
00000000  g_pfnVectors                   
2000085c  g_ulSystemClock                
000011b9  main                           
2000083c  main_func_sp                   
00001bf3  memccpy                        
000016c9  memcpy                         
000017f5  memset                         
00001945  sprintf                        
00001c61  strlen                         


GLOBAL SYMBOLS: SORTED BY Symbol Address 

address   name                           
-------   ----                           
00000000  __TI_static_base__             
00000000  g_pfnVectors                   
00000551  __TI_printfi_nofloat           
00000800  __STACK_SIZE                   
0000095d  RIT128x96x4Clear               
000009b9  RIT128x96x4StringDraw          
00000af9  RIT128x96x4ImageDraw           
00000b81  RIT128x96x4Enable              
00000bdb  RIT128x96x4Disable             
00000c55  RIT128x96x4Init                
00000cf9  RIT128x96x4DisplayOn           
00000d2d  RIT128x96x4DisplayOff          
00000d65  __aeabi_uldivmod               
00000f59  SysCtlClockGet                 
000010f1  SysTickIntHandler              
000010fb  Initialize_OLED                
000011b9  main                           
00001245  SysCtlClockSet                 
00001389  Task_Speakerbuzz               
00001499  GPIOPadConfigSet               
00001561  Task_ReportSysTick             
00001621  Task_LEDBlink                  
000016c9  __aeabi_memcpy                 
000016c9  __aeabi_memcpy4                
000016c9  __aeabi_memcpy8                
000016c9  memcpy                         
00001765  SysCtlPeripheralReset          
000017ed  __aeabi_memclr                 
000017ed  __aeabi_memclr4                
000017ed  __aeabi_memclr8                
000017ef  __aeabi_memset                 
000017ef  __aeabi_memset4                
000017ef  __aeabi_memset8                
000017f5  memset                         
00001867  __mpu_init                     
00001869  __TI_auto_init                 
00001943  _system_post_cinit             
00001945  sprintf                        
000019a5  SysCtlPeripheralDisable        
000019fd  SysCtlPeripheralEnable         
00001a55  C$$EXIT                        
00001a59  abort                          
00001a61  exit                           
00001aa9  atoi                           
00001af5  copy_in                        
00001b41  SSIConfigSetExpClk             
00001b85  _c_int00                       
00001bc5  GPIODirModeSet                 
00001bf3  memccpy                        
00001c0d  _args_main                     
00001c25  SysTickEnable                  
00001c39  SysTickIntEnable               
00001c4d  _register_unlock               
00001c53  _register_lock                 
00001c5b  _nop                           
00001c61  strlen                         
00001c75  GPIOPinTypeGPIOInput           
00001c87  GPIOPinTypeGPIOOutput          
00001c99  GPIOPinTypeSSI                 
00001cab  SSIDataGetNonBlocking          
00001cbd  SysTickPeriodSet               
00001ccd  __TI_decompress_none           
00001cdb  ResetISR                       
00001ce7  SSIDataPut                     
00001cf1  SSIDisable                     
00001cfb  SSIEnable                      
00001d05  SSIBusy                        
00001d0d  GPIOPinRead                    
00001d13  GPIOPinWrite                   
00001d19  SysCtlDelay                    
00001d1f  __TI_decompress_rle24          
00001d25  _system_pre_init               
00001f08  _ctypes_                       
0000214c  __TI_Handler_Table_Base        
00002154  __TI_CINIT_Base                
00002154  __TI_Handler_Table_Limit       
00002164  __TI_CINIT_Limit               
20000000  __stack                        
20000200  __STACK_TOP                    
20000800  __STACK_END                    
20000800  __TI_cleanup_ptr               
20000804  __TI_dtors_ptr                 
20000808  __TI_enable_exit_profile_output
20000818  SysTickFrequency_Nbr           
2000081c  SysTickCount_Nbr               
20000820  OLED_Initialized               
20000824  _lock                          
20000828  _unlock                        
2000083c  main_func_sp                   
2000085c  g_ulSystemClock                
ffffffff  __TI_pprof_out_hndl            
ffffffff  __TI_prof_data_size            
ffffffff  __TI_prof_data_start           
ffffffff  __binit__                      
ffffffff  __c_args__                     
ffffffff  binit                          
UNDEFED   SHT$$INIT_ARRAY$$Base          
UNDEFED   SHT$$INIT_ARRAY$$Limit         

[98 symbols]
