<?xml version="1.0"?>
<link_info>
   <banner>TI ARM Linker PC v15.12.1.LTS</banner>
   <copyright>Copyright (c) 1996-2015 Texas Instruments Incorporated</copyright>
   <link_time>0x58471007</link_time>
   <link_errors>0x0</link_errors>
   <output_file>FreeRTOS823_LM3S1968_ASM.out</output_file>
   <entry_point>
      <name>_c_int00</name>
      <address>0x5175</address>
   </entry_point>
   <input_file_list>
      <input_file id="fl-2">
         <path>.\</path>
         <kind>object</kind>
         <file>FreeRTOS_LM3S_Startup.obj</file>
         <name>FreeRTOS_LM3S_Startup.obj</name>
      </input_file>
      <input_file id="fl-3">
         <path>.\</path>
         <kind>object</kind>
         <file>Main_Blinky.obj</file>
         <name>Main_Blinky.obj</name>
      </input_file>
      <input_file id="fl-4">
         <path>.\</path>
         <kind>object</kind>
         <file>heap_2.obj</file>
         <name>heap_2.obj</name>
      </input_file>
      <input_file id="fl-5">
         <path>.\Drivers\</path>
         <kind>object</kind>
         <file>UARTStdio_Initialization_LM3S1968.obj</file>
         <name>UARTStdio_Initialization_LM3S1968.obj</name>
      </input_file>
      <input_file id="fl-6">
         <path>.\Drivers\</path>
         <kind>object</kind>
         <file>rit128x96x4.obj</file>
         <name>rit128x96x4.obj</name>
      </input_file>
      <input_file id="fl-7">
         <path>.\Drivers\</path>
         <kind>object</kind>
         <file>uartstdio.obj</file>
         <name>uartstdio.obj</name>
      </input_file>
      <input_file id="fl-8">
         <path>.\Source\</path>
         <kind>object</kind>
         <file>croutine.obj</file>
         <name>croutine.obj</name>
      </input_file>
      <input_file id="fl-9">
         <path>.\Source\</path>
         <kind>object</kind>
         <file>event_groups.obj</file>
         <name>event_groups.obj</name>
      </input_file>
      <input_file id="fl-a">
         <path>.\Source\</path>
         <kind>object</kind>
         <file>list.obj</file>
         <name>list.obj</name>
      </input_file>
      <input_file id="fl-b">
         <path>.\Source\</path>
         <kind>object</kind>
         <file>queue.obj</file>
         <name>queue.obj</name>
      </input_file>
      <input_file id="fl-c">
         <path>.\Source\</path>
         <kind>object</kind>
         <file>tasks.obj</file>
         <name>tasks.obj</name>
      </input_file>
      <input_file id="fl-d">
         <path>.\Source\</path>
         <kind>object</kind>
         <file>timers.obj</file>
         <name>timers.obj</name>
      </input_file>
      <input_file id="fl-e">
         <path>.\Source\portable\CCS\ARM_CM3\</path>
         <kind>object</kind>
         <file>port.obj</file>
         <name>port.obj</name>
      </input_file>
      <input_file id="fl-f">
         <path>.\Source\portable\CCS\ARM_CM3\</path>
         <kind>object</kind>
         <file>portasm.obj</file>
         <name>portasm.obj</name>
      </input_file>
      <input_file id="fl-10">
         <path>.\Tasks\</path>
         <kind>object</kind>
         <file>AsmCompute.obj</file>
         <name>AsmCompute.obj</name>
      </input_file>
      <input_file id="fl-11">
         <path>.\Tasks\</path>
         <kind>object</kind>
         <file>Task_AsmCompute.obj</file>
         <name>Task_AsmCompute.obj</name>
      </input_file>
      <input_file id="fl-12">
         <path>.\Tasks\</path>
         <kind>object</kind>
         <file>Task_Blinky.obj</file>
         <name>Task_Blinky.obj</name>
      </input_file>
      <input_file id="fl-13">
         <path>.\Tasks\</path>
         <kind>object</kind>
         <file>Task_ReportSysTick.obj</file>
         <name>Task_ReportSysTick.obj</name>
      </input_file>
      <input_file id="fl-19">
         <path>C:\TI_CodeComposer\StellarisWare-LM3S1968\driverlib\ccs-cm3\Debug\</path>
         <kind>archive</kind>
         <file>driverlib-cm3.lib</file>
         <name>uart.obj</name>
      </input_file>
      <input_file id="fl-1a">
         <path>C:\TI_CodeComposer\StellarisWare-LM3S1968\driverlib\ccs-cm3\Debug\</path>
         <kind>archive</kind>
         <file>driverlib-cm3.lib</file>
         <name>sysctl.obj</name>
      </input_file>
      <input_file id="fl-1b">
         <path>C:\TI_CodeComposer\StellarisWare-LM3S1968\driverlib\ccs-cm3\Debug\</path>
         <kind>archive</kind>
         <file>driverlib-cm3.lib</file>
         <name>ssi.obj</name>
      </input_file>
      <input_file id="fl-1c">
         <path>C:\TI_CodeComposer\StellarisWare-LM3S1968\driverlib\ccs-cm3\Debug\</path>
         <kind>archive</kind>
         <file>driverlib-cm3.lib</file>
         <name>interrupt.obj</name>
      </input_file>
      <input_file id="fl-1d">
         <path>C:\TI_CodeComposer\StellarisWare-LM3S1968\driverlib\ccs-cm3\Debug\</path>
         <kind>archive</kind>
         <file>driverlib-cm3.lib</file>
         <name>gpio.obj</name>
      </input_file>
      <input_file id="fl-1e">
         <path>C:\TI_CodeComposer\StellarisWare-LM3S1968\driverlib\ccs-cm3\Debug\</path>
         <kind>archive</kind>
         <file>driverlib-cm3.lib</file>
         <name>cpu.obj</name>
      </input_file>
      <input_file id="fl-d4">
         <path>C:\TI_CodeComposer\ccsv6\tools\compiler\ti-cgt-arm_15.12.1.LTS\lib\</path>
         <kind>archive</kind>
         <file>rtsv7M3_T_le_eabi.lib</file>
         <name>boot.obj</name>
      </input_file>
      <input_file id="fl-d5">
         <path>C:\TI_CodeComposer\ccsv6\tools\compiler\ti-cgt-arm_15.12.1.LTS\lib\</path>
         <kind>archive</kind>
         <file>rtsv7M3_T_le_eabi.lib</file>
         <name>copy_decompress_none.obj</name>
      </input_file>
      <input_file id="fl-d6">
         <path>C:\TI_CodeComposer\ccsv6\tools\compiler\ti-cgt-arm_15.12.1.LTS\lib\</path>
         <kind>archive</kind>
         <file>rtsv7M3_T_le_eabi.lib</file>
         <name>copy_decompress_rle.obj</name>
      </input_file>
      <input_file id="fl-d7">
         <path>C:\TI_CodeComposer\ccsv6\tools\compiler\ti-cgt-arm_15.12.1.LTS\lib\</path>
         <kind>archive</kind>
         <file>rtsv7M3_T_le_eabi.lib</file>
         <name>copy_zero_init.obj</name>
      </input_file>
      <input_file id="fl-d8">
         <path>C:\TI_CodeComposer\ccsv6\tools\compiler\ti-cgt-arm_15.12.1.LTS\lib\</path>
         <kind>archive</kind>
         <file>rtsv7M3_T_le_eabi.lib</file>
         <name>exit.obj</name>
      </input_file>
      <input_file id="fl-d9">
         <path>C:\TI_CodeComposer\ccsv6\tools\compiler\ti-cgt-arm_15.12.1.LTS\lib\</path>
         <kind>archive</kind>
         <file>rtsv7M3_T_le_eabi.lib</file>
         <name>memcpy_t2.obj</name>
      </input_file>
      <input_file id="fl-da">
         <path>C:\TI_CodeComposer\ccsv6\tools\compiler\ti-cgt-arm_15.12.1.LTS\lib\</path>
         <kind>archive</kind>
         <file>rtsv7M3_T_le_eabi.lib</file>
         <name>memset_t2.obj</name>
      </input_file>
      <input_file id="fl-db">
         <path>C:\TI_CodeComposer\ccsv6\tools\compiler\ti-cgt-arm_15.12.1.LTS\lib\</path>
         <kind>archive</kind>
         <file>rtsv7M3_T_le_eabi.lib</file>
         <name>mpu_init.obj</name>
      </input_file>
      <input_file id="fl-dc">
         <path>C:\TI_CodeComposer\ccsv6\tools\compiler\ti-cgt-arm_15.12.1.LTS\lib\</path>
         <kind>archive</kind>
         <file>rtsv7M3_T_le_eabi.lib</file>
         <name>pre_init.obj</name>
      </input_file>
      <input_file id="fl-dd">
         <path>C:\TI_CodeComposer\ccsv6\tools\compiler\ti-cgt-arm_15.12.1.LTS\lib\</path>
         <kind>archive</kind>
         <file>rtsv7M3_T_le_eabi.lib</file>
         <name>sprintf.obj</name>
      </input_file>
      <input_file id="fl-de">
         <path>C:\TI_CodeComposer\ccsv6\tools\compiler\ti-cgt-arm_15.12.1.LTS\lib\</path>
         <kind>archive</kind>
         <file>rtsv7M3_T_le_eabi.lib</file>
         <name>stkdepth_vars.obj</name>
      </input_file>
      <input_file id="fl-df">
         <path>C:\TI_CodeComposer\ccsv6\tools\compiler\ti-cgt-arm_15.12.1.LTS\lib\</path>
         <kind>archive</kind>
         <file>rtsv7M3_T_le_eabi.lib</file>
         <name>u_divt2.obj</name>
      </input_file>
      <input_file id="fl-e0">
         <path>C:\TI_CodeComposer\ccsv6\tools\compiler\ti-cgt-arm_15.12.1.LTS\lib\</path>
         <kind>archive</kind>
         <file>rtsv7M3_T_le_eabi.lib</file>
         <name>_lock.obj</name>
      </input_file>
      <input_file id="fl-e1">
         <path>C:\TI_CodeComposer\ccsv6\tools\compiler\ti-cgt-arm_15.12.1.LTS\lib\</path>
         <kind>archive</kind>
         <file>rtsv7M3_T_le_eabi.lib</file>
         <name>_printfi.obj</name>
      </input_file>
      <input_file id="fl-e2">
         <path>C:\TI_CodeComposer\ccsv6\tools\compiler\ti-cgt-arm_15.12.1.LTS\lib\</path>
         <kind>archive</kind>
         <file>rtsv7M3_T_le_eabi.lib</file>
         <name>args_main.obj</name>
      </input_file>
      <input_file id="fl-e3">
         <path>C:\TI_CodeComposer\ccsv6\tools\compiler\ti-cgt-arm_15.12.1.LTS\lib\</path>
         <kind>archive</kind>
         <file>rtsv7M3_T_le_eabi.lib</file>
         <name>atoi.obj</name>
      </input_file>
      <input_file id="fl-e4">
         <path>C:\TI_CodeComposer\ccsv6\tools\compiler\ti-cgt-arm_15.12.1.LTS\lib\</path>
         <kind>archive</kind>
         <file>rtsv7M3_T_le_eabi.lib</file>
         <name>autoinit.obj</name>
      </input_file>
      <input_file id="fl-e5">
         <path>C:\TI_CodeComposer\ccsv6\tools\compiler\ti-cgt-arm_15.12.1.LTS\lib\</path>
         <kind>archive</kind>
         <file>rtsv7M3_T_le_eabi.lib</file>
         <name>cpy_tbl.obj</name>
      </input_file>
      <input_file id="fl-e6">
         <path>C:\TI_CodeComposer\ccsv6\tools\compiler\ti-cgt-arm_15.12.1.LTS\lib\</path>
         <kind>archive</kind>
         <file>rtsv7M3_T_le_eabi.lib</file>
         <name>ctype.obj</name>
      </input_file>
      <input_file id="fl-e7">
         <path>C:\TI_CodeComposer\ccsv6\tools\compiler\ti-cgt-arm_15.12.1.LTS\lib\</path>
         <kind>archive</kind>
         <file>rtsv7M3_T_le_eabi.lib</file>
         <name>fd_add_t2.obj</name>
      </input_file>
      <input_file id="fl-e8">
         <path>C:\TI_CodeComposer\ccsv6\tools\compiler\ti-cgt-arm_15.12.1.LTS\lib\</path>
         <kind>archive</kind>
         <file>rtsv7M3_T_le_eabi.lib</file>
         <name>fd_cmp_t2.obj</name>
      </input_file>
      <input_file id="fl-e9">
         <path>C:\TI_CodeComposer\ccsv6\tools\compiler\ti-cgt-arm_15.12.1.LTS\lib\</path>
         <kind>archive</kind>
         <file>rtsv7M3_T_le_eabi.lib</file>
         <name>fd_div_t2.obj</name>
      </input_file>
      <input_file id="fl-ea">
         <path>C:\TI_CodeComposer\ccsv6\tools\compiler\ti-cgt-arm_15.12.1.LTS\lib\</path>
         <kind>archive</kind>
         <file>rtsv7M3_T_le_eabi.lib</file>
         <name>fd_mul_t2.obj</name>
      </input_file>
      <input_file id="fl-eb">
         <path>C:\TI_CodeComposer\ccsv6\tools\compiler\ti-cgt-arm_15.12.1.LTS\lib\</path>
         <kind>archive</kind>
         <file>rtsv7M3_T_le_eabi.lib</file>
         <name>fd_toi_t2.obj</name>
      </input_file>
      <input_file id="fl-ec">
         <path>C:\TI_CodeComposer\ccsv6\tools\compiler\ti-cgt-arm_15.12.1.LTS\lib\</path>
         <kind>archive</kind>
         <file>rtsv7M3_T_le_eabi.lib</file>
         <name>i_div0.obj</name>
      </input_file>
      <input_file id="fl-ed">
         <path>C:\TI_CodeComposer\ccsv6\tools\compiler\ti-cgt-arm_15.12.1.LTS\lib\</path>
         <kind>archive</kind>
         <file>rtsv7M3_T_le_eabi.lib</file>
         <name>i_tofd_t2.obj</name>
      </input_file>
      <input_file id="fl-ee">
         <path>C:\TI_CodeComposer\ccsv6\tools\compiler\ti-cgt-arm_15.12.1.LTS\lib\</path>
         <kind>archive</kind>
         <file>rtsv7M3_T_le_eabi.lib</file>
         <name>ltoa.obj</name>
      </input_file>
      <input_file id="fl-ef">
         <path>C:\TI_CodeComposer\ccsv6\tools\compiler\ti-cgt-arm_15.12.1.LTS\lib\</path>
         <kind>archive</kind>
         <file>rtsv7M3_T_le_eabi.lib</file>
         <name>memccpy.obj</name>
      </input_file>
      <input_file id="fl-f0">
         <path>C:\TI_CodeComposer\ccsv6\tools\compiler\ti-cgt-arm_15.12.1.LTS\lib\</path>
         <kind>archive</kind>
         <file>rtsv7M3_T_le_eabi.lib</file>
         <name>s_frexp.obj</name>
      </input_file>
      <input_file id="fl-f1">
         <path>C:\TI_CodeComposer\ccsv6\tools\compiler\ti-cgt-arm_15.12.1.LTS\lib\</path>
         <kind>archive</kind>
         <file>rtsv7M3_T_le_eabi.lib</file>
         <name>s_scalbn.obj</name>
      </input_file>
      <input_file id="fl-f2">
         <path>C:\TI_CodeComposer\ccsv6\tools\compiler\ti-cgt-arm_15.12.1.LTS\lib\</path>
         <kind>archive</kind>
         <file>rtsv7M3_T_le_eabi.lib</file>
         <name>startup.obj</name>
      </input_file>
      <input_file id="fl-f3">
         <path>C:\TI_CodeComposer\ccsv6\tools\compiler\ti-cgt-arm_15.12.1.LTS\lib\</path>
         <kind>archive</kind>
         <file>rtsv7M3_T_le_eabi.lib</file>
         <name>strchr.obj</name>
      </input_file>
      <input_file id="fl-f4">
         <path>C:\TI_CodeComposer\ccsv6\tools\compiler\ti-cgt-arm_15.12.1.LTS\lib\</path>
         <kind>archive</kind>
         <file>rtsv7M3_T_le_eabi.lib</file>
         <name>strlen.obj</name>
      </input_file>
      <input_file id="fl-f5">
         <path>C:\TI_CodeComposer\ccsv6\tools\compiler\ti-cgt-arm_15.12.1.LTS\lib\</path>
         <kind>archive</kind>
         <file>rtsv7M3_T_le_eabi.lib</file>
         <name>ull_div_t2.obj</name>
      </input_file>
      <input_file id="fl-f6">
         <path>C:\TI_CodeComposer\ccsv6\tools\compiler\ti-cgt-arm_15.12.1.LTS\lib\</path>
         <kind>archive</kind>
         <file>rtsv7M3_T_le_eabi.lib</file>
         <name>errno.obj</name>
      </input_file>
      <input_file id="fl-f7">
         <path>C:\TI_CodeComposer\ccsv6\tools\compiler\ti-cgt-arm_15.12.1.LTS\lib\</path>
         <kind>archive</kind>
         <file>rtsv7M3_T_le_eabi.lib</file>
         <name>s_copysign.obj</name>
      </input_file>
   </input_file_list>
   <object_component_list>
      <object_component id="oc-f">
         <name>.intvecs</name>
         <load_address>0x0</load_address>
         <run_address>0x0</run_address>
         <size>0x200</size>
         <input_file_ref idref="fl-2"/>
      </object_component>
      <object_component id="oc-2b8">
         <name>.text</name>
         <load_address>0x200</load_address>
         <run_address>0x200</run_address>
         <size>0x10f0</size>
         <input_file_ref idref="fl-e1"/>
      </object_component>
      <object_component id="oc-8c">
         <name>.text</name>
         <load_address>0x12f0</load_address>
         <run_address>0x12f0</run_address>
         <size>0xea0</size>
         <input_file_ref idref="fl-c"/>
      </object_component>
      <object_component id="oc-16f">
         <name>.text</name>
         <load_address>0x2190</load_address>
         <run_address>0x2190</run_address>
         <size>0x914</size>
         <input_file_ref idref="fl-b"/>
      </object_component>
      <object_component id="oc-e8">
         <name>.text</name>
         <load_address>0x2aa4</load_address>
         <run_address>0x2aa4</run_address>
         <size>0x528</size>
         <input_file_ref idref="fl-d"/>
      </object_component>
      <object_component id="oc-20c">
         <name>.text</name>
         <load_address>0x2fcc</load_address>
         <run_address>0x2fcc</run_address>
         <size>0x510</size>
         <input_file_ref idref="fl-6"/>
      </object_component>
      <object_component id="oc-13e">
         <name>.text</name>
         <load_address>0x34dc</load_address>
         <run_address>0x34dc</run_address>
         <size>0x488</size>
         <input_file_ref idref="fl-7"/>
      </object_component>
      <object_component id="oc-2f7">
         <name>.text</name>
         <load_address>0x3964</load_address>
         <run_address>0x3964</run_address>
         <size>0x1f4</size>
         <input_file_ref idref="fl-f5"/>
      </object_component>
      <object_component id="oc-f7">
         <name>.text</name>
         <load_address>0x3b58</load_address>
         <run_address>0x3b58</run_address>
         <size>0x1b8</size>
         <input_file_ref idref="fl-4"/>
      </object_component>
      <object_component id="oc-326">
         <name>.text</name>
         <load_address>0x3d10</load_address>
         <run_address>0x3d10</run_address>
         <size>0x1b6</size>
         <input_file_ref idref="fl-e7"/>
      </object_component>
      <object_component id="oc-26d">
         <name>.text</name>
         <load_address>0x3ec6</load_address>
         <run_address>0x3ec6</run_address>
         <size>0x2</size>
         <input_file_ref idref="fl-ec"/>
      </object_component>
      <object_component id="oc-134">
         <name>.text:SysCtlClockGet</name>
         <load_address>0x3ec8</load_address>
         <run_address>0x3ec8</run_address>
         <size>0x198</size>
         <input_file_ref idref="fl-1a"/>
      </object_component>
      <object_component id="oc-151">
         <name>.text</name>
         <load_address>0x4060</load_address>
         <run_address>0x4060</run_address>
         <size>0x158</size>
         <input_file_ref idref="fl-11"/>
      </object_component>
      <object_component id="oc-130">
         <name>.text:SysCtlClockSet</name>
         <load_address>0x41b8</load_address>
         <run_address>0x41b8</run_address>
         <size>0x144</size>
         <input_file_ref idref="fl-1a"/>
      </object_component>
      <object_component id="oc-30c">
         <name>.text</name>
         <load_address>0x42fc</load_address>
         <run_address>0x42fc</run_address>
         <size>0x136</size>
         <input_file_ref idref="fl-e9"/>
      </object_component>
      <object_component id="oc-e2">
         <name>.text</name>
         <load_address>0x4432</load_address>
         <run_address>0x4432</run_address>
         <size>0x12a</size>
         <input_file_ref idref="fl-a"/>
      </object_component>
      <object_component id="oc-307">
         <name>.text</name>
         <load_address>0x455c</load_address>
         <run_address>0x455c</run_address>
         <size>0xfc</size>
         <input_file_ref idref="fl-ea"/>
      </object_component>
      <object_component id="oc-39">
         <name>.text</name>
         <load_address>0x4658</load_address>
         <run_address>0x4658</run_address>
         <size>0xf0</size>
         <input_file_ref idref="fl-e"/>
      </object_component>
      <object_component id="oc-331">
         <name>.text</name>
         <load_address>0x4748</load_address>
         <run_address>0x4748</run_address>
         <size>0xd0</size>
         <input_file_ref idref="fl-f1"/>
      </object_component>
      <object_component id="oc-1fe">
         <name>.text:GPIOPadConfigSet</name>
         <load_address>0x4818</load_address>
         <run_address>0x4818</run_address>
         <size>0xc8</size>
         <input_file_ref idref="fl-1d"/>
      </object_component>
      <object_component id="oc-cf">
         <name>.text</name>
         <load_address>0x48e0</load_address>
         <run_address>0x48e0</run_address>
         <size>0xc0</size>
         <input_file_ref idref="fl-3"/>
      </object_component>
      <object_component id="oc-42">
         <name>.text</name>
         <load_address>0x49a0</load_address>
         <run_address>0x49a0</run_address>
         <size>0x9c</size>
         <input_file_ref idref="fl-d9"/>
      </object_component>
      <object_component id="oc-302">
         <name>.text:__aeabi_cdcmple</name>
         <load_address>0x4a3c</load_address>
         <run_address>0x4a3c</run_address>
         <size>0x86</size>
         <input_file_ref idref="fl-e8"/>
      </object_component>
      <object_component id="oc-311">
         <name>.text:__aeabi_cdrcmple</name>
         <load_address>0x4ac2</load_address>
         <run_address>0x4ac2</run_address>
         <size>0x86</size>
         <input_file_ref idref="fl-e8"/>
      </object_component>
      <object_component id="oc-34">
         <name>.text</name>
         <load_address>0x4b48</load_address>
         <run_address>0x4b48</run_address>
         <size>0x80</size>
         <input_file_ref idref="fl-f"/>
      </object_component>
      <object_component id="oc-5b">
         <name>.text</name>
         <load_address>0x4bc8</load_address>
         <run_address>0x4bc8</run_address>
         <size>0x7a</size>
         <input_file_ref idref="fl-da"/>
      </object_component>
      <object_component id="oc-67">
         <name>.text</name>
         <load_address>0x4c42</load_address>
         <run_address>0x4c42</run_address>
         <size>0x2</size>
         <input_file_ref idref="fl-db"/>
      </object_component>
      <object_component id="oc-1ce">
         <name>.text:SysCtlPeripheralPresent</name>
         <load_address>0x4c44</load_address>
         <run_address>0x4c44</run_address>
         <size>0x78</size>
         <input_file_ref idref="fl-1a"/>
      </object_component>
      <object_component id="oc-73">
         <name>.text</name>
         <load_address>0x4cbc</load_address>
         <run_address>0x4cbc</run_address>
         <size>0x70</size>
         <input_file_ref idref="fl-e4"/>
      </object_component>
      <object_component id="oc-4e">
         <name>.text</name>
         <load_address>0x4d2c</load_address>
         <run_address>0x4d2c</run_address>
         <size>0x6a</size>
         <input_file_ref idref="fl-d6"/>
      </object_component>
      <object_component id="oc-c7">
         <name>.text</name>
         <load_address>0x4d96</load_address>
         <run_address>0x4d96</run_address>
         <size>0x2</size>
         <input_file_ref idref="fl-f2"/>
      </object_component>
      <object_component id="oc-14b">
         <name>.text</name>
         <load_address>0x4d98</load_address>
         <run_address>0x4d98</run_address>
         <size>0x60</size>
         <input_file_ref idref="fl-13"/>
      </object_component>
      <object_component id="oc-212">
         <name>.text</name>
         <load_address>0x4df8</load_address>
         <run_address>0x4df8</run_address>
         <size>0x60</size>
         <input_file_ref idref="fl-dd"/>
      </object_component>
      <object_component id="oc-32b">
         <name>.text</name>
         <load_address>0x4e58</load_address>
         <run_address>0x4e58</run_address>
         <size>0x5c</size>
         <input_file_ref idref="fl-f0"/>
      </object_component>
      <object_component id="oc-1c2">
         <name>.text:SysCtlPeripheralEnable</name>
         <load_address>0x4eb4</load_address>
         <run_address>0x4eb4</run_address>
         <size>0x58</size>
         <input_file_ref idref="fl-1a"/>
      </object_component>
      <object_component id="oc-31b">
         <name>.text</name>
         <load_address>0x4f0c</load_address>
         <run_address>0x4f0c</run_address>
         <size>0x56</size>
         <input_file_ref idref="fl-ee"/>
      </object_component>
      <object_component id="oc-145">
         <name>.text</name>
         <load_address>0x4f64</load_address>
         <run_address>0x4f64</run_address>
         <size>0x54</size>
         <input_file_ref idref="fl-12"/>
      </object_component>
      <object_component id="oc-7f">
         <name>.text</name>
         <load_address>0x4fb8</load_address>
         <run_address>0x4fb8</run_address>
         <size>0x54</size>
         <input_file_ref idref="fl-d8"/>
      </object_component>
      <object_component id="oc-343">
         <name>.text</name>
         <load_address>0x500c</load_address>
         <run_address>0x500c</run_address>
         <size>0x4c</size>
         <input_file_ref idref="fl-e3"/>
      </object_component>
      <object_component id="oc-c1">
         <name>.text</name>
         <load_address>0x5058</load_address>
         <run_address>0x5058</run_address>
         <size>0x4c</size>
         <input_file_ref idref="fl-e5"/>
      </object_component>
      <object_component id="oc-316">
         <name>.text</name>
         <load_address>0x50a4</load_address>
         <run_address>0x50a4</run_address>
         <size>0x48</size>
         <input_file_ref idref="fl-eb"/>
      </object_component>
      <object_component id="oc-294">
         <name>.text:SSIConfigSetExpClk</name>
         <load_address>0x50ec</load_address>
         <run_address>0x50ec</run_address>
         <size>0x44</size>
         <input_file_ref idref="fl-1b"/>
      </object_component>
      <object_component id="oc-1d2">
         <name>.text:UARTConfigSetExpClk</name>
         <load_address>0x5130</load_address>
         <run_address>0x5130</run_address>
         <size>0x42</size>
         <input_file_ref idref="fl-19"/>
      </object_component>
      <object_component id="oc-24">
         <name>.text</name>
         <load_address>0x5174</load_address>
         <run_address>0x5174</run_address>
         <size>0x40</size>
         <input_file_ref idref="fl-d4"/>
      </object_component>
      <object_component id="oc-1eb">
         <name>.text</name>
         <load_address>0x51b4</load_address>
         <run_address>0x51b4</run_address>
         <size>0x40</size>
         <input_file_ref idref="fl-df"/>
      </object_component>
      <object_component id="oc-138">
         <name>.text</name>
         <load_address>0x51f4</load_address>
         <run_address>0x51f4</run_address>
         <size>0x3c</size>
         <input_file_ref idref="fl-5"/>
      </object_component>
      <object_component id="oc-21a">
         <name>.text</name>
         <load_address>0x5230</load_address>
         <run_address>0x5230</run_address>
         <size>0x38</size>
         <input_file_ref idref="fl-10"/>
      </object_component>
      <object_component id="oc-256">
         <name>.text:GPIODirModeSet</name>
         <load_address>0x5268</load_address>
         <run_address>0x5268</run_address>
         <size>0x2e</size>
         <input_file_ref idref="fl-1d"/>
      </object_component>
      <object_component id="oc-321">
         <name>.text</name>
         <load_address>0x5296</load_address>
         <run_address>0x5296</run_address>
         <size>0x2e</size>
         <input_file_ref idref="fl-ed"/>
      </object_component>
      <object_component id="oc-25e">
         <name>.text:UARTDisable</name>
         <load_address>0x52c4</load_address>
         <run_address>0x52c4</run_address>
         <size>0x1c</size>
         <input_file_ref idref="fl-19"/>
      </object_component>
      <object_component id="oc-33d">
         <name>.text</name>
         <load_address>0x52e0</load_address>
         <run_address>0x52e0</run_address>
         <size>0x1a</size>
         <input_file_ref idref="fl-ef"/>
      </object_component>
      <object_component id="oc-79">
         <name>.text</name>
         <load_address>0x52fc</load_address>
         <run_address>0x52fc</run_address>
         <size>0x18</size>
         <input_file_ref idref="fl-e2"/>
      </object_component>
      <object_component id="oc-337">
         <name>.text</name>
         <load_address>0x5314</load_address>
         <run_address>0x5314</run_address>
         <size>0x16</size>
         <input_file_ref idref="fl-f3"/>
      </object_component>
      <object_component id="oc-1d6">
         <name>.text:UARTEnable</name>
         <load_address>0x532a</load_address>
         <run_address>0x532a</run_address>
         <size>0x14</size>
         <input_file_ref idref="fl-19"/>
      </object_component>
      <object_component id="oc-161">
         <name>.text</name>
         <load_address>0x5340</load_address>
         <run_address>0x5340</run_address>
         <size>0x14</size>
         <input_file_ref idref="fl-e0"/>
      </object_component>
      <object_component id="oc-2fc">
         <name>.text</name>
         <load_address>0x5354</load_address>
         <run_address>0x5354</run_address>
         <size>0x14</size>
         <input_file_ref idref="fl-f4"/>
      </object_component>
      <object_component id="oc-1fa">
         <name>.text:GPIOPinTypeGPIOOutput</name>
         <load_address>0x5368</load_address>
         <run_address>0x5368</run_address>
         <size>0x12</size>
         <input_file_ref idref="fl-1d"/>
      </object_component>
      <object_component id="oc-298">
         <name>.text:GPIOPinTypeSSI</name>
         <load_address>0x537a</load_address>
         <run_address>0x537a</run_address>
         <size>0x12</size>
         <input_file_ref idref="fl-1d"/>
      </object_component>
      <object_component id="oc-1c6">
         <name>.text:GPIOPinTypeUART</name>
         <load_address>0x538c</load_address>
         <run_address>0x538c</run_address>
         <size>0x12</size>
         <input_file_ref idref="fl-1d"/>
      </object_component>
      <object_component id="oc-2a0">
         <name>.text:SSIDataGetNonBlocking</name>
         <load_address>0x539e</load_address>
         <run_address>0x539e</run_address>
         <size>0x12</size>
         <input_file_ref idref="fl-1b"/>
      </object_component>
      <object_component id="oc-12">
         <name>.text:decompress:none</name>
         <load_address>0x53b0</load_address>
         <run_address>0x53b0</run_address>
         <size>0xe</size>
         <input_file_ref idref="fl-d5"/>
      </object_component>
      <object_component id="oc-2e">
         <name>.text</name>
         <load_address>0x53be</load_address>
         <run_address>0x53be</run_address>
         <size>0xc</size>
         <input_file_ref idref="fl-2"/>
      </object_component>
      <object_component id="oc-289">
         <name>.text:SSIDataPut</name>
         <load_address>0x53ca</load_address>
         <run_address>0x53ca</run_address>
         <size>0xa</size>
         <input_file_ref idref="fl-1b"/>
      </object_component>
      <object_component id="oc-290">
         <name>.text:SSIDisable</name>
         <load_address>0x53d4</load_address>
         <run_address>0x53d4</run_address>
         <size>0xa</size>
         <input_file_ref idref="fl-1b"/>
      </object_component>
      <object_component id="oc-29c">
         <name>.text:SSIEnable</name>
         <load_address>0x53de</load_address>
         <run_address>0x53de</run_address>
         <size>0xa</size>
         <input_file_ref idref="fl-1b"/>
      </object_component>
      <object_component id="oc-1de">
         <name>.text:UARTCharGet</name>
         <load_address>0x53e8</load_address>
         <run_address>0x53e8</run_address>
         <size>0xa</size>
         <input_file_ref idref="fl-19"/>
      </object_component>
      <object_component id="oc-1da">
         <name>.text:UARTCharPut</name>
         <load_address>0x53f2</load_address>
         <run_address>0x53f2</run_address>
         <size>0xa</size>
         <input_file_ref idref="fl-19"/>
      </object_component>
      <object_component id="oc-285">
         <name>.text:SSIBusy</name>
         <load_address>0x53fc</load_address>
         <run_address>0x53fc</run_address>
         <size>0x8</size>
         <input_file_ref idref="fl-1b"/>
      </object_component>
      <object_component id="oc-371">
         <name>.text</name>
         <load_address>0x5404</load_address>
         <run_address>0x5404</run_address>
         <size>0x8</size>
         <input_file_ref idref="fl-f7"/>
      </object_component>
      <object_component id="oc-202">
         <name>.text:GPIOPinRead</name>
         <load_address>0x540c</load_address>
         <run_address>0x540c</run_address>
         <size>0x6</size>
         <input_file_ref idref="fl-1d"/>
      </object_component>
      <object_component id="oc-206">
         <name>.text:GPIOPinWrite</name>
         <load_address>0x5412</load_address>
         <run_address>0x5412</run_address>
         <size>0x6</size>
         <input_file_ref idref="fl-1d"/>
      </object_component>
      <object_component id="oc-1b8">
         <name>.text:SysCtlDelay</name>
         <load_address>0x5418</load_address>
         <run_address>0x5418</run_address>
         <size>0x6</size>
         <input_file_ref idref="fl-1a"/>
      </object_component>
      <object_component id="oc-18">
         <name>.text:decompress:rle24</name>
         <load_address>0x541e</load_address>
         <run_address>0x541e</run_address>
         <size>0x6</size>
         <input_file_ref idref="fl-d6"/>
      </object_component>
      <object_component id="oc-6d">
         <name>.text</name>
         <load_address>0x5424</load_address>
         <run_address>0x5424</run_address>
         <size>0x4</size>
         <input_file_ref idref="fl-dc"/>
      </object_component>
      <object_component id="oc-2af">
         <name>.const:g_pucFont</name>
         <load_address>0x5428</load_address>
         <run_address>0x5428</run_address>
         <size>0x1e0</size>
         <input_file_ref idref="fl-6"/>
      </object_component>
      <object_component id="oc-380">
         <name>.const:.string:_ctypes_</name>
         <load_address>0x5608</load_address>
         <run_address>0x5608</run_address>
         <size>0x101</size>
         <input_file_ref idref="fl-e6"/>
      </object_component>
      <object_component id="oc-2a7">
         <name>.const:.string:pucCommand1$1</name>
         <load_address>0x5709</load_address>
         <run_address>0x5709</run_address>
         <size>0x3</size>
         <input_file_ref idref="fl-6"/>
      </object_component>
      <object_component id="oc-1bf">
         <name>.const:g_pulXtals</name>
         <load_address>0x570c</load_address>
         <run_address>0x570c</run_address>
         <size>0x6c</size>
         <input_file_ref idref="fl-1a"/>
      </object_component>
      <object_component id="oc-2b2">
         <name>.const:.string:g_pucRIT128x96x4Init</name>
         <load_address>0x5778</load_address>
         <run_address>0x5778</run_address>
         <size>0x4f</size>
         <input_file_ref idref="fl-6"/>
      </object_component>
      <object_component id="oc-253">
         <name>.const</name>
         <load_address>0x57c8</load_address>
         <run_address>0x57c8</run_address>
         <size>0x40</size>
         <input_file_ref idref="fl-1a"/>
      </object_component>
      <object_component id="oc-274">
         <name>.const:.string</name>
         <load_address>0x5808</load_address>
         <run_address>0x5808</run_address>
         <size>0x12</size>
         <input_file_ref idref="fl-7"/>
      </object_component>
      <object_component id="oc-2a9">
         <name>.const:.string:g_pucRIT128x96x4HorizontalInc</name>
         <load_address>0x581a</load_address>
         <run_address>0x581a</run_address>
         <size>0x2</size>
         <input_file_ref idref="fl-6"/>
      </object_component>
      <object_component id="oc-1e8">
         <name>.const:g_ulUARTBase</name>
         <load_address>0x581c</load_address>
         <run_address>0x581c</run_address>
         <size>0xc</size>
         <input_file_ref idref="fl-7"/>
      </object_component>
      <object_component id="oc-1e2">
         <name>.const:g_ulUARTPeriph</name>
         <load_address>0x5828</load_address>
         <run_address>0x5828</run_address>
         <size>0xc</size>
         <input_file_ref idref="fl-7"/>
      </object_component>
      <object_component id="oc-1f0">
         <name>.const</name>
         <load_address>0x5834</load_address>
         <run_address>0x5834</run_address>
         <size>0x4</size>
         <input_file_ref idref="fl-7"/>
      </object_component>
      <object_component id="oc-2a8">
         <name>.const:.string:pucCommand2$2</name>
         <load_address>0x5838</load_address>
         <run_address>0x5838</run_address>
         <size>0x3</size>
         <input_file_ref idref="fl-6"/>
      </object_component>
      <object_component id="oc-2ac">
         <name>.const:.string:g_pucRIT128x96x4VerticalInc</name>
         <load_address>0x583b</load_address>
         <run_address>0x583b</run_address>
         <size>0x2</size>
         <input_file_ref idref="fl-6"/>
      </object_component>
      <object_component id="oc-2b5">
         <name>.const:.string:pucCommand1$3</name>
         <load_address>0x583d</load_address>
         <run_address>0x583d</run_address>
         <size>0x2</size>
         <input_file_ref idref="fl-6"/>
      </object_component>
      <object_component id="oc-19f">
         <name>.const</name>
         <load_address>0x5840</load_address>
         <run_address>0x5840</run_address>
         <size>0x2</size>
         <input_file_ref idref="fl-4"/>
      </object_component>
      <object_component id="oc-3c3">
         <name>.cinit..data.load</name>
         <load_address>0x5848</load_address>
         <run_address>0x5848</run_address>
         <size>0x20</size>
      </object_component>
      <object_component id="oc-3c4">
         <name>.cinit..bss.load</name>
         <load_address>0x5868</load_address>
         <run_address>0x5868</run_address>
         <size>0xb</size>
      </object_component>
      <object_component id="oc-3c1">
         <name>__TI_handler_table</name>
         <load_address>0x5874</load_address>
         <run_address>0x5874</run_address>
         <size>0x8</size>
      </object_component>
      <object_component id="oc-3c2">
         <name>__TI_cinit_table</name>
         <load_address>0x587c</load_address>
         <run_address>0x587c</run_address>
         <size>0x10</size>
      </object_component>
      <object_component id="oc-193">
         <name>.data</name>
         <load_address>0x2000cdc8</load_address>
         <run_address>0x2000cdc8</run_address>
         <size>0x8</size>
         <input_file_ref idref="fl-4"/>
      </object_component>
      <object_component id="oc-1ca">
         <name>.data</name>
         <load_address>0x2000cde8</load_address>
         <run_address>0x2000cde8</run_address>
         <size>0x4</size>
         <input_file_ref idref="fl-5"/>
      </object_component>
      <object_component id="oc-1e5">
         <name>.data</name>
         <load_address>0x2000cde0</load_address>
         <run_address>0x2000cde0</run_address>
         <size>0x5</size>
         <input_file_ref idref="fl-7"/>
      </object_component>
      <object_component id="oc-92">
         <name>.data</name>
         <load_address>0x2000cd88</load_address>
         <run_address>0x2000cd88</run_address>
         <size>0x2c</size>
         <input_file_ref idref="fl-c"/>
      </object_component>
      <object_component id="oc-175">
         <name>.data</name>
         <load_address>0x2000cdd8</load_address>
         <run_address>0x2000cdd8</run_address>
         <size>0x8</size>
         <input_file_ref idref="fl-d"/>
      </object_component>
      <object_component id="oc-96">
         <name>.data</name>
         <load_address>0x2000cdd0</load_address>
         <run_address>0x2000cdd0</run_address>
         <size>0x8</size>
         <input_file_ref idref="fl-e"/>
      </object_component>
      <object_component id="oc-d7">
         <name>.data:$O1$$</name>
         <load_address>0x2000cdb4</load_address>
         <run_address>0x2000cdb4</run_address>
         <size>0xc</size>
         <input_file_ref idref="fl-d8"/>
      </object_component>
      <object_component id="oc-85">
         <name>.data</name>
         <load_address>0x2000cdf0</load_address>
         <run_address>0x2000cdf0</run_address>
         <size>0x4</size>
         <input_file_ref idref="fl-de"/>
      </object_component>
      <object_component id="oc-da">
         <name>.data:$O1$$</name>
         <load_address>0x2000cdc0</load_address>
         <run_address>0x2000cdc0</run_address>
         <size>0x8</size>
         <input_file_ref idref="fl-e0"/>
      </object_component>
      <object_component id="oc-377">
         <name>.data</name>
         <load_address>0x2000cdec</load_address>
         <run_address>0x2000cdec</run_address>
         <size>0x4</size>
         <input_file_ref idref="fl-f6"/>
      </object_component>
      <object_component id="oc-2b">
         <name>.bss:pulStack</name>
         <uninitialized>true</uninitialized>
         <run_address>0x2000c350</run_address>
         <size>0x100</size>
         <input_file_ref idref="fl-2"/>
      </object_component>
      <object_component id="oc-199">
         <name>.bss:xHeap</name>
         <uninitialized>true</uninitialized>
         <run_address>0x20000000</run_address>
         <size>0xc350</size>
         <input_file_ref idref="fl-4"/>
      </object_component>
      <object_component id="oc-196">
         <name>.bss:xStart</name>
         <uninitialized>true</uninitialized>
         <run_address>0x2000c578</run_address>
         <size>0x8</size>
         <input_file_ref idref="fl-4"/>
      </object_component>
      <object_component id="oc-19c">
         <name>.bss:xEnd</name>
         <uninitialized>true</uninitialized>
         <run_address>0x2000c570</run_address>
         <size>0x8</size>
         <input_file_ref idref="fl-4"/>
      </object_component>
      <object_component id="oc-28d">
         <name>.bss</name>
         <uninitialized>true</uninitialized>
         <run_address>0x2000c580</run_address>
         <size>0x4</size>
         <input_file_ref idref="fl-6"/>
      </object_component>
      <object_component id="oc-2a4">
         <name>.bss:g_pucBuffer</name>
         <uninitialized>true</uninitialized>
         <run_address>0x2000c558</run_address>
         <size>0x8</size>
         <input_file_ref idref="fl-6"/>
      </object_component>
      <object_component id="oc-ee">
         <name>.bss:pxReadyTasksLists</name>
         <uninitialized>true</uninitialized>
         <run_address>0x2000c450</run_address>
         <size>0x64</size>
         <input_file_ref idref="fl-c"/>
      </object_component>
      <object_component id="oc-fd">
         <name>.bss:xDelayedTaskList1</name>
         <uninitialized>true</uninitialized>
         <run_address>0x2000c51c</run_address>
         <size>0x14</size>
         <input_file_ref idref="fl-c"/>
      </object_component>
      <object_component id="oc-100">
         <name>.bss:xDelayedTaskList2</name>
         <uninitialized>true</uninitialized>
         <run_address>0x2000c530</run_address>
         <size>0x14</size>
         <input_file_ref idref="fl-c"/>
      </object_component>
      <object_component id="oc-f4">
         <name>.bss</name>
         <uninitialized>true</uninitialized>
         <run_address>0x2000c560</run_address>
         <size>0x8</size>
         <input_file_ref idref="fl-c"/>
      </object_component>
      <object_component id="oc-f1">
         <name>.bss:xPendingReadyList</name>
         <uninitialized>true</uninitialized>
         <run_address>0x2000c544</run_address>
         <size>0x14</size>
         <input_file_ref idref="fl-c"/>
      </object_component>
      <object_component id="oc-17b">
         <name>.bss:xActiveTimerList1</name>
         <uninitialized>true</uninitialized>
         <run_address>0x2000c4f4</run_address>
         <size>0x14</size>
         <input_file_ref idref="fl-d"/>
      </object_component>
      <object_component id="oc-17e">
         <name>.bss:xActiveTimerList2</name>
         <uninitialized>true</uninitialized>
         <run_address>0x2000c508</run_address>
         <size>0x14</size>
         <input_file_ref idref="fl-d"/>
      </object_component>
      <object_component id="oc-178">
         <name>.bss</name>
         <uninitialized>true</uninitialized>
         <run_address>0x2000c568</run_address>
         <size>0x8</size>
         <input_file_ref idref="fl-d"/>
      </object_component>
      <object_component id="oc-144">
         <name>.common:g_ulSystemClock</name>
         <uninitialized>true</uninitialized>
         <run_address>0x2000c584</run_address>
         <size>0x4</size>
      </object_component>
      <object_component id="oc-226">
         <name>.common:xQueueRegistry</name>
         <uninitialized>true</uninitialized>
         <run_address>0x2000c4b4</run_address>
         <size>0x40</size>
      </object_component>
      <object_component id="oc-2a">
         <name>.stack</name>
         <uninitialized>true</uninitialized>
         <run_address>0x2000c588</run_address>
         <size>0x0</size>
         <input_file_ref idref="fl-d4"/>
      </object_component>
      <object_component id="oc-3c5">
         <name>.stack</name>
         <uninitialized>true</uninitialized>
         <run_address>0x2000c588</run_address>
         <size>0x0</size>
      </object_component>
      <object_component id="oc-41">
         <name>.debug_info</name>
         <load_address>0x0</load_address>
         <run_address>0x0</run_address>
         <size>0x179</size>
         <input_file_ref idref="fl-2"/>
      </object_component>
      <object_component id="oc-2c">
         <name>.debug_info</name>
         <load_address>0x179</load_address>
         <run_address>0x179</run_address>
         <size>0xe8</size>
         <input_file_ref idref="fl-2"/>
      </object_component>
      <object_component id="oc-10">
         <name>.debug_info</name>
         <load_address>0x261</load_address>
         <run_address>0x261</run_address>
         <size>0xf1</size>
         <input_file_ref idref="fl-2"/>
      </object_component>
      <object_component id="oc-2f">
         <name>.debug_info</name>
         <load_address>0x352</load_address>
         <run_address>0x352</run_address>
         <size>0x255</size>
         <input_file_ref idref="fl-2"/>
      </object_component>
      <object_component id="oc-a7">
         <name>.debug_info</name>
         <load_address>0x5a7</load_address>
         <run_address>0x5a7</run_address>
         <size>0x84</size>
         <input_file_ref idref="fl-2"/>
      </object_component>
      <object_component id="oc-10a">
         <name>.debug_info</name>
         <load_address>0x62b</load_address>
         <run_address>0x62b</run_address>
         <size>0x18b</size>
         <input_file_ref idref="fl-2"/>
      </object_component>
      <object_component id="oc-1f5">
         <name>.debug_info</name>
         <load_address>0x7b6</load_address>
         <run_address>0x7b6</run_address>
         <size>0x4e</size>
         <input_file_ref idref="fl-2"/>
      </object_component>
      <object_component id="oc-11f">
         <name>.debug_info</name>
         <load_address>0x804</load_address>
         <run_address>0x804</run_address>
         <size>0x357</size>
         <input_file_ref idref="fl-3"/>
      </object_component>
      <object_component id="oc-d0">
         <name>.debug_info</name>
         <load_address>0xb5b</load_address>
         <run_address>0xb5b</run_address>
         <size>0x1cc</size>
         <input_file_ref idref="fl-3"/>
      </object_component>
      <object_component id="oc-105">
         <name>.debug_info</name>
         <load_address>0xd27</load_address>
         <run_address>0xd27</run_address>
         <size>0x2ef</size>
         <input_file_ref idref="fl-3"/>
      </object_component>
      <object_component id="oc-9b">
         <name>.debug_info</name>
         <load_address>0x1016</load_address>
         <run_address>0x1016</run_address>
         <size>0x2c</size>
         <input_file_ref idref="fl-3"/>
      </object_component>
      <object_component id="oc-279">
         <name>.debug_info</name>
         <load_address>0x1042</load_address>
         <run_address>0x1042</run_address>
         <size>0x2c</size>
         <input_file_ref idref="fl-3"/>
      </object_component>
      <object_component id="oc-a0">
         <name>.debug_info</name>
         <load_address>0x106e</load_address>
         <run_address>0x106e</run_address>
         <size>0xae</size>
         <input_file_ref idref="fl-3"/>
      </object_component>
      <object_component id="oc-11a">
         <name>.debug_info</name>
         <load_address>0x111c</load_address>
         <run_address>0x111c</run_address>
         <size>0x14c</size>
         <input_file_ref idref="fl-3"/>
      </object_component>
      <object_component id="oc-1a3">
         <name>.debug_info</name>
         <load_address>0x1268</load_address>
         <run_address>0x1268</run_address>
         <size>0x1c7</size>
         <input_file_ref idref="fl-4"/>
      </object_component>
      <object_component id="oc-19a">
         <name>.debug_info</name>
         <load_address>0x142f</load_address>
         <run_address>0x142f</run_address>
         <size>0xd3</size>
         <input_file_ref idref="fl-4"/>
      </object_component>
      <object_component id="oc-1a0">
         <name>.debug_info</name>
         <load_address>0x1502</load_address>
         <run_address>0x1502</run_address>
         <size>0xe7</size>
         <input_file_ref idref="fl-4"/>
      </object_component>
      <object_component id="oc-197">
         <name>.debug_info</name>
         <load_address>0x15e9</load_address>
         <run_address>0x15e9</run_address>
         <size>0xd5</size>
         <input_file_ref idref="fl-4"/>
      </object_component>
      <object_component id="oc-19d">
         <name>.debug_info</name>
         <load_address>0x16be</load_address>
         <run_address>0x16be</run_address>
         <size>0xd1</size>
         <input_file_ref idref="fl-4"/>
      </object_component>
      <object_component id="oc-194">
         <name>.debug_info</name>
         <load_address>0x178f</load_address>
         <run_address>0x178f</run_address>
         <size>0xef</size>
         <input_file_ref idref="fl-4"/>
      </object_component>
      <object_component id="oc-f8">
         <name>.debug_info</name>
         <load_address>0x187e</load_address>
         <run_address>0x187e</run_address>
         <size>0x481</size>
         <input_file_ref idref="fl-4"/>
      </object_component>
      <object_component id="oc-1a4">
         <name>.debug_info</name>
         <load_address>0x1cff</load_address>
         <run_address>0x1cff</run_address>
         <size>0x110</size>
         <input_file_ref idref="fl-4"/>
      </object_component>
      <object_component id="oc-23e">
         <name>.debug_info</name>
         <load_address>0x1e0f</load_address>
         <run_address>0x1e0f</run_address>
         <size>0x99</size>
         <input_file_ref idref="fl-4"/>
      </object_component>
      <object_component id="oc-1cb">
         <name>.debug_info</name>
         <load_address>0x1ea8</load_address>
         <run_address>0x1ea8</run_address>
         <size>0x10f</size>
         <input_file_ref idref="fl-5"/>
      </object_component>
      <object_component id="oc-139">
         <name>.debug_info</name>
         <load_address>0x1fb7</load_address>
         <run_address>0x1fb7</run_address>
         <size>0x1f9</size>
         <input_file_ref idref="fl-5"/>
      </object_component>
      <object_component id="oc-2b7">
         <name>.debug_info</name>
         <load_address>0x21b0</load_address>
         <run_address>0x21b0</run_address>
         <size>0x3bc</size>
         <input_file_ref idref="fl-6"/>
      </object_component>
      <object_component id="oc-28e">
         <name>.debug_info</name>
         <load_address>0x256c</load_address>
         <run_address>0x256c</run_address>
         <size>0xee</size>
         <input_file_ref idref="fl-6"/>
      </object_component>
      <object_component id="oc-2a5">
         <name>.debug_info</name>
         <load_address>0x265a</load_address>
         <run_address>0x265a</run_address>
         <size>0xec</size>
         <input_file_ref idref="fl-6"/>
      </object_component>
      <object_component id="oc-2ad">
         <name>.debug_info</name>
         <load_address>0x2746</load_address>
         <run_address>0x2746</run_address>
         <size>0x10c</size>
         <input_file_ref idref="fl-6"/>
      </object_component>
      <object_component id="oc-2aa">
         <name>.debug_info</name>
         <load_address>0x2852</load_address>
         <run_address>0x2852</run_address>
         <size>0x110</size>
         <input_file_ref idref="fl-6"/>
      </object_component>
      <object_component id="oc-2b0">
         <name>.debug_info</name>
         <load_address>0x2962</load_address>
         <run_address>0x2962</run_address>
         <size>0xe8</size>
         <input_file_ref idref="fl-6"/>
      </object_component>
      <object_component id="oc-2b3">
         <name>.debug_info</name>
         <load_address>0x2a4a</load_address>
         <run_address>0x2a4a</run_address>
         <size>0xfe</size>
         <input_file_ref idref="fl-6"/>
      </object_component>
      <object_component id="oc-20d">
         <name>.debug_info</name>
         <load_address>0x2b48</load_address>
         <run_address>0x2b48</run_address>
         <size>0xcc0</size>
         <input_file_ref idref="fl-6"/>
      </object_component>
      <object_component id="oc-1f4">
         <name>.debug_info</name>
         <load_address>0x3808</load_address>
         <run_address>0x3808</run_address>
         <size>0x274</size>
         <input_file_ref idref="fl-7"/>
      </object_component>
      <object_component id="oc-1e6">
         <name>.debug_info</name>
         <load_address>0x3a7c</load_address>
         <run_address>0x3a7c</run_address>
         <size>0xe4</size>
         <input_file_ref idref="fl-7"/>
      </object_component>
      <object_component id="oc-1f1">
         <name>.debug_info</name>
         <load_address>0x3b60</load_address>
         <run_address>0x3b60</run_address>
         <size>0xe2</size>
         <input_file_ref idref="fl-7"/>
      </object_component>
      <object_component id="oc-1e9">
         <name>.debug_info</name>
         <load_address>0x3c42</load_address>
         <run_address>0x3c42</run_address>
         <size>0xec</size>
         <input_file_ref idref="fl-7"/>
      </object_component>
      <object_component id="oc-1e3">
         <name>.debug_info</name>
         <load_address>0x3d2e</load_address>
         <run_address>0x3d2e</run_address>
         <size>0xf0</size>
         <input_file_ref idref="fl-7"/>
      </object_component>
      <object_component id="oc-13f">
         <name>.debug_info</name>
         <load_address>0x3e1e</load_address>
         <run_address>0x3e1e</run_address>
         <size>0x775</size>
         <input_file_ref idref="fl-7"/>
      </object_component>
      <object_component id="oc-237">
         <name>.debug_info</name>
         <load_address>0x4593</load_address>
         <run_address>0x4593</run_address>
         <size>0x47d</size>
         <input_file_ref idref="fl-9"/>
      </object_component>
      <object_component id="oc-2ce">
         <name>.debug_info</name>
         <load_address>0x4a10</load_address>
         <run_address>0x4a10</run_address>
         <size>0x39</size>
         <input_file_ref idref="fl-9"/>
      </object_component>
      <object_component id="oc-182">
         <name>.debug_info</name>
         <load_address>0x4a49</load_address>
         <run_address>0x4a49</run_address>
         <size>0x46</size>
         <input_file_ref idref="fl-9"/>
      </object_component>
      <object_component id="oc-2d3">
         <name>.debug_info</name>
         <load_address>0x4a8f</load_address>
         <run_address>0x4a8f</run_address>
         <size>0x62</size>
         <input_file_ref idref="fl-9"/>
      </object_component>
      <object_component id="oc-16e">
         <name>.debug_info</name>
         <load_address>0x4af1</load_address>
         <run_address>0x4af1</run_address>
         <size>0x12b</size>
         <input_file_ref idref="fl-a"/>
      </object_component>
      <object_component id="oc-e3">
         <name>.debug_info</name>
         <load_address>0x4c1c</load_address>
         <run_address>0x4c1c</run_address>
         <size>0x49a</size>
         <input_file_ref idref="fl-a"/>
      </object_component>
      <object_component id="oc-227">
         <name>.debug_info</name>
         <load_address>0x50b6</load_address>
         <run_address>0x50b6</run_address>
         <size>0x69f</size>
         <input_file_ref idref="fl-b"/>
      </object_component>
      <object_component id="oc-170">
         <name>.debug_info</name>
         <load_address>0x5755</load_address>
         <run_address>0x5755</run_address>
         <size>0x26a1</size>
         <input_file_ref idref="fl-b"/>
      </object_component>
      <object_component id="oc-2c7">
         <name>.debug_info</name>
         <load_address>0x7df6</load_address>
         <run_address>0x7df6</run_address>
         <size>0x1a5</size>
         <input_file_ref idref="fl-b"/>
      </object_component>
      <object_component id="oc-22a">
         <name>.debug_info</name>
         <load_address>0x7f9b</load_address>
         <run_address>0x7f9b</run_address>
         <size>0x46</size>
         <input_file_ref idref="fl-b"/>
      </object_component>
      <object_component id="oc-104">
         <name>.debug_info</name>
         <load_address>0x7fe1</load_address>
         <run_address>0x7fe1</run_address>
         <size>0x56c</size>
         <input_file_ref idref="fl-c"/>
      </object_component>
      <object_component id="oc-93">
         <name>.debug_info</name>
         <load_address>0x854d</load_address>
         <run_address>0x854d</run_address>
         <size>0x2c9</size>
         <input_file_ref idref="fl-c"/>
      </object_component>
      <object_component id="oc-ef">
         <name>.debug_info</name>
         <load_address>0x8816</load_address>
         <run_address>0x8816</run_address>
         <size>0xf1</size>
         <input_file_ref idref="fl-c"/>
      </object_component>
      <object_component id="oc-fe">
         <name>.debug_info</name>
         <load_address>0x8907</load_address>
         <run_address>0x8907</run_address>
         <size>0xf1</size>
         <input_file_ref idref="fl-c"/>
      </object_component>
      <object_component id="oc-101">
         <name>.debug_info</name>
         <load_address>0x89f8</load_address>
         <run_address>0x89f8</run_address>
         <size>0xf1</size>
         <input_file_ref idref="fl-c"/>
      </object_component>
      <object_component id="oc-f5">
         <name>.debug_info</name>
         <load_address>0x8ae9</load_address>
         <run_address>0x8ae9</run_address>
         <size>0x133</size>
         <input_file_ref idref="fl-c"/>
      </object_component>
      <object_component id="oc-f2">
         <name>.debug_info</name>
         <load_address>0x8c1c</load_address>
         <run_address>0x8c1c</run_address>
         <size>0xf1</size>
         <input_file_ref idref="fl-c"/>
      </object_component>
      <object_component id="oc-8d">
         <name>.debug_info</name>
         <load_address>0x8d0d</load_address>
         <run_address>0x8d0d</run_address>
         <size>0x306c</size>
         <input_file_ref idref="fl-c"/>
      </object_component>
      <object_component id="oc-10f">
         <name>.debug_info</name>
         <load_address>0xbd79</load_address>
         <run_address>0xbd79</run_address>
         <size>0x141</size>
         <input_file_ref idref="fl-c"/>
      </object_component>
      <object_component id="oc-187">
         <name>.debug_info</name>
         <load_address>0xbeba</load_address>
         <run_address>0xbeba</run_address>
         <size>0x662</size>
         <input_file_ref idref="fl-d"/>
      </object_component>
      <object_component id="oc-17c">
         <name>.debug_info</name>
         <load_address>0xc51c</load_address>
         <run_address>0xc51c</run_address>
         <size>0xf2</size>
         <input_file_ref idref="fl-d"/>
      </object_component>
      <object_component id="oc-17f">
         <name>.debug_info</name>
         <load_address>0xc60e</load_address>
         <run_address>0xc60e</run_address>
         <size>0xf2</size>
         <input_file_ref idref="fl-d"/>
      </object_component>
      <object_component id="oc-179">
         <name>.debug_info</name>
         <load_address>0xc700</load_address>
         <run_address>0xc700</run_address>
         <size>0x12a</size>
         <input_file_ref idref="fl-d"/>
      </object_component>
      <object_component id="oc-176">
         <name>.debug_info</name>
         <load_address>0xc82a</load_address>
         <run_address>0xc82a</run_address>
         <size>0xe6</size>
         <input_file_ref idref="fl-d"/>
      </object_component>
      <object_component id="oc-e9">
         <name>.debug_info</name>
         <load_address>0xc910</load_address>
         <run_address>0xc910</run_address>
         <size>0x16d5</size>
         <input_file_ref idref="fl-d"/>
      </object_component>
      <object_component id="oc-188">
         <name>.debug_info</name>
         <load_address>0xdfe5</load_address>
         <run_address>0xdfe5</run_address>
         <size>0x1ba</size>
         <input_file_ref idref="fl-d"/>
      </object_component>
      <object_component id="oc-9a">
         <name>.debug_info</name>
         <load_address>0xe19f</load_address>
         <run_address>0xe19f</run_address>
         <size>0x214</size>
         <input_file_ref idref="fl-e"/>
      </object_component>
      <object_component id="oc-97">
         <name>.debug_info</name>
         <load_address>0xe3b3</load_address>
         <run_address>0xe3b3</run_address>
         <size>0x138</size>
         <input_file_ref idref="fl-e"/>
      </object_component>
      <object_component id="oc-3a">
         <name>.debug_info</name>
         <load_address>0xe4eb</load_address>
         <run_address>0xe4eb</run_address>
         <size>0x6e8</size>
         <input_file_ref idref="fl-e"/>
      </object_component>
      <object_component id="oc-35">
         <name>.debug_info</name>
         <load_address>0xebd3</load_address>
         <run_address>0xebd3</run_address>
         <size>0x157</size>
         <input_file_ref idref="fl-f"/>
      </object_component>
      <object_component id="oc-21b">
         <name>.debug_info</name>
         <load_address>0xed2a</load_address>
         <run_address>0xed2a</run_address>
         <size>0xfd</size>
         <input_file_ref idref="fl-10"/>
      </object_component>
      <object_component id="oc-220">
         <name>.debug_info</name>
         <load_address>0xee27</load_address>
         <run_address>0xee27</run_address>
         <size>0x1b8</size>
         <input_file_ref idref="fl-11"/>
      </object_component>
      <object_component id="oc-152">
         <name>.debug_info</name>
         <load_address>0xefdf</load_address>
         <run_address>0xefdf</run_address>
         <size>0x289</size>
         <input_file_ref idref="fl-11"/>
      </object_component>
      <object_component id="oc-20b">
         <name>.debug_info</name>
         <load_address>0xf268</load_address>
         <run_address>0xf268</run_address>
         <size>0x27a</size>
         <input_file_ref idref="fl-12"/>
      </object_component>
      <object_component id="oc-146">
         <name>.debug_info</name>
         <load_address>0xf4e2</load_address>
         <run_address>0xf4e2</run_address>
         <size>0x20c</size>
         <input_file_ref idref="fl-12"/>
      </object_component>
      <object_component id="oc-219">
         <name>.debug_info</name>
         <load_address>0xf6ee</load_address>
         <run_address>0xf6ee</run_address>
         <size>0x263</size>
         <input_file_ref idref="fl-13"/>
      </object_component>
      <object_component id="oc-14c">
         <name>.debug_info</name>
         <load_address>0xf951</load_address>
         <run_address>0xf951</run_address>
         <size>0x27d</size>
         <input_file_ref idref="fl-13"/>
      </object_component>
      <object_component id="oc-263">
         <name>.debug_info</name>
         <load_address>0xfbce</load_address>
         <run_address>0xfbce</run_address>
         <size>0x47d</size>
         <input_file_ref idref="fl-19"/>
      </object_component>
      <object_component id="oc-1d8">
         <name>.debug_info</name>
         <load_address>0x1004b</load_address>
         <run_address>0x1004b</run_address>
         <size>0x1b4</size>
         <input_file_ref idref="fl-19"/>
      </object_component>
      <object_component id="oc-260">
         <name>.debug_info</name>
         <load_address>0x101ff</load_address>
         <run_address>0x101ff</run_address>
         <size>0x23d</size>
         <input_file_ref idref="fl-19"/>
      </object_component>
      <object_component id="oc-1d4">
         <name>.debug_info</name>
         <load_address>0x1043c</load_address>
         <run_address>0x1043c</run_address>
         <size>0x27b</size>
         <input_file_ref idref="fl-19"/>
      </object_component>
      <object_component id="oc-1dc">
         <name>.debug_info</name>
         <load_address>0x106b7</load_address>
         <run_address>0x106b7</run_address>
         <size>0x268</size>
         <input_file_ref idref="fl-19"/>
      </object_component>
      <object_component id="oc-1e0">
         <name>.debug_info</name>
         <load_address>0x1091f</load_address>
         <run_address>0x1091f</run_address>
         <size>0x242</size>
         <input_file_ref idref="fl-19"/>
      </object_component>
      <object_component id="oc-1ba">
         <name>.debug_info</name>
         <load_address>0x10b61</load_address>
         <run_address>0x10b61</run_address>
         <size>0x84</size>
         <input_file_ref idref="fl-19"/>
      </object_component>
      <object_component id="oc-24d">
         <name>.debug_info</name>
         <load_address>0x10be5</load_address>
         <run_address>0x10be5</run_address>
         <size>0x2c</size>
         <input_file_ref idref="fl-19"/>
      </object_component>
      <object_component id="oc-1be">
         <name>.debug_info</name>
         <load_address>0x10c11</load_address>
         <run_address>0x10c11</run_address>
         <size>0x4cc</size>
         <input_file_ref idref="fl-1a"/>
      </object_component>
      <object_component id="oc-254">
         <name>.debug_info</name>
         <load_address>0x110dd</load_address>
         <run_address>0x110dd</run_address>
         <size>0x1b8</size>
         <input_file_ref idref="fl-1a"/>
      </object_component>
      <object_component id="oc-1c0">
         <name>.debug_info</name>
         <load_address>0x11295</load_address>
         <run_address>0x11295</run_address>
         <size>0x10e</size>
         <input_file_ref idref="fl-1a"/>
      </object_component>
      <object_component id="oc-1d1">
         <name>.debug_info</name>
         <load_address>0x113a3</load_address>
         <run_address>0x113a3</run_address>
         <size>0x1f0</size>
         <input_file_ref idref="fl-1a"/>
      </object_component>
      <object_component id="oc-1c5">
         <name>.debug_info</name>
         <load_address>0x11593</load_address>
         <run_address>0x11593</run_address>
         <size>0x1ea</size>
         <input_file_ref idref="fl-1a"/>
      </object_component>
      <object_component id="oc-133">
         <name>.debug_info</name>
         <load_address>0x1177d</load_address>
         <run_address>0x1177d</run_address>
         <size>0x2e4</size>
         <input_file_ref idref="fl-1a"/>
      </object_component>
      <object_component id="oc-137">
         <name>.debug_info</name>
         <load_address>0x11a61</load_address>
         <run_address>0x11a61</run_address>
         <size>0x1ea</size>
         <input_file_ref idref="fl-1a"/>
      </object_component>
      <object_component id="oc-2e2">
         <name>.debug_info</name>
         <load_address>0x11c4b</load_address>
         <run_address>0x11c4b</run_address>
         <size>0x477</size>
         <input_file_ref idref="fl-1b"/>
      </object_component>
      <object_component id="oc-29f">
         <name>.debug_info</name>
         <load_address>0x120c2</load_address>
         <run_address>0x120c2</run_address>
         <size>0x1af</size>
         <input_file_ref idref="fl-1b"/>
      </object_component>
      <object_component id="oc-293">
         <name>.debug_info</name>
         <load_address>0x12271</load_address>
         <run_address>0x12271</run_address>
         <size>0x1b1</size>
         <input_file_ref idref="fl-1b"/>
      </object_component>
      <object_component id="oc-28c">
         <name>.debug_info</name>
         <load_address>0x12422</load_address>
         <run_address>0x12422</run_address>
         <size>0x261</size>
         <input_file_ref idref="fl-1b"/>
      </object_component>
      <object_component id="oc-2a3">
         <name>.debug_info</name>
         <load_address>0x12683</load_address>
         <run_address>0x12683</run_address>
         <size>0x1f9</size>
         <input_file_ref idref="fl-1b"/>
      </object_component>
      <object_component id="oc-297">
         <name>.debug_info</name>
         <load_address>0x1287c</load_address>
         <run_address>0x1287c</run_address>
         <size>0x396</size>
         <input_file_ref idref="fl-1b"/>
      </object_component>
      <object_component id="oc-287">
         <name>.debug_info</name>
         <load_address>0x12c12</load_address>
         <run_address>0x12c12</run_address>
         <size>0x1af</size>
         <input_file_ref idref="fl-1b"/>
      </object_component>
      <object_component id="oc-280">
         <name>.debug_info</name>
         <load_address>0x12dc1</load_address>
         <run_address>0x12dc1</run_address>
         <size>0x471</size>
         <input_file_ref idref="fl-1d"/>
      </object_component>
      <object_component id="oc-207">
         <name>.debug_info</name>
         <load_address>0x13232</load_address>
         <run_address>0x13232</run_address>
         <size>0x208</size>
         <input_file_ref idref="fl-1d"/>
      </object_component>
      <object_component id="oc-257">
         <name>.debug_info</name>
         <load_address>0x1343a</load_address>
         <run_address>0x1343a</run_address>
         <size>0x214</size>
         <input_file_ref idref="fl-1d"/>
      </object_component>
      <object_component id="oc-1ff">
         <name>.debug_info</name>
         <load_address>0x1364e</load_address>
         <run_address>0x1364e</run_address>
         <size>0x25a</size>
         <input_file_ref idref="fl-1d"/>
      </object_component>
      <object_component id="oc-1c7">
         <name>.debug_info</name>
         <load_address>0x138a8</load_address>
         <run_address>0x138a8</run_address>
         <size>0x1ea</size>
         <input_file_ref idref="fl-1d"/>
      </object_component>
      <object_component id="oc-299">
         <name>.debug_info</name>
         <load_address>0x13a92</load_address>
         <run_address>0x13a92</run_address>
         <size>0x1e8</size>
         <input_file_ref idref="fl-1d"/>
      </object_component>
      <object_component id="oc-1fb">
         <name>.debug_info</name>
         <load_address>0x13c7a</load_address>
         <run_address>0x13c7a</run_address>
         <size>0x1f6</size>
         <input_file_ref idref="fl-1d"/>
      </object_component>
      <object_component id="oc-203">
         <name>.debug_info</name>
         <load_address>0x13e70</load_address>
         <run_address>0x13e70</run_address>
         <size>0x1e4</size>
         <input_file_ref idref="fl-1d"/>
      </object_component>
      <object_component id="oc-27">
         <name>.debug_info</name>
         <load_address>0x14054</load_address>
         <run_address>0x14054</run_address>
         <size>0x17c</size>
         <input_file_ref idref="fl-d4"/>
      </object_component>
      <object_component id="oc-4d">
         <name>.debug_info</name>
         <load_address>0x141d0</load_address>
         <run_address>0x141d0</run_address>
         <size>0x15c</size>
         <input_file_ref idref="fl-d5"/>
      </object_component>
      <object_component id="oc-15">
         <name>.debug_info</name>
         <load_address>0x1432c</load_address>
         <run_address>0x1432c</run_address>
         <size>0x1fb</size>
         <input_file_ref idref="fl-d5"/>
      </object_component>
      <object_component id="oc-48">
         <name>.debug_info</name>
         <load_address>0x14527</load_address>
         <run_address>0x14527</run_address>
         <size>0x46</size>
         <input_file_ref idref="fl-d5"/>
      </object_component>
      <object_component id="oc-ad">
         <name>.debug_info</name>
         <load_address>0x1456d</load_address>
         <run_address>0x1456d</run_address>
         <size>0x2c</size>
         <input_file_ref idref="fl-d5"/>
      </object_component>
      <object_component id="oc-55">
         <name>.debug_info</name>
         <load_address>0x14599</load_address>
         <run_address>0x14599</run_address>
         <size>0x150</size>
         <input_file_ref idref="fl-d6"/>
      </object_component>
      <object_component id="oc-4f">
         <name>.debug_info</name>
         <load_address>0x146e9</load_address>
         <run_address>0x146e9</run_address>
         <size>0x263</size>
         <input_file_ref idref="fl-d6"/>
      </object_component>
      <object_component id="oc-19">
         <name>.debug_info</name>
         <load_address>0x1494c</load_address>
         <run_address>0x1494c</run_address>
         <size>0x1cd</size>
         <input_file_ref idref="fl-d6"/>
      </object_component>
      <object_component id="oc-56">
         <name>.debug_info</name>
         <load_address>0x14b19</load_address>
         <run_address>0x14b19</run_address>
         <size>0x39</size>
         <input_file_ref idref="fl-d6"/>
      </object_component>
      <object_component id="oc-b7">
         <name>.debug_info</name>
         <load_address>0x14b52</load_address>
         <run_address>0x14b52</run_address>
         <size>0x2c</size>
         <input_file_ref idref="fl-d6"/>
      </object_component>
      <object_component id="oc-de">
         <name>.debug_info</name>
         <load_address>0x14b7e</load_address>
         <run_address>0x14b7e</run_address>
         <size>0x250</size>
         <input_file_ref idref="fl-d8"/>
      </object_component>
      <object_component id="oc-d8">
         <name>.debug_info</name>
         <load_address>0x14dce</load_address>
         <run_address>0x14dce</run_address>
         <size>0x1a1</size>
         <input_file_ref idref="fl-d8"/>
      </object_component>
      <object_component id="oc-80">
         <name>.debug_info</name>
         <load_address>0x14f6f</load_address>
         <run_address>0x14f6f</run_address>
         <size>0x230</size>
         <input_file_ref idref="fl-d8"/>
      </object_component>
      <object_component id="oc-43">
         <name>.debug_info</name>
         <load_address>0x1519f</load_address>
         <run_address>0x1519f</run_address>
         <size>0x12d</size>
         <input_file_ref idref="fl-d9"/>
      </object_component>
      <object_component id="oc-5c">
         <name>.debug_info</name>
         <load_address>0x152cc</load_address>
         <run_address>0x152cc</run_address>
         <size>0x15b</size>
         <input_file_ref idref="fl-da"/>
      </object_component>
      <object_component id="oc-68">
         <name>.debug_info</name>
         <load_address>0x15427</load_address>
         <run_address>0x15427</run_address>
         <size>0x154</size>
         <input_file_ref idref="fl-db"/>
      </object_component>
      <object_component id="oc-6e">
         <name>.debug_info</name>
         <load_address>0x1557b</load_address>
         <run_address>0x1557b</run_address>
         <size>0x164</size>
         <input_file_ref idref="fl-dc"/>
      </object_component>
      <object_component id="oc-2bf">
         <name>.debug_info</name>
         <load_address>0x156df</load_address>
         <run_address>0x156df</run_address>
         <size>0x1d7</size>
         <input_file_ref idref="fl-dd"/>
      </object_component>
      <object_component id="oc-213">
         <name>.debug_info</name>
         <load_address>0x158b6</load_address>
         <run_address>0x158b6</run_address>
         <size>0x300</size>
         <input_file_ref idref="fl-dd"/>
      </object_component>
      <object_component id="oc-350">
         <name>.debug_info</name>
         <load_address>0x15bb6</load_address>
         <run_address>0x15bb6</run_address>
         <size>0x2c</size>
         <input_file_ref idref="fl-dd"/>
      </object_component>
      <object_component id="oc-86">
         <name>.debug_info</name>
         <load_address>0x15be2</load_address>
         <run_address>0x15be2</run_address>
         <size>0x125</size>
         <input_file_ref idref="fl-de"/>
      </object_component>
      <object_component id="oc-1ed">
         <name>.debug_info</name>
         <load_address>0x15d07</load_address>
         <run_address>0x15d07</run_address>
         <size>0x156</size>
         <input_file_ref idref="fl-df"/>
      </object_component>
      <object_component id="oc-169">
         <name>.debug_info</name>
         <load_address>0x15e5d</load_address>
         <run_address>0x15e5d</run_address>
         <size>0x140</size>
         <input_file_ref idref="fl-e0"/>
      </object_component>
      <object_component id="oc-db">
         <name>.debug_info</name>
         <load_address>0x15f9d</load_address>
         <run_address>0x15f9d</run_address>
         <size>0x12f</size>
         <input_file_ref idref="fl-e0"/>
      </object_component>
      <object_component id="oc-162">
         <name>.debug_info</name>
         <load_address>0x160cc</load_address>
[...]
         <value>0x1831</value>
         <object_component_ref idref="oc-8c"/>
      </symbol>
      <symbol id="sm-421">
         <name>vTaskSetTimeOutState</name>
         <value>0x1973</value>
         <object_component_ref idref="oc-8c"/>
      </symbol>
      <symbol id="sm-422">
         <name>xTaskIncrementTick</name>
         <value>0x1641</value>
         <object_component_ref idref="oc-8c"/>
      </symbol>
      <symbol id="sm-423">
         <name>vTaskSwitchContext</name>
         <value>0x1729</value>
         <object_component_ref idref="oc-8c"/>
      </symbol>
      <symbol id="sm-424">
         <name>uxTaskResetEventItemValue</name>
         <value>0x1d2b</value>
         <object_component_ref idref="oc-8c"/>
      </symbol>
      <symbol id="sm-425">
         <name>xTaskGetSchedulerState</name>
         <value>0x1be1</value>
         <object_component_ref idref="oc-8c"/>
      </symbol>
      <symbol id="sm-426">
         <name>xTaskGetCurrentTaskHandle</name>
         <value>0x1bd1</value>
         <object_component_ref idref="oc-8c"/>
      </symbol>
      <symbol id="sm-427">
         <name>vTaskPlaceOnUnorderedEventList</name>
         <value>0x17e1</value>
         <object_component_ref idref="oc-8c"/>
      </symbol>
      <symbol id="sm-428">
         <name>xTaskRemoveFromEventList</name>
         <value>0x1875</value>
         <object_component_ref idref="oc-8c"/>
      </symbol>
      <symbol id="sm-4aa">
         <name>xTimerCreateTimerTask</name>
         <value>0x2aa5</value>
         <object_component_ref idref="oc-e8"/>
      </symbol>
      <symbol id="sm-4ab">
         <name>pcTimerGetTimerName</name>
         <value>0x2ba1</value>
         <object_component_ref idref="oc-e8"/>
      </symbol>
      <symbol id="sm-4ac">
         <name>xTimerIsTimerActive</name>
         <value>0x2f51</value>
         <object_component_ref idref="oc-e8"/>
      </symbol>
      <symbol id="sm-4ad">
         <name>xTimerCreate</name>
         <value>0x2adf</value>
         <object_component_ref idref="oc-e8"/>
      </symbol>
      <symbol id="sm-4ae">
         <name>xTimerGenericCommand</name>
         <value>0x2b33</value>
         <object_component_ref idref="oc-e8"/>
      </symbol>
      <symbol id="sm-4af">
         <name>pvTimerGetTimerID</name>
         <value>0x2f7d</value>
         <object_component_ref idref="oc-e8"/>
      </symbol>
      <symbol id="sm-4b0">
         <name>vTimerSetTimerID</name>
         <value>0x2f97</value>
         <object_component_ref idref="oc-e8"/>
      </symbol>
      <symbol id="sm-4d5">
         <name>vPortSetupTimerInterrupt</name>
         <value>0x4721</value>
         <object_component_ref idref="oc-39"/>
      </symbol>
      <symbol id="sm-4d6">
         <name>vPortEndScheduler</name>
         <value>0x46c9</value>
         <object_component_ref idref="oc-39"/>
      </symbol>
      <symbol id="sm-4d7">
         <name>xPortSysTickCount</name>
         <value>0x2000cdd4</value>
         <object_component_ref idref="oc-96"/>
      </symbol>
      <symbol id="sm-4d8">
         <name>xPortSysTickHandler</name>
         <value>0x46fd</value>
         <object_component_ref idref="oc-39"/>
      </symbol>
      <symbol id="sm-4d9">
         <name>vPortYieldFromISR</name>
         <value>0x46cb</value>
         <object_component_ref idref="oc-39"/>
      </symbol>
      <symbol id="sm-4da">
         <name>pxPortInitialiseStack</name>
         <value>0x4659</value>
         <object_component_ref idref="oc-39"/>
      </symbol>
      <symbol id="sm-4db">
         <name>vPortExitCritical</name>
         <value>0x46e5</value>
         <object_component_ref idref="oc-39"/>
      </symbol>
      <symbol id="sm-4dc">
         <name>xPortStartScheduler</name>
         <value>0x46a1</value>
         <object_component_ref idref="oc-39"/>
      </symbol>
      <symbol id="sm-4dd">
         <name>vPortEnterCritical</name>
         <value>0x46d5</value>
         <object_component_ref idref="oc-39"/>
      </symbol>
      <symbol id="sm-4eb">
         <name>vPortStartFirstTask</name>
         <value>0x4bb7</value>
         <object_component_ref idref="oc-34"/>
      </symbol>
      <symbol id="sm-4ec">
         <name>xPortPendSVHandler</name>
         <value>0x4b49</value>
         <object_component_ref idref="oc-34"/>
      </symbol>
      <symbol id="sm-4ed">
         <name>vPortClearInterruptMask</name>
         <value>0x4b93</value>
         <object_component_ref idref="oc-34"/>
      </symbol>
      <symbol id="sm-4ee">
         <name>ulPortSetInterruptMask</name>
         <value>0x4b85</value>
         <object_component_ref idref="oc-34"/>
      </symbol>
      <symbol id="sm-4ef">
         <name>vPortSVCHandler</name>
         <value>0x4b99</value>
         <object_component_ref idref="oc-34"/>
      </symbol>
      <symbol id="sm-4fd">
         <name>AsmCompute</name>
         <value>0x5231</value>
         <object_component_ref idref="oc-21a"/>
      </symbol>
      <symbol id="sm-51d">
         <name>Task_AsmCompute</name>
         <value>0x4061</value>
         <object_component_ref idref="oc-151"/>
      </symbol>
      <symbol id="sm-52e">
         <name>Task_Blinky</name>
         <value>0x4f65</value>
         <object_component_ref idref="oc-145"/>
      </symbol>
      <symbol id="sm-541">
         <name>Task_ReportSysTick</name>
         <value>0x4d99</value>
         <object_component_ref idref="oc-14b"/>
      </symbol>
      <symbol id="sm-579">
         <name>UARTConfigSetExpClk</name>
         <value>0x5131</value>
         <object_component_ref idref="oc-1d2"/>
      </symbol>
      <symbol id="sm-57a">
         <name>UARTDisable</name>
         <value>0x52c5</value>
         <object_component_ref idref="oc-25e"/>
      </symbol>
      <symbol id="sm-57b">
         <name>UARTCharPut</name>
         <value>0x53f3</value>
         <object_component_ref idref="oc-1da"/>
      </symbol>
      <symbol id="sm-57c">
         <name>UARTEnable</name>
         <value>0x532b</value>
         <object_component_ref idref="oc-1d6"/>
      </symbol>
      <symbol id="sm-57d">
         <name>UARTCharGet</name>
         <value>0x53e9</value>
         <object_component_ref idref="oc-1de"/>
      </symbol>
      <symbol id="sm-5fe">
         <name>SysCtlPeripheralPresent</name>
         <value>0x4c45</value>
         <object_component_ref idref="oc-1ce"/>
      </symbol>
      <symbol id="sm-5ff">
         <name>SysCtlClockSet</name>
         <value>0x41b9</value>
         <object_component_ref idref="oc-130"/>
      </symbol>
      <symbol id="sm-600">
         <name>SysCtlDelay</name>
         <value>0x5419</value>
         <object_component_ref idref="oc-1b8"/>
      </symbol>
      <symbol id="sm-601">
         <name>SysCtlPeripheralEnable</name>
         <value>0x4eb5</value>
         <object_component_ref idref="oc-1c2"/>
      </symbol>
      <symbol id="sm-602">
         <name>SysCtlClockGet</name>
         <value>0x3ec9</value>
         <object_component_ref idref="oc-134"/>
      </symbol>
      <symbol id="sm-636">
         <name>SSIDataPut</name>
         <value>0x53cb</value>
         <object_component_ref idref="oc-289"/>
      </symbol>
      <symbol id="sm-637">
         <name>SSIDataGetNonBlocking</name>
         <value>0x539f</value>
         <object_component_ref idref="oc-2a0"/>
      </symbol>
      <symbol id="sm-638">
         <name>SSIConfigSetExpClk</name>
         <value>0x50ed</value>
         <object_component_ref idref="oc-294"/>
      </symbol>
      <symbol id="sm-639">
         <name>SSIEnable</name>
         <value>0x53df</value>
         <object_component_ref idref="oc-29c"/>
      </symbol>
      <symbol id="sm-63a">
         <name>SSIBusy</name>
         <value>0x53fd</value>
         <object_component_ref idref="oc-285"/>
      </symbol>
      <symbol id="sm-63b">
         <name>SSIDisable</name>
         <value>0x53d5</value>
         <object_component_ref idref="oc-290"/>
      </symbol>
      <symbol id="sm-681">
         <name>GPIOPinTypeUART</name>
         <value>0x538d</value>
         <object_component_ref idref="oc-1c6"/>
      </symbol>
      <symbol id="sm-682">
         <name>GPIOPinTypeGPIOOutput</name>
         <value>0x5369</value>
         <object_component_ref idref="oc-1fa"/>
      </symbol>
      <symbol id="sm-683">
         <name>GPIOPinRead</name>
         <value>0x540d</value>
         <object_component_ref idref="oc-202"/>
      </symbol>
      <symbol id="sm-684">
         <name>GPIODirModeSet</name>
         <value>0x5269</value>
         <object_component_ref idref="oc-256"/>
      </symbol>
      <symbol id="sm-685">
         <name>GPIOPinWrite</name>
         <value>0x5413</value>
         <object_component_ref idref="oc-206"/>
      </symbol>
      <symbol id="sm-686">
         <name>GPIOPadConfigSet</name>
         <value>0x4819</value>
         <object_component_ref idref="oc-1fe"/>
      </symbol>
      <symbol id="sm-687">
         <name>GPIOPinTypeSSI</name>
         <value>0x537b</value>
         <object_component_ref idref="oc-298"/>
      </symbol>
      <symbol id="sm-698">
         <name>_c_int00</name>
         <value>0x5175</value>
         <object_component_ref idref="oc-24"/>
      </symbol>
      <symbol id="sm-699">
         <name>__stack</name>
         <value>0x2000c588</value>
         <object_component_ref idref="oc-2a"/>
      </symbol>
      <symbol id="sm-6b0">
         <name>__TI_decompress_none</name>
         <value>0x53b1</value>
         <object_component_ref idref="oc-12"/>
      </symbol>
      <symbol id="sm-6d8">
         <name>__TI_decompress_rle24</name>
         <value>0x541f</value>
         <object_component_ref idref="oc-18"/>
      </symbol>
      <symbol id="sm-6fa">
         <name>C$$EXIT</name>
         <value>0x4fb9</value>
         <object_component_ref idref="oc-7f"/>
      </symbol>
      <symbol id="sm-6fb">
         <name>abort</name>
         <value>0x4fbd</value>
         <object_component_ref idref="oc-7f"/>
      </symbol>
      <symbol id="sm-6fc">
         <name>exit</name>
         <value>0x4fc5</value>
         <object_component_ref idref="oc-7f"/>
      </symbol>
      <symbol id="sm-6fd">
         <name>__TI_dtors_ptr</name>
         <value>0x2000cdb8</value>
         <object_component_ref idref="oc-d7"/>
      </symbol>
      <symbol id="sm-6fe">
         <name>__TI_cleanup_ptr</name>
         <value>0x2000cdb4</value>
         <object_component_ref idref="oc-d7"/>
      </symbol>
      <symbol id="sm-6ff">
         <name>__TI_enable_exit_profile_output</name>
         <value>0x2000cdbc</value>
         <object_component_ref idref="oc-d7"/>
      </symbol>
      <symbol id="sm-71a">
         <name>memcpy</name>
         <value>0x49a1</value>
         <object_component_ref idref="oc-42"/>
      </symbol>
      <symbol id="sm-71b">
         <name>__aeabi_memcpy</name>
         <value>0x49a1</value>
         <object_component_ref idref="oc-42"/>
      </symbol>
      <symbol id="sm-71c">
         <name>__aeabi_memcpy8</name>
         <value>0x49a1</value>
         <object_component_ref idref="oc-42"/>
      </symbol>
      <symbol id="sm-71d">
         <name>__aeabi_memcpy4</name>
         <value>0x49a1</value>
         <object_component_ref idref="oc-42"/>
      </symbol>
      <symbol id="sm-72c">
         <name>__aeabi_memset</name>
         <value>0x4bcb</value>
         <object_component_ref idref="oc-5b"/>
      </symbol>
      <symbol id="sm-72d">
         <name>memset</name>
         <value>0x4bd1</value>
         <object_component_ref idref="oc-5b"/>
      </symbol>
      <symbol id="sm-72e">
         <name>__aeabi_memset8</name>
         <value>0x4bcb</value>
         <object_component_ref idref="oc-5b"/>
      </symbol>
      <symbol id="sm-72f">
         <name>__aeabi_memset4</name>
         <value>0x4bcb</value>
         <object_component_ref idref="oc-5b"/>
      </symbol>
      <symbol id="sm-730">
         <name>__aeabi_memclr8</name>
         <value>0x4bc9</value>
         <object_component_ref idref="oc-5b"/>
      </symbol>
      <symbol id="sm-731">
         <name>__aeabi_memclr4</name>
         <value>0x4bc9</value>
         <object_component_ref idref="oc-5b"/>
      </symbol>
      <symbol id="sm-732">
         <name>__aeabi_memclr</name>
         <value>0x4bc9</value>
         <object_component_ref idref="oc-5b"/>
      </symbol>
      <symbol id="sm-73c">
         <name>__mpu_init</name>
         <value>0x4c43</value>
         <object_component_ref idref="oc-67"/>
      </symbol>
      <symbol id="sm-746">
         <name>_system_pre_init</name>
         <value>0x5425</value>
         <object_component_ref idref="oc-6d"/>
      </symbol>
      <symbol id="sm-75f">
         <name>sprintf</name>
         <value>0x4df9</value>
         <object_component_ref idref="oc-212"/>
      </symbol>
      <symbol id="sm-767">
         <name>main_func_sp</name>
         <value>0x2000cdf0</value>
         <object_component_ref idref="oc-85"/>
      </symbol>
      <symbol id="sm-776">
         <name>__aeabi_uidivmod</name>
         <value>0x51b5</value>
         <object_component_ref idref="oc-1eb"/>
      </symbol>
      <symbol id="sm-777">
         <name>__aeabi_uidiv</name>
         <value>0x51b5</value>
         <object_component_ref idref="oc-1eb"/>
      </symbol>
      <symbol id="sm-790">
         <name>_nop</name>
         <value>0x534f</value>
         <object_component_ref idref="oc-161"/>
      </symbol>
      <symbol id="sm-791">
         <name>_lock</name>
         <value>0x2000cdc0</value>
         <object_component_ref idref="oc-da"/>
      </symbol>
      <symbol id="sm-792">
         <name>_unlock</name>
         <value>0x2000cdc4</value>
         <object_component_ref idref="oc-da"/>
      </symbol>
      <symbol id="sm-793">
         <name>_register_lock</name>
         <value>0x5347</value>
         <object_component_ref idref="oc-161"/>
      </symbol>
      <symbol id="sm-794">
         <name>_register_unlock</name>
         <value>0x5341</value>
         <object_component_ref idref="oc-161"/>
      </symbol>
      <symbol id="sm-89b">
         <name>__TI_printfi</name>
         <value>0xfeb</value>
         <object_component_ref idref="oc-2b8"/>
      </symbol>
      <symbol id="sm-8af">
         <name>_args_main</name>
         <value>0x52fd</value>
         <object_component_ref idref="oc-79"/>
      </symbol>
      <symbol id="sm-8c5">
         <name>atoi</name>
         <value>0x500d</value>
         <object_component_ref idref="oc-343"/>
      </symbol>
      <symbol id="sm-8ea">
         <name>__TI_auto_init</name>
         <value>0x4cbd</value>
         <object_component_ref idref="oc-73"/>
      </symbol>
      <symbol id="sm-904">
         <name>copy_in</name>
         <value>0x5059</value>
         <object_component_ref idref="oc-c1"/>
      </symbol>
      <symbol id="sm-90f">
         <name>_ctypes_</name>
         <value>0x5608</value>
         <object_component_ref idref="oc-380"/>
      </symbol>
      <symbol id="sm-926">
         <name>__aeabi_dsub</name>
         <value>0x3d11</value>
         <object_component_ref idref="oc-326"/>
      </symbol>
      <symbol id="sm-927">
         <name>__aeabi_dadd</name>
         <value>0x3d1b</value>
         <object_component_ref idref="oc-326"/>
      </symbol>
      <symbol id="sm-949">
         <name>__aeabi_cdcmpeq</name>
         <value>0x4a3d</value>
         <object_component_ref idref="oc-302"/>
      </symbol>
      <symbol id="sm-94a">
         <name>__aeabi_cdcmple</name>
         <value>0x4a3d</value>
         <object_component_ref idref="oc-302"/>
      </symbol>
      <symbol id="sm-94b">
         <name>__aeabi_cdrcmple</name>
         <value>0x4ac3</value>
         <object_component_ref idref="oc-311"/>
      </symbol>
      <symbol id="sm-95f">
         <name>__aeabi_ddiv</name>
         <value>0x42fd</value>
         <object_component_ref idref="oc-30c"/>
      </symbol>
      <symbol id="sm-96a">
         <name>__aeabi_dmul</name>
         <value>0x455d</value>
         <object_component_ref idref="oc-307"/>
      </symbol>
      <symbol id="sm-974">
         <name>__aeabi_d2iz</name>
         <value>0x50a5</value>
         <object_component_ref idref="oc-316"/>
      </symbol>
      <symbol id="sm-97e">
         <name>__aeabi_idiv0</name>
         <value>0x3ec7</value>
         <object_component_ref idref="oc-26d"/>
      </symbol>
      <symbol id="sm-988">
         <name>__aeabi_i2d</name>
         <value>0x5297</value>
         <object_component_ref idref="oc-321"/>
      </symbol>
      <symbol id="sm-997">
         <name>ltoa</name>
         <value>0x4f0d</value>
         <object_component_ref idref="oc-31b"/>
      </symbol>
      <symbol id="sm-9a7">
         <name>memccpy</name>
         <value>0x52e1</value>
         <object_component_ref idref="oc-33d"/>
      </symbol>
      <symbol id="sm-9c0">
         <name>frexpl</name>
         <value>0x4e59</value>
         <object_component_ref idref="oc-32b"/>
      </symbol>
      <symbol id="sm-9c1">
         <name>frexp</name>
         <value>0x4e59</value>
         <object_component_ref idref="oc-32b"/>
      </symbol>
      <symbol id="sm-9df">
         <name>scalbn</name>
         <value>0x4749</value>
         <object_component_ref idref="oc-331"/>
      </symbol>
      <symbol id="sm-9e0">
         <name>scalbnl</name>
         <value>0x4749</value>
         <object_component_ref idref="oc-331"/>
      </symbol>
      <symbol id="sm-9e1">
         <name>ldexpl</name>
         <value>0x4749</value>
         <object_component_ref idref="oc-331"/>
      </symbol>
      <symbol id="sm-9e2">
         <name>ldexp</name>
         <value>0x4749</value>
         <object_component_ref idref="oc-331"/>
      </symbol>
      <symbol id="sm-9ec">
         <name>_system_post_cinit</name>
         <value>0x4d97</value>
         <object_component_ref idref="oc-c7"/>
      </symbol>
      <symbol id="sm-9fc">
         <name>strchr</name>
         <value>0x5315</value>
         <object_component_ref idref="oc-337"/>
      </symbol>
      <symbol id="sm-a0a">
         <name>strlen</name>
         <value>0x5355</value>
         <object_component_ref idref="oc-2fc"/>
      </symbol>
      <symbol id="sm-a26">
         <name>__aeabi_uldivmod</name>
         <value>0x3965</value>
         <object_component_ref idref="oc-2f7"/>
      </symbol>
      <symbol id="sm-a2e">
         <name>errno</name>
         <value>0x2000cdec</value>
         <object_component_ref idref="oc-377"/>
      </symbol>
      <symbol id="sm-a38">
         <name>copysign</name>
         <value>0x5405</value>
         <object_component_ref idref="oc-371"/>
      </symbol>
      <symbol id="sm-a39">
         <name>copysignl</name>
         <value>0x5405</value>
         <object_component_ref idref="oc-371"/>
      </symbol>
      <symbol id="sm-a3a">
         <name>__TI_static_base__</name>
         <value>0x0</value>
      </symbol>
      <symbol id="sm-a3d">
         <name>SHT$$INIT_ARRAY$$Limit</name>
         <value>0x0</value>
      </symbol>
      <symbol id="sm-a3e">
         <name>SHT$$INIT_ARRAY$$Base</name>
         <value>0x0</value>
      </symbol>
   </symbol_table>
   <title>Link successful</title>
</link_info>
