******************************************************************************
                  TI ARM Linker PC v15.12.1                    
******************************************************************************
>> Linked Tue Dec 06 13:22:47 2016

OUTPUT FILE NAME:   <FreeRTOS823_LM3S1968_ASM.out>
ENTRY POINT SYMBOL: "_c_int00"  address: 00005175


MEMORY CONFIGURATION

         name            origin    length      used     unused   attr    fill
----------------------  --------  ---------  --------  --------  ----  --------
  FLASH                 00000000   00040000  00005886  0003a77a  R  X
  SRAM                  20000000   00010000  0000cdf4  0000320c  RW X


SEGMENT ALLOCATION MAP

run origin  load origin   length   init length attrs members
----------  ----------- ---------- ----------- ----- -------
00000000    00000000    0000588c   0000588c    r-x
  00000000    00000000    00000200   00000200    r-- .intvecs
  00000200    00000200    00005228   00005228    r-x .text
  00005428    00005428    0000041a   0000041a    r-- .const
  00005848    00005848    00000044   00000044    r-- .cinit
20000000    20000000    0000cdf4   00000000    rw-
  20000000    20000000    0000c588   00000000    rw- .bss
  2000c588    2000c588    00000800   00000000    rw- .stack
  2000cd88    2000cd88    0000006c   00000000    rw- .data


SECTION ALLOCATION MAP

 output                                  attributes/
section   page    origin      length       input sections
--------  ----  ----------  ----------   ----------------
.intvecs   0    00000000    00000200     
                  00000000    00000200     FreeRTOS_LM3S_Startup.obj (.intvecs)

.text      0    00000200    00005228     
                  00000200    000010f0     rtsv7M3_T_le_eabi.lib : _printfi.obj (.text)
                  000012f0    00000ea0     tasks.obj (.text)
                  00002190    00000914     queue.obj (.text)
                  00002aa4    00000528     timers.obj (.text)
                  00002fcc    00000510     rit128x96x4.obj (.text)
                  000034dc    00000488     uartstdio.obj (.text)
                  00003964    000001f4     rtsv7M3_T_le_eabi.lib : ull_div_t2.obj (.text)
                  00003b58    000001b8     heap_2.obj (.text)
                  00003d10    000001b6     rtsv7M3_T_le_eabi.lib : fd_add_t2.obj (.text)
                  00003ec6    00000002                           : i_div0.obj (.text)
                  00003ec8    00000198     driverlib-cm3.lib : sysctl.obj (.text:SysCtlClockGet)
                  00004060    00000158     Task_AsmCompute.obj (.text)
                  000041b8    00000144     driverlib-cm3.lib : sysctl.obj (.text:SysCtlClockSet)
                  000042fc    00000136     rtsv7M3_T_le_eabi.lib : fd_div_t2.obj (.text)
                  00004432    0000012a     list.obj (.text)
                  0000455c    000000fc     rtsv7M3_T_le_eabi.lib : fd_mul_t2.obj (.text)
                  00004658    000000f0     port.obj (.text)
                  00004748    000000d0     rtsv7M3_T_le_eabi.lib : s_scalbn.obj (.text)
                  00004818    000000c8     driverlib-cm3.lib : gpio.obj (.text:GPIOPadConfigSet)
                  000048e0    000000c0     Main_Blinky.obj (.text)
                  000049a0    0000009c     rtsv7M3_T_le_eabi.lib : memcpy_t2.obj (.text)
                  00004a3c    00000086                           : fd_cmp_t2.obj (.text:__aeabi_cdcmple)
                  00004ac2    00000086                           : fd_cmp_t2.obj (.text:__aeabi_cdrcmple)
                  00004b48    00000080     portasm.obj (.text)
                  00004bc8    0000007a     rtsv7M3_T_le_eabi.lib : memset_t2.obj (.text)
                  00004c42    00000002                           : mpu_init.obj (.text)
                  00004c44    00000078     driverlib-cm3.lib : sysctl.obj (.text:SysCtlPeripheralPresent)
                  00004cbc    00000070     rtsv7M3_T_le_eabi.lib : autoinit.obj (.text)
                  00004d2c    0000006a                           : copy_decompress_rle.obj (.text)
                  00004d96    00000002                           : startup.obj (.text)
                  00004d98    00000060     Task_ReportSysTick.obj (.text)
                  00004df8    00000060     rtsv7M3_T_le_eabi.lib : sprintf.obj (.text)
                  00004e58    0000005c                           : s_frexp.obj (.text)
                  00004eb4    00000058     driverlib-cm3.lib : sysctl.obj (.text:SysCtlPeripheralEnable)
                  00004f0c    00000056     rtsv7M3_T_le_eabi.lib : ltoa.obj (.text)
                  00004f62    00000002     --HOLE-- [fill = 0]
                  00004f64    00000054     Task_Blinky.obj (.text)
                  00004fb8    00000054     rtsv7M3_T_le_eabi.lib : exit.obj (.text)
                  0000500c    0000004c                           : atoi.obj (.text)
                  00005058    0000004c                           : cpy_tbl.obj (.text)
                  000050a4    00000048                           : fd_toi_t2.obj (.text)
                  000050ec    00000044     driverlib-cm3.lib : ssi.obj (.text:SSIConfigSetExpClk)
                  00005130    00000042                       : uart.obj (.text:UARTConfigSetExpClk)
                  00005172    00000002     --HOLE-- [fill = 0]
                  00005174    00000040     rtsv7M3_T_le_eabi.lib : boot.obj (.text)
                  000051b4    00000040                           : u_divt2.obj (.text)
                  000051f4    0000003c     UARTStdio_Initialization_LM3S1968.obj (.text)
                  00005230    00000038     AsmCompute.obj (.text)
                  00005268    0000002e     driverlib-cm3.lib : gpio.obj (.text:GPIODirModeSet)
                  00005296    0000002e     rtsv7M3_T_le_eabi.lib : i_tofd_t2.obj (.text)
                  000052c4    0000001c     driverlib-cm3.lib : uart.obj (.text:UARTDisable)
                  000052e0    0000001a     rtsv7M3_T_le_eabi.lib : memccpy.obj (.text)
                  000052fa    00000002     --HOLE-- [fill = 0]
                  000052fc    00000018                           : args_main.obj (.text)
                  00005314    00000016                           : strchr.obj (.text)
                  0000532a    00000014     driverlib-cm3.lib : uart.obj (.text:UARTEnable)
                  0000533e    00000002     --HOLE-- [fill = 0]
                  00005340    00000014     rtsv7M3_T_le_eabi.lib : _lock.obj (.text)
                  00005354    00000014                           : strlen.obj (.text)
                  00005368    00000012     driverlib-cm3.lib : gpio.obj (.text:GPIOPinTypeGPIOOutput)
                  0000537a    00000012                       : gpio.obj (.text:GPIOPinTypeSSI)
                  0000538c    00000012                       : gpio.obj (.text:GPIOPinTypeUART)
                  0000539e    00000012                       : ssi.obj (.text:SSIDataGetNonBlocking)
                  000053b0    0000000e     rtsv7M3_T_le_eabi.lib : copy_decompress_none.obj (.text:decompress:none)
                  000053be    0000000c     FreeRTOS_LM3S_Startup.obj (.text)
                  000053ca    0000000a     driverlib-cm3.lib : ssi.obj (.text:SSIDataPut)
                  000053d4    0000000a                       : ssi.obj (.text:SSIDisable)
                  000053de    0000000a                       : ssi.obj (.text:SSIEnable)
                  000053e8    0000000a                       : uart.obj (.text:UARTCharGet)
                  000053f2    0000000a                       : uart.obj (.text:UARTCharPut)
                  000053fc    00000008                       : ssi.obj (.text:SSIBusy)
                  00005404    00000008     rtsv7M3_T_le_eabi.lib : s_copysign.obj (.text)
                  0000540c    00000006     driverlib-cm3.lib : gpio.obj (.text:GPIOPinRead)
                  00005412    00000006                       : gpio.obj (.text:GPIOPinWrite)
                  00005418    00000006                       : sysctl.obj (.text:SysCtlDelay)
                  0000541e    00000006     rtsv7M3_T_le_eabi.lib : copy_decompress_rle.obj (.text:decompress:rle24)
                  00005424    00000004                           : pre_init.obj (.text)

.const     0    00005428    0000041a     
                  00005428    000001e0     rit128x96x4.obj (.const:g_pucFont)
                  00005608    00000101     rtsv7M3_T_le_eabi.lib : ctype.obj (.const:.string:_ctypes_)
                  00005709    00000003     rit128x96x4.obj (.const:.string:pucCommand1$1)
                  0000570c    0000006c     driverlib-cm3.lib : sysctl.obj (.const:g_pulXtals)
                  00005778    0000004f     rit128x96x4.obj (.const:.string:g_pucRIT128x96x4Init)
                  000057c7    00000001     --HOLE-- [fill = 0]
                  000057c8    00000040     driverlib-cm3.lib : sysctl.obj (.const)
                  00005808    00000012     uartstdio.obj (.const:.string)
                  0000581a    00000002     rit128x96x4.obj (.const:.string:g_pucRIT128x96x4HorizontalInc)
                  0000581c    0000000c     uartstdio.obj (.const:g_ulUARTBase)
                  00005828    0000000c     uartstdio.obj (.const:g_ulUARTPeriph)
                  00005834    00000004     uartstdio.obj (.const)
                  00005838    00000003     rit128x96x4.obj (.const:.string:pucCommand2$2)
                  0000583b    00000002     rit128x96x4.obj (.const:.string:g_pucRIT128x96x4VerticalInc)
                  0000583d    00000002     rit128x96x4.obj (.const:.string:pucCommand1$3)
                  0000583f    00000001     --HOLE-- [fill = 0]
                  00005840    00000002     heap_2.obj (.const)

.cinit     0    00005848    00000044     
                  00005848    00000020     (.cinit..data.load) [load image, compression = rle]
                  00005868    0000000b     (.cinit..bss.load) [load image, compression = rle]
                  00005873    00000001     --HOLE-- [fill = 0]
                  00005874    00000008     (__TI_handler_table)
                  0000587c    00000010     (__TI_cinit_table)

.init_array 
*          0    00000000    00000000     UNINITIALIZED

.bss       0    20000000    0000c588     UNINITIALIZED
                  20000000    0000c350     heap_2.obj (.bss:xHeap)
                  2000c350    00000100     FreeRTOS_LM3S_Startup.obj (.bss:pulStack)
                  2000c450    00000064     tasks.obj (.bss:pxReadyTasksLists)
                  2000c4b4    00000040     (.common:xQueueRegistry)
                  2000c4f4    00000014     timers.obj (.bss:xActiveTimerList1)
                  2000c508    00000014     timers.obj (.bss:xActiveTimerList2)
                  2000c51c    00000014     tasks.obj (.bss:xDelayedTaskList1)
                  2000c530    00000014     tasks.obj (.bss:xDelayedTaskList2)
                  2000c544    00000014     tasks.obj (.bss:xPendingReadyList)
                  2000c558    00000008     rit128x96x4.obj (.bss:g_pucBuffer)
                  2000c560    00000008     tasks.obj (.bss)
                  2000c568    00000008     timers.obj (.bss)
                  2000c570    00000008     heap_2.obj (.bss:xEnd)
                  2000c578    00000008     heap_2.obj (.bss:xStart)
                  2000c580    00000004     rit128x96x4.obj (.bss)
                  2000c584    00000004     (.common:g_ulSystemClock)

.stack     0    2000c588    00000800     UNINITIALIZED
                  2000c588    00000800     --HOLE--

.data      0    2000cd88    0000006c     UNINITIALIZED
                  2000cd88    0000002c     tasks.obj (.data)
                  2000cdb4    0000000c     rtsv7M3_T_le_eabi.lib : exit.obj (.data:$O1$$)
                  2000cdc0    00000008                           : _lock.obj (.data:$O1$$)
                  2000cdc8    00000008     heap_2.obj (.data)
                  2000cdd0    00000008     port.obj (.data)
                  2000cdd8    00000008     timers.obj (.data)
                  2000cde0    00000005     uartstdio.obj (.data)
                  2000cde5    00000003     --HOLE--
                  2000cde8    00000004     UARTStdio_Initialization_LM3S1968.obj (.data)
                  2000cdec    00000004     rtsv7M3_T_le_eabi.lib : errno.obj (.data)
                  2000cdf0    00000004                           : stkdepth_vars.obj (.data)

MODULE SUMMARY

       Module                                  code    ro data   rw data
       ------                                  ----    -------   -------
    .\
       heap_2.obj                              440     2         50024  
       FreeRTOS_LM3S_Startup.obj               12      512       256    
       Main_Blinky.obj                         192     0         4      
    +--+---------------------------------------+-------+---------+---------+
       Total:                                  644     514       50284  
                                                                        
    .\Drivers\
       rit128x96x4.obj                         1296    571       12     
       uartstdio.obj                           1160    46        5      
       UARTStdio_Initialization_LM3S1968.obj   60      0         4      
    +--+---------------------------------------+-------+---------+---------+
       Total:                                  2516    617       21     
                                                                        
    .\Source\
       tasks.obj                               3744    0         212    
       queue.obj                               2324    0         64     
       timers.obj                              1320    0         56     
       list.obj                                298     0         0      
    +--+---------------------------------------+-------+---------+---------+
       Total:                                  7686    0         332    
                                                                        
    .\Source\portable\CCS\ARM_CM3\
       port.obj                                240     0         8      
       portasm.obj                             128     0         0      
    +--+---------------------------------------+-------+---------+---------+
       Total:                                  368     0         8      
                                                                        
    .\Tasks\
       Task_AsmCompute.obj                     344     0         0      
       Task_ReportSysTick.obj                  96      0         0      
       Task_Blinky.obj                         84      0         0      
       AsmCompute.obj                          56      0         0      
    +--+---------------------------------------+-------+---------+---------+
       Total:                                  580     0         0      
                                                                        
    C:/TI_CodeComposer/StellarisWare-LM3S1968/driverlib/ccs-cm3/Debug/driverlib-cm3.lib
       sysctl.obj                              946     172       0      
       gpio.obj                                312     0         0      
       uart.obj                                134     0         0      
       ssi.obj                                 124     0         0      
    +--+---------------------------------------+-------+---------+---------+
       Total:                                  1516    172       0      
                                                                        
    C:\TI_CodeComposer\ccsv6\tools\compiler\ti-cgt-arm_15.12.1.LTS\lib\rtsv7M3_T_le_eabi.lib
       _printfi.obj                            4336    0         0      
       ull_div_t2.obj                          500     0         0      
       fd_add_t2.obj                           438     0         0      
       fd_div_t2.obj                           310     0         0      
       fd_cmp_t2.obj                           268     0         0      
       ctype.obj                               0       257       0      
       fd_mul_t2.obj                           252     0         0      
       s_scalbn.obj                            208     0         0      
       memcpy_t2.obj                           156     0         0      
       memset_t2.obj                           122     0         0      
       autoinit.obj                            112     0         0      
       copy_decompress_rle.obj                 112     0         0      
       exit.obj                                84      0         12     
       sprintf.obj                             96      0         0      
       s_frexp.obj                             92      0         0      
       ltoa.obj                                86      0         0      
       atoi.obj                                76      0         0      
       cpy_tbl.obj                             76      0         0      
       fd_toi_t2.obj                           72      0         0      
       boot.obj                                64      0         0      
       u_divt2.obj                             64      0         0      
       i_tofd_t2.obj                           46      0         0      
       _lock.obj                               20      0         8      
       memccpy.obj                             26      0         0      
       args_main.obj                           24      0         0      
       strchr.obj                              22      0         0      
       strlen.obj                              20      0         0      
       copy_decompress_none.obj                14      0         0      
       s_copysign.obj                          8       0         0      
       errno.obj                               0       0         4      
       pre_init.obj                            4       0         0      
       stkdepth_vars.obj                       0       0         4      
       i_div0.obj                              2       0         0      
       mpu_init.obj                            2       0         0      
       startup.obj                             2       0         0      
    +--+---------------------------------------+-------+---------+---------+
       Total:                                  7714    257       28     
                                                                        
       Stack:                                  0       0         2048   
       Linker Generated:                       0       67        0      
    +--+---------------------------------------+-------+---------+---------+
       Grand Total:                            21024   1627      52721  


LINKER GENERATED COPY TABLES

__TI_cinit_table @ 0000587c records: 2, size/record: 8, table size: 16
	.data: load addr=00005848, load size=00000020 bytes, run addr=2000cd88, run size=0000006c bytes, compression=rle
	.bss: load addr=00005868, load size=0000000b bytes, run addr=20000000, run size=0000c588 bytes, compression=rle


LINKER GENERATED HANDLER TABLE

__TI_handler_table @ 00005874 records: 2, size/record: 4, table size: 8
	index: 0, handler: __TI_decompress_rle24
	index: 1, handler: __TI_decompress_none


GLOBAL SYMBOLS: SORTED ALPHABETICALLY BY Name 

address   name                             
-------   ----                             
00005231  AsmCompute                       
00004fb9  C$$EXIT                          
00005269  GPIODirModeSet                   
00004819  GPIOPadConfigSet                 
0000540d  GPIOPinRead                      
00005369  GPIOPinTypeGPIOOutput            
0000537b  GPIOPinTypeSSI                   
0000538d  GPIOPinTypeUART                  
00005413  GPIOPinWrite                     
000030d5  RIT128x96x4Clear                 
00003353  RIT128x96x4Disable               
000034a5  RIT128x96x4DisplayOff            
00003471  RIT128x96x4DisplayOn             
000032f9  RIT128x96x4Enable                
00003271  RIT128x96x4ImageDraw             
000033cd  RIT128x96x4Init                  
00003131  RIT128x96x4StringDraw            
000053bf  ResetISR                         
UNDEFED   SHT$$INIT_ARRAY$$Base            
UNDEFED   SHT$$INIT_ARRAY$$Limit           
000053fd  SSIBusy                          
000050ed  SSIConfigSetExpClk               
0000539f  SSIDataGetNonBlocking            
000053cb  SSIDataPut                       
000053d5  SSIDisable                       
000053df  SSIEnable                        
00003ec9  SysCtlClockGet                   
000041b9  SysCtlClockSet                   
00005419  SysCtlDelay                      
00004eb5  SysCtlPeripheralEnable           
00004c45  SysCtlPeripheralPresent          
00004061  Task_AsmCompute                  
00004f65  Task_Blinky                      
00004d99  Task_ReportSysTick               
000053e9  UARTCharGet                      
000053f3  UARTCharPut                      
00005131  UARTConfigSetExpClk              
000052c5  UARTDisable                      
0000532b  UARTEnable                       
000034dd  UARTStdioInit                    
000034ed  UARTStdioInitExpClk              
2000cde8  UARTStdioInitFlag                
000051f5  UARTStdio_Initialization         
00003633  UARTgetc                         
0000357b  UARTgets                         
00003659  UARTprintf                       
00003535  UARTwrite                        
2000cd88  __STACK_END                      
00000800  __STACK_SIZE                     
2000c788  __STACK_TOP                      
0000587c  __TI_CINIT_Base                  
0000588c  __TI_CINIT_Limit                 
00005874  __TI_Handler_Table_Base          
0000587c  __TI_Handler_Table_Limit         
00004cbd  __TI_auto_init                   
2000cdb4  __TI_cleanup_ptr                 
000053b1  __TI_decompress_none             
0000541f  __TI_decompress_rle24            
2000cdb8  __TI_dtors_ptr                   
2000cdbc  __TI_enable_exit_profile_output  
ffffffff  __TI_pprof_out_hndl              
00000feb  __TI_printfi                     
ffffffff  __TI_prof_data_size              
ffffffff  __TI_prof_data_start             
00000000  __TI_static_base__               
00004a3d  __aeabi_cdcmpeq                  
00004a3d  __aeabi_cdcmple                  
00004ac3  __aeabi_cdrcmple                 
000050a5  __aeabi_d2iz                     
00003d1b  __aeabi_dadd                     
000042fd  __aeabi_ddiv                     
0000455d  __aeabi_dmul                     
00003d11  __aeabi_dsub                     
00005297  __aeabi_i2d                      
00003ec7  __aeabi_idiv0                    
00004bc9  __aeabi_memclr                   
00004bc9  __aeabi_memclr4                  
00004bc9  __aeabi_memclr8                  
000049a1  __aeabi_memcpy                   
000049a1  __aeabi_memcpy4                  
000049a1  __aeabi_memcpy8                  
00004bcb  __aeabi_memset                   
00004bcb  __aeabi_memset4                  
00004bcb  __aeabi_memset8                  
000051b5  __aeabi_uidiv                    
000051b5  __aeabi_uidivmod                 
00003965  __aeabi_uldivmod                 
ffffffff  __binit__                        
ffffffff  __c_args__                       
00004c43  __mpu_init                       
2000c588  __stack                          
000052fd  _args_main                       
00005175  _c_int00                         
00005608  _ctypes_                         
2000cdc0  _lock                            
0000534f  _nop                             
00005347  _register_lock                   
00005341  _register_unlock                 
00004d97  _system_post_cinit               
00005425  _system_pre_init                 
2000cdc4  _unlock                          
00004fbd  abort                            
0000500d  atoi                             
ffffffff  binit                            
00005059  copy_in                          
00005405  copysign                         
00005405  copysignl                        
2000cdec  errno                            
00004fc5  exit                             
00004e59  frexp                            
00004e59  frexpl                           
00000000  g_pfnVectors                     
2000c584  g_ulSystemClock                  
00004749  ldexp                            
00004749  ldexpl                           
00004f0d  ltoa                             
000048e1  main                             
2000cdf0  main_func_sp                     
000052e1  memccpy                          
000049a1  memcpy                           
00004bd1  memset                           
00002ba1  pcTimerGetTimerName              
00003b59  pvPortMalloc                     
00001d51  pvTaskIncrementMutexHeldCount    
00002f7d  pvTimerGetTimerID                
2000cd88  pxCurrentTCB                     
00004659  pxPortInitialiseStack            
00004749  scalbn                           
00004749  scalbnl                          
00004df9  sprintf                          
00005315  strchr                           
00005355  strlen                           
00004b85  ulPortSetInterruptMask           
00001d81  ulTaskNotifyTake                 
00004515  uxListRemove                     
00002771  uxQueueMessagesWaiting           
000027a7  uxQueueMessagesWaitingFromISR    
00002787  uxQueueSpacesAvailable           
00001635  uxTaskGetNumberOfTasks           
00001d2b  uxTaskResetEventItemValue        
00004433  vListInitialise                  
00004463  vListInitialiseItem              
000044af  vListInsert                      
00004473  vListInsertEnd                   
00004b93  vPortClearInterruptMask          
000046c9  vPortEndScheduler                
000046d5  vPortEnterCritical               
000046e5  vPortExitCritical                
00003c85  vPortFree                        
00003ced  vPortInitialiseBlocks            
00004b99  vPortSVCHandler                  
00004721  vPortSetupTimerInterrupt         
00004bb7  vPortStartFirstTask              
000046cb  vPortYieldFromISR                
000029cd  vQueueAddToRegistry              
000027b9  vQueueDelete                     
00002a0f  vQueueUnregisterQueue            
00002a49  vQueueWaitForMessageRestricted   
00001481  vTaskDelay                       
000013f5  vTaskDelayUntil                  
0000151b  vTaskEndScheduler                
000019ff  vTaskMissedYield                 
000020a1  vTaskNotifyGiveFromISR           
000017a9  vTaskPlaceOnEventList            
00001831  vTaskPlaceOnEventListRestricted  
000017e1  vTaskPlaceOnUnorderedEventList   
00001c0d  vTaskPriorityInherit             
00001973  vTaskSetTimeOutState             
000014c1  vTaskStartScheduler              
0000152d  vTaskSuspendAll                  
00001729  vTaskSwitchContext               
00002f97  vTimerSetTimerID                 
00003ce7  xPortGetFreeHeapSize             
00004b49  xPortPendSVHandler               
000046a1  xPortStartScheduler              
2000cdd4  xPortSysTickCount                
000046fd  xPortSysTickHandler              
00002375  xQueueCreateCountingSemaphore    
00002283  xQueueCreateMutex                
0000221d  xQueueGenericCreate              
0000257d  xQueueGenericReceive             
00002191  xQueueGenericReset               
00002395  xQueueGenericSend                
0000248d  xQueueGenericSendFromISR         
0000250b  xQueueGiveFromISR                
000022ef  xQueueGiveMutexRecursive         
00002969  xQueueIsQueueEmptyFromISR        
000029ab  xQueueIsQueueFullFromISR         
0000272d  xQueuePeekFromISR                
000026b5  xQueueReceiveFromISR             
2000c4b4  xQueueRegistry                   
0000232b  xQueueTakeMutexRecursive         
00001995  xTaskCheckForTimeOut             
000012f1  xTaskGenericCreate               
00001ec9  xTaskGenericNotify               
00001fa9  xTaskGenericNotifyFromISR        
00001bd1  xTaskGetCurrentTaskHandle        
00001be1  xTaskGetSchedulerState           
00001609  xTaskGetTickCount                
00001621  xTaskGetTickCountFromISR         
00001641  xTaskIncrementTick               
0000213d  xTaskNotifyStateClear            
00001e19  xTaskNotifyWait                  
00001cab  xTaskPriorityDisinherit          
00001875  xTaskRemoveFromEventList         
000018fd  xTaskRemoveFromUnorderedEventList
00001537  xTaskResumeAll                   
00002adf  xTimerCreate                     
00002aa5  xTimerCreateTimerTask            
00002b33  xTimerGenericCommand             
00002f51  xTimerIsTimerActive              


GLOBAL SYMBOLS: SORTED BY Symbol Address 

address   name                             
-------   ----                             
00000000  __TI_static_base__               
00000000  g_pfnVectors                     
00000800  __STACK_SIZE                     
00000feb  __TI_printfi                     
000012f1  xTaskGenericCreate               
000013f5  vTaskDelayUntil                  
00001481  vTaskDelay                       
000014c1  vTaskStartScheduler              
0000151b  vTaskEndScheduler                
0000152d  vTaskSuspendAll                  
00001537  xTaskResumeAll                   
00001609  xTaskGetTickCount                
00001621  xTaskGetTickCountFromISR         
00001635  uxTaskGetNumberOfTasks           
00001641  xTaskIncrementTick               
00001729  vTaskSwitchContext               
000017a9  vTaskPlaceOnEventList            
000017e1  vTaskPlaceOnUnorderedEventList   
00001831  vTaskPlaceOnEventListRestricted  
00001875  xTaskRemoveFromEventList         
000018fd  xTaskRemoveFromUnorderedEventList
00001973  vTaskSetTimeOutState             
00001995  xTaskCheckForTimeOut             
000019ff  vTaskMissedYield                 
00001bd1  xTaskGetCurrentTaskHandle        
00001be1  xTaskGetSchedulerState           
00001c0d  vTaskPriorityInherit             
00001cab  xTaskPriorityDisinherit          
00001d2b  uxTaskResetEventItemValue        
00001d51  pvTaskIncrementMutexHeldCount    
00001d81  ulTaskNotifyTake                 
00001e19  xTaskNotifyWait                  
00001ec9  xTaskGenericNotify               
00001fa9  xTaskGenericNotifyFromISR        
000020a1  vTaskNotifyGiveFromISR           
0000213d  xTaskNotifyStateClear            
00002191  xQueueGenericReset               
0000221d  xQueueGenericCreate              
00002283  xQueueCreateMutex                
000022ef  xQueueGiveMutexRecursive         
0000232b  xQueueTakeMutexRecursive         
00002375  xQueueCreateCountingSemaphore    
00002395  xQueueGenericSend                
0000248d  xQueueGenericSendFromISR         
0000250b  xQueueGiveFromISR                
0000257d  xQueueGenericReceive             
000026b5  xQueueReceiveFromISR             
0000272d  xQueuePeekFromISR                
00002771  uxQueueMessagesWaiting           
00002787  uxQueueSpacesAvailable           
000027a7  uxQueueMessagesWaitingFromISR    
000027b9  vQueueDelete                     
00002969  xQueueIsQueueEmptyFromISR        
000029ab  xQueueIsQueueFullFromISR         
000029cd  vQueueAddToRegistry              
00002a0f  vQueueUnregisterQueue            
00002a49  vQueueWaitForMessageRestricted   
00002aa5  xTimerCreateTimerTask            
00002adf  xTimerCreate                     
00002b33  xTimerGenericCommand             
00002ba1  pcTimerGetTimerName              
00002f51  xTimerIsTimerActive              
00002f7d  pvTimerGetTimerID                
00002f97  vTimerSetTimerID                 
000030d5  RIT128x96x4Clear                 
00003131  RIT128x96x4StringDraw            
00003271  RIT128x96x4ImageDraw             
000032f9  RIT128x96x4Enable                
00003353  RIT128x96x4Disable               
000033cd  RIT128x96x4Init                  
00003471  RIT128x96x4DisplayOn             
000034a5  RIT128x96x4DisplayOff            
000034dd  UARTStdioInit                    
000034ed  UARTStdioInitExpClk              
00003535  UARTwrite                        
0000357b  UARTgets                         
00003633  UARTgetc                         
00003659  UARTprintf                       
00003965  __aeabi_uldivmod                 
00003b59  pvPortMalloc                     
00003c85  vPortFree                        
00003ce7  xPortGetFreeHeapSize             
00003ced  vPortInitialiseBlocks            
00003d11  __aeabi_dsub                     
00003d1b  __aeabi_dadd                     
00003ec7  __aeabi_idiv0                    
00003ec9  SysCtlClockGet                   
00004061  Task_AsmCompute                  
000041b9  SysCtlClockSet                   
000042fd  __aeabi_ddiv                     
00004433  vListInitialise                  
00004463  vListInitialiseItem              
00004473  vListInsertEnd                   
000044af  vListInsert                      
00004515  uxListRemove                     
0000455d  __aeabi_dmul                     
00004659  pxPortInitialiseStack            
000046a1  xPortStartScheduler              
000046c9  vPortEndScheduler                
000046cb  vPortYieldFromISR                
000046d5  vPortEnterCritical               
000046e5  vPortExitCritical                
000046fd  xPortSysTickHandler              
00004721  vPortSetupTimerInterrupt         
00004749  ldexp                            
00004749  ldexpl                           
00004749  scalbn                           
00004749  scalbnl                          
00004819  GPIOPadConfigSet                 
000048e1  main                             
000049a1  __aeabi_memcpy                   
000049a1  __aeabi_memcpy4                  
000049a1  __aeabi_memcpy8                  
000049a1  memcpy                           
00004a3d  __aeabi_cdcmpeq                  
00004a3d  __aeabi_cdcmple                  
00004ac3  __aeabi_cdrcmple                 
00004b49  xPortPendSVHandler               
00004b85  ulPortSetInterruptMask           
00004b93  vPortClearInterruptMask          
00004b99  vPortSVCHandler                  
00004bb7  vPortStartFirstTask              
00004bc9  __aeabi_memclr                   
00004bc9  __aeabi_memclr4                  
00004bc9  __aeabi_memclr8                  
00004bcb  __aeabi_memset                   
00004bcb  __aeabi_memset4                  
00004bcb  __aeabi_memset8                  
00004bd1  memset                           
00004c43  __mpu_init                       
00004c45  SysCtlPeripheralPresent          
00004cbd  __TI_auto_init                   
00004d97  _system_post_cinit               
00004d99  Task_ReportSysTick               
00004df9  sprintf                          
00004e59  frexp                            
00004e59  frexpl                           
00004eb5  SysCtlPeripheralEnable           
00004f0d  ltoa                             
00004f65  Task_Blinky                      
00004fb9  C$$EXIT                          
00004fbd  abort                            
00004fc5  exit                             
0000500d  atoi                             
00005059  copy_in                          
000050a5  __aeabi_d2iz                     
000050ed  SSIConfigSetExpClk               
00005131  UARTConfigSetExpClk              
00005175  _c_int00                         
000051b5  __aeabi_uidiv                    
000051b5  __aeabi_uidivmod                 
000051f5  UARTStdio_Initialization         
00005231  AsmCompute                       
00005269  GPIODirModeSet                   
00005297  __aeabi_i2d                      
000052c5  UARTDisable                      
000052e1  memccpy                          
000052fd  _args_main                       
00005315  strchr                           
0000532b  UARTEnable                       
00005341  _register_unlock                 
00005347  _register_lock                   
0000534f  _nop                             
00005355  strlen                           
00005369  GPIOPinTypeGPIOOutput            
0000537b  GPIOPinTypeSSI                   
0000538d  GPIOPinTypeUART                  
0000539f  SSIDataGetNonBlocking            
000053b1  __TI_decompress_none             
000053bf  ResetISR                         
000053cb  SSIDataPut                       
000053d5  SSIDisable                       
000053df  SSIEnable                        
000053e9  UARTCharGet                      
000053f3  UARTCharPut                      
000053fd  SSIBusy                          
00005405  copysign                         
00005405  copysignl                        
0000540d  GPIOPinRead                      
00005413  GPIOPinWrite                     
00005419  SysCtlDelay                      
0000541f  __TI_decompress_rle24            
00005425  _system_pre_init                 
00005608  _ctypes_                         
00005874  __TI_Handler_Table_Base          
0000587c  __TI_CINIT_Base                  
0000587c  __TI_Handler_Table_Limit         
0000588c  __TI_CINIT_Limit                 
2000c4b4  xQueueRegistry                   
2000c584  g_ulSystemClock                  
2000c588  __stack                          
2000c788  __STACK_TOP                      
2000cd88  __STACK_END                      
2000cd88  pxCurrentTCB                     
2000cdb4  __TI_cleanup_ptr                 
2000cdb8  __TI_dtors_ptr                   
2000cdbc  __TI_enable_exit_profile_output  
2000cdc0  _lock                            
2000cdc4  _unlock                          
2000cdd4  xPortSysTickCount                
2000cde8  UARTStdioInitFlag                
2000cdec  errno                            
2000cdf0  main_func_sp                     
ffffffff  __TI_pprof_out_hndl              
ffffffff  __TI_prof_data_size              
ffffffff  __TI_prof_data_start             
ffffffff  __binit__                        
ffffffff  __c_args__                       
ffffffff  binit                            
UNDEFED   SHT$$INIT_ARRAY$$Base            
UNDEFED   SHT$$INIT_ARRAY$$Limit           

[211 symbols]
