TI ARM Assembler PC v15.12.1 Tue Nov 15 13:41:13 2016

Tools Copyright (c) 1996-2015 Texas Instruments Incorporated
Task_ADCDriveServo.asm                                               PAGE    1

       1                    ;******************************************************************************
       2                    ;* TI ARM C/C++ Codegen                                       PC v15.12.1.LTS *
       3                    ;* Date/Time created: Tue Nov 15 13:41:13 2016                                *
       4                    ;******************************************************************************
       5                            .compiler_opts --abi=eabi --arm_vmrs_si_workaround=off --code_state=16 --diag_wrap=off --disab
       6 00000000                   .thumb
       7                    
       8                    $C$DW$CU        .dwtag  DW_TAG_compile_unit
       9                            .dwattr $C$DW$CU, DW_AT_name("../Tasks/Task_ADCDriveServo.c")
      10                            .dwattr $C$DW$CU, DW_AT_producer("TI TI ARM C/C++ Codegen PC v15.12.1.LTS Copyright (c) 1996-2
      11                            .dwattr $C$DW$CU, DW_AT_TI_version(0x01)
      12                            .dwattr $C$DW$CU, DW_AT_comp_dir("H:\EECS_388\TI_ARM_Projects\Copy of FreeRTOS823_LM3S1968_Lab
      13                    ;       C:\TI_CodeComposer\ccsv6\tools\compiler\ti-cgt-arm_15.12.1.LTS\bin\armacpia.exe -@C:\\Users\\a
      14                    
      15                    ;******************************************************************************
      16                    ;* BUILD ATTRIBUTES                                                           *
      17                    ;******************************************************************************
      18                            .battr "aeabi", Tag_File, 1, Tag_ABI_PCS_wchar_t(2)
      19                            .battr "aeabi", Tag_File, 1, Tag_ABI_FP_rounding(0)
      20                            .battr "aeabi", Tag_File, 1, Tag_ABI_FP_denormal(0)
      21                            .battr "aeabi", Tag_File, 1, Tag_ABI_FP_exceptions(0)
      22                            .battr "aeabi", Tag_File, 1, Tag_ABI_FP_number_model(1)
      23                            .battr "aeabi", Tag_File, 1, Tag_ABI_enum_size(0)
      24                            .battr "aeabi", Tag_File, 1, Tag_ABI_optimization_goals(5)
      25                            .battr "aeabi", Tag_File, 1, Tag_ABI_FP_optimization_goals(0)
      26                            .battr "TI", Tag_File, 1, Tag_Bitfield_layout(2)
      27                            .battr "TI", Tag_File, 1, Tag_FP_interface(1)
      28                    
      29                    ;******************************************************************************
      30                    ;* TYPE INFORMATION                                                           *
      31                    ;******************************************************************************
      32                    $C$DW$T$2       .dwtag  DW_TAG_unspecified_type
      33                            .dwattr $C$DW$T$2, DW_AT_name("void")
      34                    
      35                    $C$DW$T$4       .dwtag  DW_TAG_base_type
      36                            .dwattr $C$DW$T$4, DW_AT_encoding(DW_ATE_boolean)
      37                            .dwattr $C$DW$T$4, DW_AT_name("bool")
      38                            .dwattr $C$DW$T$4, DW_AT_byte_size(0x01)
      39                    
      40                    $C$DW$T$5       .dwtag  DW_TAG_base_type
      41                            .dwattr $C$DW$T$5, DW_AT_encoding(DW_ATE_signed_char)
      42                            .dwattr $C$DW$T$5, DW_AT_name("signed char")
      43                            .dwattr $C$DW$T$5, DW_AT_byte_size(0x01)
      44                    
      45                    $C$DW$T$6       .dwtag  DW_TAG_base_type
      46                            .dwattr $C$DW$T$6, DW_AT_encoding(DW_ATE_unsigned_char)
      47                            .dwattr $C$DW$T$6, DW_AT_name("unsigned char")
      48                            .dwattr $C$DW$T$6, DW_AT_byte_size(0x01)
      49                    
      50                    $C$DW$T$7       .dwtag  DW_TAG_base_type
      51                            .dwattr $C$DW$T$7, DW_AT_encoding(DW_ATE_signed_char)
      52                            .dwattr $C$DW$T$7, DW_AT_name("wchar_t")
      53                            .dwattr $C$DW$T$7, DW_AT_byte_size(0x02)
      54                    
      55                    $C$DW$T$8       .dwtag  DW_TAG_base_type
TI ARM Assembler PC v15.12.1 Tue Nov 15 13:41:13 2016

Tools Copyright (c) 1996-2015 Texas Instruments Incorporated
Task_ADCDriveServo.asm                                               PAGE    2

      56                            .dwattr $C$DW$T$8, DW_AT_encoding(DW_ATE_signed)
      57                            .dwattr $C$DW$T$8, DW_AT_name("short")
      58                            .dwattr $C$DW$T$8, DW_AT_byte_size(0x02)
      59                    
      60                    $C$DW$T$9       .dwtag  DW_TAG_base_type
      61                            .dwattr $C$DW$T$9, DW_AT_encoding(DW_ATE_unsigned)
      62                            .dwattr $C$DW$T$9, DW_AT_name("unsigned short")
      63                            .dwattr $C$DW$T$9, DW_AT_byte_size(0x02)
      64                    
      65                    $C$DW$T$10      .dwtag  DW_TAG_base_type
      66                            .dwattr $C$DW$T$10, DW_AT_encoding(DW_ATE_signed)
      67                            .dwattr $C$DW$T$10, DW_AT_name("int")
      68                            .dwattr $C$DW$T$10, DW_AT_byte_size(0x04)
      69                    
      70                    $C$DW$T$11      .dwtag  DW_TAG_base_type
      71                            .dwattr $C$DW$T$11, DW_AT_encoding(DW_ATE_unsigned)
      72                            .dwattr $C$DW$T$11, DW_AT_name("unsigned int")
      73                            .dwattr $C$DW$T$11, DW_AT_byte_size(0x04)
      74                    
      75                    $C$DW$T$12      .dwtag  DW_TAG_base_type
      76                            .dwattr $C$DW$T$12, DW_AT_encoding(DW_ATE_signed)
      77                            .dwattr $C$DW$T$12, DW_AT_name("long")
      78                            .dwattr $C$DW$T$12, DW_AT_byte_size(0x04)
      79                    
      80                    $C$DW$T$13      .dwtag  DW_TAG_base_type
      81                            .dwattr $C$DW$T$13, DW_AT_encoding(DW_ATE_unsigned)
      82                            .dwattr $C$DW$T$13, DW_AT_name("unsigned long")
      83                            .dwattr $C$DW$T$13, DW_AT_byte_size(0x04)
      84                    
      85                    $C$DW$T$14      .dwtag  DW_TAG_base_type
      86                            .dwattr $C$DW$T$14, DW_AT_encoding(DW_ATE_signed)
      87                            .dwattr $C$DW$T$14, DW_AT_name("long long")
      88                            .dwattr $C$DW$T$14, DW_AT_byte_size(0x08)
      89                    
      90                    $C$DW$T$15      .dwtag  DW_TAG_base_type
      91                            .dwattr $C$DW$T$15, DW_AT_encoding(DW_ATE_unsigned)
      92                            .dwattr $C$DW$T$15, DW_AT_name("unsigned long long")
      93                            .dwattr $C$DW$T$15, DW_AT_byte_size(0x08)
      94                    
      95                    $C$DW$T$16      .dwtag  DW_TAG_base_type
      96                            .dwattr $C$DW$T$16, DW_AT_encoding(DW_ATE_float)
      97                            .dwattr $C$DW$T$16, DW_AT_name("float")
      98                            .dwattr $C$DW$T$16, DW_AT_byte_size(0x04)
      99                    
     100                    $C$DW$T$17      .dwtag  DW_TAG_base_type
     101                            .dwattr $C$DW$T$17, DW_AT_encoding(DW_ATE_float)
     102                            .dwattr $C$DW$T$17, DW_AT_name("double")
     103                            .dwattr $C$DW$T$17, DW_AT_byte_size(0x08)
     104                    
     105                    $C$DW$T$18      .dwtag  DW_TAG_base_type
     106                            .dwattr $C$DW$T$18, DW_AT_encoding(DW_ATE_float)
     107                            .dwattr $C$DW$T$18, DW_AT_name("long double")
     108                            .dwattr $C$DW$T$18, DW_AT_byte_size(0x08)
     109                    
     110                            .dwendtag $C$DW$CU
TI ARM Assembler PC v15.12.1 Tue Nov 15 13:41:13 2016

Tools Copyright (c) 1996-2015 Texas Instruments Incorporated
Task_ADCDriveServo.asm                                               PAGE    3

     111                    

No Assembly Errors, No Assembly Warnings
