******************************************************************************
                  TI ARM Linker PC v15.12.1                    
******************************************************************************
>> Linked Tue Nov 08 14:56:24 2016

OUTPUT FILE NAME:   <FreeRTOS823_LM3S1968_PWM.out>
ENTRY POINT SYMBOL: "_c_int00"  address: 00003031


MEMORY CONFIGURATION

         name            origin    length      used     unused   attr    fill
----------------------  --------  ---------  --------  --------  ----  --------
  FLASH                 00000000   00040000  000033ae  0003cc52  R  X
  SRAM                  20000000   00010000  0000cde4  0000321c  RW X


SEGMENT ALLOCATION MAP

run origin  load origin   length   init length attrs members
----------  ----------- ---------- ----------- ----- -------
00000000    00000000    000033b4   000033b4    r-x
  00000000    00000000    00000200   00000200    r-- .intvecs
  00000200    00000200    0000308e   0000308e    r-x .text
  00003290    00003290    000000dc   000000dc    r-- .const
  00003370    00003370    00000044   00000044    r-- .cinit
20000000    20000000    0000cde4   00000000    rw-
  20000000    20000000    0000c57c   00000000    rw- .bss
  2000c57c    2000c57c    00000800   00000000    rw- .stack
  2000cd7c    2000cd7c    00000068   00000000    rw- .data


SECTION ALLOCATION MAP

 output                                  attributes/
section   page    origin      length       input sections
--------  ----  ----------  ----------   ----------------
.intvecs   0    00000000    00000200     
                  00000000    00000200     FreeRTOS_LM3S_Startup.obj (.intvecs)

.text      0    00000200    0000308e     
                  00000200    00000ea0     tasks.obj (.text)
                  000010a0    00000914     queue.obj (.text)
                  000019b4    00000528     timers.obj (.text)
                  00001edc    00000488     uartstdio.obj (.text)
                  00002364    000001b8     heap_2.obj (.text)
                  0000251c    00000198     driverlib-cm3.lib : sysctl.obj (.text:SysCtlClockGet)
                  000026b4    00000144                       : sysctl.obj (.text:SysCtlClockSet)
                  000027f8    0000012a     list.obj (.text)
                  00002922    00000002     rtsv7M3_T_le_eabi.lib : i_div0.obj (.text)
                  00002924    000000f0     port.obj (.text)
                  00002a14    000000c8     driverlib-cm3.lib : gpio.obj (.text:GPIOPadConfigSet)
                  00002adc    000000c4     Task_PwmDriveServo.obj (.text)
                  00002ba0    0000009c     rtsv7M3_T_le_eabi.lib : memcpy_t2.obj (.text)
                  00002c3c    00000080     portasm.obj (.text)
                  00002cbc    0000007a     rtsv7M3_T_le_eabi.lib : memset_t2.obj (.text)
                  00002d36    00000002                           : mpu_init.obj (.text)
                  00002d38    00000078     driverlib-cm3.lib : sysctl.obj (.text:SysCtlPeripheralPresent)
                  00002db0    00000070     rtsv7M3_T_le_eabi.lib : autoinit.obj (.text)
                  00002e20    0000006a                           : copy_decompress_rle.obj (.text)
                  00002e8a    00000002                           : startup.obj (.text)
                  00002e8c    00000068     Main_Blinky.obj (.text)
                  00002ef4    00000058     driverlib-cm3.lib : sysctl.obj (.text:SysCtlPeripheralEnable)
                  00002f4c    00000054     rtsv7M3_T_le_eabi.lib : exit.obj (.text)
                  00002fa0    0000004c                           : cpy_tbl.obj (.text)
                  00002fec    00000042     driverlib-cm3.lib : uart.obj (.text:UARTConfigSetExpClk)
                  0000302e    00000002     --HOLE-- [fill = 0]
                  00003030    00000040     rtsv7M3_T_le_eabi.lib : boot.obj (.text)
                  00003070    00000040                           : u_divt2.obj (.text)
                  000030b0    0000003c     UARTStdio_Initialization_LM3S1968.obj (.text)
                  000030ec    0000002e     driverlib-cm3.lib : gpio.obj (.text:GPIODirModeSet)
                  0000311a    00000028                       : pwm.obj (.text:PWMGenConfigure)
                  00003142    0000001e                       : pwm.obj (.text:PWMPulseWidthSet)
                  00003160    0000001c                       : uart.obj (.text:UARTDisable)
                  0000317c    00000018     rtsv7M3_T_le_eabi.lib : args_main.obj (.text)
                  00003194    00000016     driverlib-cm3.lib : pwm.obj (.text:PWMOutputState)
                  000031aa    00000014                       : pwm.obj (.text:PWMGenPeriodGet)
                  000031be    00000014                       : pwm.obj (.text:PWMGenPeriodSet)
                  000031d2    00000002     --HOLE-- [fill = 0]
                  000031d4    00000014                       : sysctl.obj (.text:SysCtlPWMClockSet)
                  000031e8    00000014                       : uart.obj (.text:UARTEnable)
                  000031fc    00000014     rtsv7M3_T_le_eabi.lib : _lock.obj (.text)
                  00003210    00000012     driverlib-cm3.lib : gpio.obj (.text:GPIOPinTypeGPIOOutput)
                  00003222    00000012                       : gpio.obj (.text:GPIOPinTypePWM)
                  00003234    00000012                       : gpio.obj (.text:GPIOPinTypeUART)
                  00003246    0000000e     rtsv7M3_T_le_eabi.lib : copy_decompress_none.obj (.text:decompress:none)
                  00003254    0000000c     FreeRTOS_LM3S_Startup.obj (.text)
                  00003260    0000000a     driverlib-cm3.lib : pwm.obj (.text:PWMGenEnable)
                  0000326a    0000000a                       : uart.obj (.text:UARTCharGet)
                  00003274    0000000a                       : uart.obj (.text:UARTCharPut)
                  0000327e    00000006                       : sysctl.obj (.text:SysCtlDelay)
                  00003284    00000006     rtsv7M3_T_le_eabi.lib : copy_decompress_rle.obj (.text:decompress:rle24)
                  0000328a    00000004                           : pre_init.obj (.text)

.const     0    00003290    000000dc     
                  00003290    0000006c     driverlib-cm3.lib : sysctl.obj (.const:g_pulXtals)
                  000032fc    00000040                       : sysctl.obj (.const)
                  0000333c    00000012     uartstdio.obj (.const:.string)
                  0000334e    00000002     heap_2.obj (.const)
                  00003350    0000000c     uartstdio.obj (.const:g_ulUARTBase)
                  0000335c    0000000c     uartstdio.obj (.const:g_ulUARTPeriph)
                  00003368    00000004     uartstdio.obj (.const)

.cinit     0    00003370    00000044     
                  00003370    00000020     (.cinit..data.load) [load image, compression = rle]
                  00003390    0000000b     (.cinit..bss.load) [load image, compression = rle]
                  0000339b    00000001     --HOLE-- [fill = 0]
                  0000339c    00000008     (__TI_handler_table)
                  000033a4    00000010     (__TI_cinit_table)

.init_array 
*          0    00000000    00000000     UNINITIALIZED

.bss       0    20000000    0000c57c     UNINITIALIZED
                  20000000    0000c350     heap_2.obj (.bss:xHeap)
                  2000c350    00000100     FreeRTOS_LM3S_Startup.obj (.bss:pulStack)
                  2000c450    00000064     tasks.obj (.bss:pxReadyTasksLists)
                  2000c4b4    00000040     (.common:xQueueRegistry)
                  2000c4f4    00000014     timers.obj (.bss:xActiveTimerList1)
                  2000c508    00000014     timers.obj (.bss:xActiveTimerList2)
                  2000c51c    00000014     tasks.obj (.bss:xDelayedTaskList1)
                  2000c530    00000014     tasks.obj (.bss:xDelayedTaskList2)
                  2000c544    00000014     tasks.obj (.bss:xPendingReadyList)
                  2000c558    00000008     tasks.obj (.bss)
                  2000c560    00000008     timers.obj (.bss)
                  2000c568    00000008     heap_2.obj (.bss:xEnd)
                  2000c570    00000008     heap_2.obj (.bss:xStart)
                  2000c578    00000004     (.common:g_ulSystemClock)

.stack     0    2000c57c    00000800     UNINITIALIZED
                  2000c57c    00000800     --HOLE--

.data      0    2000cd7c    00000068     UNINITIALIZED
                  2000cd7c    0000002c     tasks.obj (.data)
                  2000cda8    0000000c     rtsv7M3_T_le_eabi.lib : exit.obj (.data:$O1$$)
                  2000cdb4    00000008                           : _lock.obj (.data:$O1$$)
                  2000cdbc    00000008     heap_2.obj (.data)
                  2000cdc4    00000008     port.obj (.data)
                  2000cdcc    00000008     timers.obj (.data)
                  2000cdd4    00000005     uartstdio.obj (.data)
                  2000cdd9    00000001     Task_PwmDriveServo.obj (.data)
                  2000cdda    00000002     --HOLE--
                  2000cddc    00000004     UARTStdio_Initialization_LM3S1968.obj (.data)
                  2000cde0    00000004     rtsv7M3_T_le_eabi.lib : stkdepth_vars.obj (.data)

MODULE SUMMARY

       Module                                  code    ro data   rw data
       ------                                  ----    -------   -------
    .\
       heap_2.obj                              440     2         50024  
       FreeRTOS_LM3S_Startup.obj               12      512       256    
       Main_Blinky.obj                         104     0         4      
    +--+---------------------------------------+-------+---------+---------+
       Total:                                  556     514       50284  
                                                                        
    .\Drivers\
       uartstdio.obj                           1160    46        5      
       UARTStdio_Initialization_LM3S1968.obj   60      0         4      
    +--+---------------------------------------+-------+---------+---------+
       Total:                                  1220    46        9      
                                                                        
    .\Source\
       tasks.obj                               3744    0         212    
       queue.obj                               2324    0         64     
       timers.obj                              1320    0         56     
       list.obj                                298     0         0      
    +--+---------------------------------------+-------+---------+---------+
       Total:                                  7686    0         332    
                                                                        
    .\Source\portable\CCS\ARM_CM3\
       port.obj                                240     0         8      
       portasm.obj                             128     0         0      
    +--+---------------------------------------+-------+---------+---------+
       Total:                                  368     0         8      
                                                                        
    .\Tasks\
       Task_PwmDriveServo.obj                  196     0         1      
    +--+---------------------------------------+-------+---------+---------+
       Total:                                  196     0         1      
                                                                        
    C:/TI_CodeComposer/StellarisWare-LM3S1968/driverlib/ccs-cm3/Debug/driverlib-cm3.lib
       sysctl.obj                              966     172       0      
       gpio.obj                                300     0         0      
       pwm.obj                                 142     0         0      
       uart.obj                                134     0         0      
    +--+---------------------------------------+-------+---------+---------+
       Total:                                  1542    172       0      
                                                                        
    C:\TI_CodeComposer\ccsv6\tools\compiler\ti-cgt-arm_15.12.1.LTS\lib\rtsv7M3_T_le_eabi.lib
       memcpy_t2.obj                           156     0         0      
       memset_t2.obj                           122     0         0      
       autoinit.obj                            112     0         0      
       copy_decompress_rle.obj                 112     0         0      
       exit.obj                                84      0         12     
       cpy_tbl.obj                             76      0         0      
       boot.obj                                64      0         0      
       u_divt2.obj                             64      0         0      
       _lock.obj                               20      0         8      
       args_main.obj                           24      0         0      
       copy_decompress_none.obj                14      0         0      
       pre_init.obj                            4       0         0      
       stkdepth_vars.obj                       0       0         4      
       i_div0.obj                              2       0         0      
       mpu_init.obj                            2       0         0      
       startup.obj                             2       0         0      
    +--+---------------------------------------+-------+---------+---------+
       Total:                                  858     0         24     
                                                                        
       Stack:                                  0       0         2048   
       Linker Generated:                       0       67        0      
    +--+---------------------------------------+-------+---------+---------+
       Grand Total:                            12426   799       52706  


LINKER GENERATED COPY TABLES

__TI_cinit_table @ 000033a4 records: 2, size/record: 8, table size: 16
	.data: load addr=00003370, load size=00000020 bytes, run addr=2000cd7c, run size=00000068 bytes, compression=rle
	.bss: load addr=00003390, load size=0000000b bytes, run addr=20000000, run size=0000c57c bytes, compression=rle


LINKER GENERATED HANDLER TABLE

__TI_handler_table @ 0000339c records: 2, size/record: 4, table size: 8
	index: 0, handler: __TI_decompress_rle24
	index: 1, handler: __TI_decompress_none


GLOBAL SYMBOLS: SORTED ALPHABETICALLY BY Name 

address   name                             
-------   ----                             
00002f4d  C$$EXIT                          
000030ed  GPIODirModeSet                   
00002a15  GPIOPadConfigSet                 
00003211  GPIOPinTypeGPIOOutput            
00003223  GPIOPinTypePWM                   
00003235  GPIOPinTypeUART                  
0000311b  PWMGenConfigure                  
00003261  PWMGenEnable                     
000031ab  PWMGenPeriodGet                  
000031bf  PWMGenPeriodSet                  
00003195  PWMOutputState                   
00003143  PWMPulseWidthSet                 
00003255  ResetISR                         
UNDEFED   SHT$$INIT_ARRAY$$Base            
UNDEFED   SHT$$INIT_ARRAY$$Limit           
0000251d  SysCtlClockGet                   
000026b5  SysCtlClockSet                   
0000327f  SysCtlDelay                      
000031d5  SysCtlPWMClockSet                
00002ef5  SysCtlPeripheralEnable           
00002d39  SysCtlPeripheralPresent          
00002add  Task_PwmDriveServo               
0000326b  UARTCharGet                      
00003275  UARTCharPut                      
00002fed  UARTConfigSetExpClk              
00003161  UARTDisable                      
000031e9  UARTEnable                       
00001edd  UARTStdioInit                    
00001eed  UARTStdioInitExpClk              
2000cddc  UARTStdioInitFlag                
000030b1  UARTStdio_Initialization         
00002033  UARTgetc                         
00001f7b  UARTgets                         
00002059  UARTprintf                       
00001f35  UARTwrite                        
2000cd7c  __STACK_END                      
00000800  __STACK_SIZE                     
2000c77c  __STACK_TOP                      
000033a4  __TI_CINIT_Base                  
000033b4  __TI_CINIT_Limit                 
0000339c  __TI_Handler_Table_Base          
000033a4  __TI_Handler_Table_Limit         
00002db1  __TI_auto_init                   
2000cda8  __TI_cleanup_ptr                 
00003247  __TI_decompress_none             
00003285  __TI_decompress_rle24            
2000cdac  __TI_dtors_ptr                   
2000cdb0  __TI_enable_exit_profile_output  
ffffffff  __TI_pprof_out_hndl              
ffffffff  __TI_prof_data_size              
ffffffff  __TI_prof_data_start             
00000000  __TI_static_base__               
00002923  __aeabi_idiv0                    
00002cbd  __aeabi_memclr                   
00002cbd  __aeabi_memclr4                  
00002cbd  __aeabi_memclr8                  
00002ba1  __aeabi_memcpy                   
00002ba1  __aeabi_memcpy4                  
00002ba1  __aeabi_memcpy8                  
00002cbf  __aeabi_memset                   
00002cbf  __aeabi_memset4                  
00002cbf  __aeabi_memset8                  
00003071  __aeabi_uidiv                    
00003071  __aeabi_uidivmod                 
ffffffff  __binit__                        
ffffffff  __c_args__                       
00002d37  __mpu_init                       
2000c57c  __stack                          
0000317d  _args_main                       
00003031  _c_int00                         
2000cdb4  _lock                            
0000320b  _nop                             
00003203  _register_lock                   
000031fd  _register_unlock                 
00002e8b  _system_post_cinit               
0000328b  _system_pre_init                 
2000cdb8  _unlock                          
00002f51  abort                            
ffffffff  binit                            
00002fa1  copy_in                          
2000cdd9  currentState                     
00002f59  exit                             
00000000  g_pfnVectors                     
2000c578  g_ulSystemClock                  
00002e8d  main                             
2000cde0  main_func_sp                     
00002ba1  memcpy                           
00002cc5  memset                           
00001ab1  pcTimerGetTimerName              
00002365  pvPortMalloc                     
00000c61  pvTaskIncrementMutexHeldCount    
00001e8d  pvTimerGetTimerID                
2000cd7c  pxCurrentTCB                     
00002925  pxPortInitialiseStack            
00002c79  ulPortSetInterruptMask           
00000c91  ulTaskNotifyTake                 
000028db  uxListRemove                     
00001681  uxQueueMessagesWaiting           
000016b7  uxQueueMessagesWaitingFromISR    
00001697  uxQueueSpacesAvailable           
00000545  uxTaskGetNumberOfTasks           
00000c3b  uxTaskResetEventItemValue        
000027f9  vListInitialise                  
00002829  vListInitialiseItem              
00002875  vListInsert                      
00002839  vListInsertEnd                   
00002c87  vPortClearInterruptMask          
00002995  vPortEndScheduler                
000029a1  vPortEnterCritical               
000029b1  vPortExitCritical                
00002491  vPortFree                        
000024f9  vPortInitialiseBlocks            
00002c8d  vPortSVCHandler                  
000029ed  vPortSetupTimerInterrupt         
00002cab  vPortStartFirstTask              
00002997  vPortYieldFromISR                
000018dd  vQueueAddToRegistry              
000016c9  vQueueDelete                     
0000191f  vQueueUnregisterQueue            
00001959  vQueueWaitForMessageRestricted   
00000391  vTaskDelay                       
00000305  vTaskDelayUntil                  
0000042b  vTaskEndScheduler                
0000090f  vTaskMissedYield                 
00000fb1  vTaskNotifyGiveFromISR           
000006b9  vTaskPlaceOnEventList            
00000741  vTaskPlaceOnEventListRestricted  
000006f1  vTaskPlaceOnUnorderedEventList   
00000b1d  vTaskPriorityInherit             
00000883  vTaskSetTimeOutState             
000003d1  vTaskStartScheduler              
0000043d  vTaskSuspendAll                  
00000639  vTaskSwitchContext               
00001ea7  vTimerSetTimerID                 
000024f3  xPortGetFreeHeapSize             
00002c3d  xPortPendSVHandler               
0000296d  xPortStartScheduler              
2000cdc8  xPortSysTickCount                
000029c9  xPortSysTickHandler              
00001285  xQueueCreateCountingSemaphore    
00001193  xQueueCreateMutex                
0000112d  xQueueGenericCreate              
0000148d  xQueueGenericReceive             
000010a1  xQueueGenericReset               
000012a5  xQueueGenericSend                
0000139d  xQueueGenericSendFromISR         
0000141b  xQueueGiveFromISR                
000011ff  xQueueGiveMutexRecursive         
00001879  xQueueIsQueueEmptyFromISR        
000018bb  xQueueIsQueueFullFromISR         
0000163d  xQueuePeekFromISR                
000015c5  xQueueReceiveFromISR             
2000c4b4  xQueueRegistry                   
0000123b  xQueueTakeMutexRecursive         
000008a5  xTaskCheckForTimeOut             
00000201  xTaskGenericCreate               
00000dd9  xTaskGenericNotify               
00000eb9  xTaskGenericNotifyFromISR        
00000ae1  xTaskGetCurrentTaskHandle        
00000af1  xTaskGetSchedulerState           
00000519  xTaskGetTickCount                
00000531  xTaskGetTickCountFromISR         
00000551  xTaskIncrementTick               
0000104d  xTaskNotifyStateClear            
00000d29  xTaskNotifyWait                  
00000bbb  xTaskPriorityDisinherit          
00000785  xTaskRemoveFromEventList         
0000080d  xTaskRemoveFromUnorderedEventList
00000447  xTaskResumeAll                   
000019ef  xTimerCreate                     
000019b5  xTimerCreateTimerTask            
00001a43  xTimerGenericCommand             
00001e61  xTimerIsTimerActive              


GLOBAL SYMBOLS: SORTED BY Symbol Address 

address   name                             
-------   ----                             
00000000  __TI_static_base__               
00000000  g_pfnVectors                     
00000201  xTaskGenericCreate               
00000305  vTaskDelayUntil                  
00000391  vTaskDelay                       
000003d1  vTaskStartScheduler              
0000042b  vTaskEndScheduler                
0000043d  vTaskSuspendAll                  
00000447  xTaskResumeAll                   
00000519  xTaskGetTickCount                
00000531  xTaskGetTickCountFromISR         
00000545  uxTaskGetNumberOfTasks           
00000551  xTaskIncrementTick               
00000639  vTaskSwitchContext               
000006b9  vTaskPlaceOnEventList            
000006f1  vTaskPlaceOnUnorderedEventList   
00000741  vTaskPlaceOnEventListRestricted  
00000785  xTaskRemoveFromEventList         
00000800  __STACK_SIZE                     
0000080d  xTaskRemoveFromUnorderedEventList
00000883  vTaskSetTimeOutState             
000008a5  xTaskCheckForTimeOut             
0000090f  vTaskMissedYield                 
00000ae1  xTaskGetCurrentTaskHandle        
00000af1  xTaskGetSchedulerState           
00000b1d  vTaskPriorityInherit             
00000bbb  xTaskPriorityDisinherit          
00000c3b  uxTaskResetEventItemValue        
00000c61  pvTaskIncrementMutexHeldCount    
00000c91  ulTaskNotifyTake                 
00000d29  xTaskNotifyWait                  
00000dd9  xTaskGenericNotify               
00000eb9  xTaskGenericNotifyFromISR        
00000fb1  vTaskNotifyGiveFromISR           
0000104d  xTaskNotifyStateClear            
000010a1  xQueueGenericReset               
0000112d  xQueueGenericCreate              
00001193  xQueueCreateMutex                
000011ff  xQueueGiveMutexRecursive         
0000123b  xQueueTakeMutexRecursive         
00001285  xQueueCreateCountingSemaphore    
000012a5  xQueueGenericSend                
0000139d  xQueueGenericSendFromISR         
0000141b  xQueueGiveFromISR                
0000148d  xQueueGenericReceive             
000015c5  xQueueReceiveFromISR             
0000163d  xQueuePeekFromISR                
00001681  uxQueueMessagesWaiting           
00001697  uxQueueSpacesAvailable           
000016b7  uxQueueMessagesWaitingFromISR    
000016c9  vQueueDelete                     
00001879  xQueueIsQueueEmptyFromISR        
000018bb  xQueueIsQueueFullFromISR         
000018dd  vQueueAddToRegistry              
0000191f  vQueueUnregisterQueue            
00001959  vQueueWaitForMessageRestricted   
000019b5  xTimerCreateTimerTask            
000019ef  xTimerCreate                     
00001a43  xTimerGenericCommand             
00001ab1  pcTimerGetTimerName              
00001e61  xTimerIsTimerActive              
00001e8d  pvTimerGetTimerID                
00001ea7  vTimerSetTimerID                 
00001edd  UARTStdioInit                    
00001eed  UARTStdioInitExpClk              
00001f35  UARTwrite                        
00001f7b  UARTgets                         
00002033  UARTgetc                         
00002059  UARTprintf                       
00002365  pvPortMalloc                     
00002491  vPortFree                        
000024f3  xPortGetFreeHeapSize             
000024f9  vPortInitialiseBlocks            
0000251d  SysCtlClockGet                   
000026b5  SysCtlClockSet                   
000027f9  vListInitialise                  
00002829  vListInitialiseItem              
00002839  vListInsertEnd                   
00002875  vListInsert                      
000028db  uxListRemove                     
00002923  __aeabi_idiv0                    
00002925  pxPortInitialiseStack            
0000296d  xPortStartScheduler              
00002995  vPortEndScheduler                
00002997  vPortYieldFromISR                
000029a1  vPortEnterCritical               
000029b1  vPortExitCritical                
000029c9  xPortSysTickHandler              
000029ed  vPortSetupTimerInterrupt         
00002a15  GPIOPadConfigSet                 
00002add  Task_PwmDriveServo               
00002ba1  __aeabi_memcpy                   
00002ba1  __aeabi_memcpy4                  
00002ba1  __aeabi_memcpy8                  
00002ba1  memcpy                           
00002c3d  xPortPendSVHandler               
00002c79  ulPortSetInterruptMask           
00002c87  vPortClearInterruptMask          
00002c8d  vPortSVCHandler                  
00002cab  vPortStartFirstTask              
00002cbd  __aeabi_memclr                   
00002cbd  __aeabi_memclr4                  
00002cbd  __aeabi_memclr8                  
00002cbf  __aeabi_memset                   
00002cbf  __aeabi_memset4                  
00002cbf  __aeabi_memset8                  
00002cc5  memset                           
00002d37  __mpu_init                       
00002d39  SysCtlPeripheralPresent          
00002db1  __TI_auto_init                   
00002e8b  _system_post_cinit               
00002e8d  main                             
00002ef5  SysCtlPeripheralEnable           
00002f4d  C$$EXIT                          
00002f51  abort                            
00002f59  exit                             
00002fa1  copy_in                          
00002fed  UARTConfigSetExpClk              
00003031  _c_int00                         
00003071  __aeabi_uidiv                    
00003071  __aeabi_uidivmod                 
000030b1  UARTStdio_Initialization         
000030ed  GPIODirModeSet                   
0000311b  PWMGenConfigure                  
00003143  PWMPulseWidthSet                 
00003161  UARTDisable                      
0000317d  _args_main                       
00003195  PWMOutputState                   
000031ab  PWMGenPeriodGet                  
000031bf  PWMGenPeriodSet                  
000031d5  SysCtlPWMClockSet                
000031e9  UARTEnable                       
000031fd  _register_unlock                 
00003203  _register_lock                   
0000320b  _nop                             
00003211  GPIOPinTypeGPIOOutput            
00003223  GPIOPinTypePWM                   
00003235  GPIOPinTypeUART                  
00003247  __TI_decompress_none             
00003255  ResetISR                         
00003261  PWMGenEnable                     
0000326b  UARTCharGet                      
00003275  UARTCharPut                      
0000327f  SysCtlDelay                      
00003285  __TI_decompress_rle24            
0000328b  _system_pre_init                 
0000339c  __TI_Handler_Table_Base          
000033a4  __TI_CINIT_Base                  
000033a4  __TI_Handler_Table_Limit         
000033b4  __TI_CINIT_Limit                 
2000c4b4  xQueueRegistry                   
2000c578  g_ulSystemClock                  
2000c57c  __stack                          
2000c77c  __STACK_TOP                      
2000cd7c  __STACK_END                      
2000cd7c  pxCurrentTCB                     
2000cda8  __TI_cleanup_ptr                 
2000cdac  __TI_dtors_ptr                   
2000cdb0  __TI_enable_exit_profile_output  
2000cdb4  _lock                            
2000cdb8  _unlock                          
2000cdc8  xPortSysTickCount                
2000cdd9  currentState                     
2000cddc  UARTStdioInitFlag                
2000cde0  main_func_sp                     
ffffffff  __TI_pprof_out_hndl              
ffffffff  __TI_prof_data_size              
ffffffff  __TI_prof_data_start             
ffffffff  __binit__                        
ffffffff  __c_args__                       
ffffffff  binit                            
UNDEFED   SHT$$INIT_ARRAY$$Base            
UNDEFED   SHT$$INIT_ARRAY$$Limit           

[173 symbols]
