******************************************************************************
                  TI ARM Linker PC v15.12.1                    
******************************************************************************
>> Linked Tue Nov 15 13:56:35 2016

OUTPUT FILE NAME:   <Copy of FreeRTOS823_LM3S1968_Lab8.out>
ENTRY POINT SYMBOL: "_c_int00"  address: 00005281


MEMORY CONFIGURATION

         name            origin    length      used     unused   attr    fill
----------------------  --------  ---------  --------  --------  ----  --------
  FLASH                 00000000   00040000  00005ab4  0003a54c  R  X
  SRAM                  20000000   00010000  0000cdf8  00003208  RW X


SEGMENT ALLOCATION MAP

run origin  load origin   length   init length attrs members
----------  ----------- ---------- ----------- ----- -------
00000000    00000000    00005abc   00005abc    r-x
  00000000    00000000    00000200   00000200    r-- .intvecs
  00000200    00000200    0000544e   0000544e    r-x .text
  00005650    00005650    0000041a   0000041a    r-- .const
  00005a70    00005a70    0000004c   0000004c    r-- .cinit
20000000    20000000    0000cdf8   00000000    rw-
  20000000    20000000    0000c588   00000000    rw- .bss
  2000c588    2000c588    00000800   00000000    rw- .stack
  2000cd88    2000cd88    00000070   00000000    rw- .data


SECTION ALLOCATION MAP

 output                                  attributes/
section   page    origin      length       input sections
--------  ----  ----------  ----------   ----------------
.intvecs   0    00000000    00000200     
                  00000000    00000200     FreeRTOS_LM3S_Startup.obj (.intvecs)

.text      0    00000200    0000544e     
                  00000200    000010f0     rtsv7M3_T_le_eabi.lib : _printfi.obj (.text)
                  000012f0    00000ea0     tasks.obj (.text)
                  00002190    00000914     queue.obj (.text)
                  00002aa4    00000528     timers.obj (.text)
                  00002fcc    00000510     rit128x96x4.obj (.text)
                  000034dc    00000488     uartstdio.obj (.text)
                  00003964    000001f4     rtsv7M3_T_le_eabi.lib : ull_div_t2.obj (.text)
                  00003b58    000001b8     heap_2.obj (.text)
                  00003d10    000001b6     rtsv7M3_T_le_eabi.lib : fd_add_t2.obj (.text)
                  00003ec6    00000002                           : i_div0.obj (.text)
                  00003ec8    00000198     driverlib-cm3.lib : sysctl.obj (.text:SysCtlClockGet)
                  00004060    00000144                       : sysctl.obj (.text:SysCtlClockSet)
                  000041a4    00000140     Task_PwmDriveServo.obj (.text)
                  000042e4    00000136     rtsv7M3_T_le_eabi.lib : fd_div_t2.obj (.text)
                  0000441a    0000012a     list.obj (.text)
                  00004544    000000fc     rtsv7M3_T_le_eabi.lib : fd_mul_t2.obj (.text)
                  00004640    000000f0     port.obj (.text)
                  00004730    000000e0     Main_Blinky.obj (.text)
                  00004810    000000d0     rtsv7M3_T_le_eabi.lib : s_scalbn.obj (.text)
                  000048e0    000000c8     driverlib-cm3.lib : gpio.obj (.text:GPIOPadConfigSet)
                  000049a8    0000009c     rtsv7M3_T_le_eabi.lib : memcpy_t2.obj (.text)
                  00004a44    00000098     Task_DisplayADCReadings.obj (.text)
                  00004adc    00000086     rtsv7M3_T_le_eabi.lib : fd_cmp_t2.obj (.text:__aeabi_cdcmple)
                  00004b62    00000086                           : fd_cmp_t2.obj (.text:__aeabi_cdrcmple)
                  00004be8    00000080     portasm.obj (.text)
                  00004c68    0000007a     rtsv7M3_T_le_eabi.lib : memset_t2.obj (.text)
                  00004ce2    00000002                           : mpu_init.obj (.text)
                  00004ce4    00000078     driverlib-cm3.lib : sysctl.obj (.text:SysCtlPeripheralPresent)
                  00004d5c    00000070     rtsv7M3_T_le_eabi.lib : autoinit.obj (.text)
                  00004dcc    0000006c     driverlib-cm3.lib : adc.obj (.text:ADCSequenceStepConfigure)
                  00004e38    0000006a     rtsv7M3_T_le_eabi.lib : copy_decompress_rle.obj (.text)
                  00004ea2    00000002                           : startup.obj (.text)
                  00004ea4    00000060     Task_ReportSysTick.obj (.text)
                  00004f04    00000060     rtsv7M3_T_le_eabi.lib : sprintf.obj (.text)
                  00004f64    0000005c                           : s_frexp.obj (.text)
                  00004fc0    00000058     driverlib-cm3.lib : sysctl.obj (.text:SysCtlPeripheralEnable)
                  00005018    00000056     rtsv7M3_T_le_eabi.lib : ltoa.obj (.text)
                  0000506e    00000002     --HOLE-- [fill = 0]
                  00005070    00000054     Task_Blinky.obj (.text)
                  000050c4    00000054     rtsv7M3_T_le_eabi.lib : exit.obj (.text)
                  00005118    0000004c                           : atoi.obj (.text)
                  00005164    0000004c                           : cpy_tbl.obj (.text)
                  000051b0    00000048                           : fd_toi_t2.obj (.text)
                  000051f8    00000044     driverlib-cm3.lib : ssi.obj (.text:SSIConfigSetExpClk)
                  0000523c    00000042                       : uart.obj (.text:UARTConfigSetExpClk)
                  0000527e    00000002     --HOLE-- [fill = 0]
                  00005280    00000040     rtsv7M3_T_le_eabi.lib : boot.obj (.text)
                  000052c0    00000040                           : u_divt2.obj (.text)
                  00005300    0000003c     UARTStdio_Initialization_LM3S1968.obj (.text)
                  0000533c    0000002e     driverlib-cm3.lib : adc.obj (.text:ADCIntStatus)
                  0000536a    0000002e                       : gpio.obj (.text:GPIODirModeSet)
                  00005398    0000002e     rtsv7M3_T_le_eabi.lib : i_tofd_t2.obj (.text)
                  000053c6    0000002a     driverlib-cm3.lib : adc.obj (.text:ADCSequenceConfigure)
                  000053f0    00000028                       : pwm.obj (.text:PWMGenConfigure)
                  00005418    00000020                       : adc.obj (.text:ADCSequenceDataGet)
                  00005438    0000001e                       : pwm.obj (.text:PWMPulseWidthSet)
                  00005456    00000002     --HOLE-- [fill = 0]
                  00005458    0000001c                       : uart.obj (.text:UARTDisable)
                  00005474    0000001a     rtsv7M3_T_le_eabi.lib : memccpy.obj (.text)
                  0000548e    00000002     --HOLE-- [fill = 0]
                  00005490    00000018                           : args_main.obj (.text)
                  000054a8    00000016     driverlib-cm3.lib : adc.obj (.text:ADCProcessorTrigger)
                  000054be    00000016                       : pwm.obj (.text:PWMOutputState)
                  000054d4    00000016     rtsv7M3_T_le_eabi.lib : strchr.obj (.text)
                  000054ea    00000014     driverlib-cm3.lib : pwm.obj (.text:PWMGenPeriodGet)
                  000054fe    00000014                       : pwm.obj (.text:PWMGenPeriodSet)
                  00005512    00000002     --HOLE-- [fill = 0]
                  00005514    00000014                       : sysctl.obj (.text:SysCtlPWMClockSet)
                  00005528    00000014                       : uart.obj (.text:UARTEnable)
                  0000553c    00000014     rtsv7M3_T_le_eabi.lib : _lock.obj (.text)
                  00005550    00000014                           : strlen.obj (.text)
                  00005564    00000012     driverlib-cm3.lib : gpio.obj (.text:GPIOPinTypeGPIOOutput)
                  00005576    00000012                       : gpio.obj (.text:GPIOPinTypePWM)
                  00005588    00000012                       : gpio.obj (.text:GPIOPinTypeSSI)
                  0000559a    00000012                       : gpio.obj (.text:GPIOPinTypeUART)
                  000055ac    00000012                       : ssi.obj (.text:SSIDataGetNonBlocking)
                  000055be    0000000e                       : adc.obj (.text:ADCSequenceEnable)
                  000055cc    0000000e     rtsv7M3_T_le_eabi.lib : copy_decompress_none.obj (.text:decompress:none)
                  000055da    0000000c     FreeRTOS_LM3S_Startup.obj (.text)
                  000055e6    0000000a     driverlib-cm3.lib : pwm.obj (.text:PWMGenEnable)
                  000055f0    0000000a                       : ssi.obj (.text:SSIDataPut)
                  000055fa    0000000a                       : ssi.obj (.text:SSIDisable)
                  00005604    0000000a                       : ssi.obj (.text:SSIEnable)
                  0000560e    0000000a                       : uart.obj (.text:UARTCharGet)
                  00005618    0000000a                       : uart.obj (.text:UARTCharPut)
                  00005622    00000008                       : ssi.obj (.text:SSIBusy)
                  0000562a    00000008     rtsv7M3_T_le_eabi.lib : s_copysign.obj (.text)
                  00005632    00000006     driverlib-cm3.lib : gpio.obj (.text:GPIOPinRead)
                  00005638    00000006                       : gpio.obj (.text:GPIOPinWrite)
                  0000563e    00000006                       : sysctl.obj (.text:SysCtlDelay)
                  00005644    00000006     rtsv7M3_T_le_eabi.lib : copy_decompress_rle.obj (.text:decompress:rle24)
                  0000564a    00000004                           : pre_init.obj (.text)

.const     0    00005650    0000041a     
                  00005650    000001e0     rit128x96x4.obj (.const:g_pucFont)
                  00005830    00000101     rtsv7M3_T_le_eabi.lib : ctype.obj (.const:.string:_ctypes_)
                  00005931    00000003     rit128x96x4.obj (.const:.string:pucCommand1$1)
                  00005934    0000006c     driverlib-cm3.lib : sysctl.obj (.const:g_pulXtals)
                  000059a0    0000004f     rit128x96x4.obj (.const:.string:g_pucRIT128x96x4Init)
                  000059ef    00000001     --HOLE-- [fill = 0]
                  000059f0    00000040     driverlib-cm3.lib : sysctl.obj (.const)
                  00005a30    00000012     uartstdio.obj (.const:.string)
                  00005a42    00000002     rit128x96x4.obj (.const:.string:g_pucRIT128x96x4HorizontalInc)
                  00005a44    0000000c     uartstdio.obj (.const:g_ulUARTBase)
                  00005a50    0000000c     uartstdio.obj (.const:g_ulUARTPeriph)
                  00005a5c    00000004     uartstdio.obj (.const)
                  00005a60    00000003     rit128x96x4.obj (.const:.string:pucCommand2$2)
                  00005a63    00000002     rit128x96x4.obj (.const:.string:g_pucRIT128x96x4VerticalInc)
                  00005a65    00000002     rit128x96x4.obj (.const:.string:pucCommand1$3)
                  00005a67    00000001     --HOLE-- [fill = 0]
                  00005a68    00000002     heap_2.obj (.const)

.cinit     0    00005a70    0000004c     
                  00005a70    00000024     (.cinit..data.load) [load image, compression = rle]
                  00005a94    00000004     --HOLE-- [fill = 0]
                  00005a98    0000000b     (.cinit..bss.load) [load image, compression = rle]
                  00005aa3    00000001     --HOLE-- [fill = 0]
                  00005aa4    00000008     (__TI_handler_table)
                  00005aac    00000010     (__TI_cinit_table)

.init_array 
*          0    00000000    00000000     UNINITIALIZED

.bss       0    20000000    0000c588     UNINITIALIZED
                  20000000    0000c350     heap_2.obj (.bss:xHeap)
                  2000c350    00000100     FreeRTOS_LM3S_Startup.obj (.bss:pulStack)
                  2000c450    00000064     tasks.obj (.bss:pxReadyTasksLists)
                  2000c4b4    00000040     (.common:xQueueRegistry)
                  2000c4f4    00000014     timers.obj (.bss:xActiveTimerList1)
                  2000c508    00000014     timers.obj (.bss:xActiveTimerList2)
                  2000c51c    00000014     tasks.obj (.bss:xDelayedTaskList1)
                  2000c530    00000014     tasks.obj (.bss:xDelayedTaskList2)
                  2000c544    00000014     tasks.obj (.bss:xPendingReadyList)
                  2000c558    00000008     rit128x96x4.obj (.bss:g_pucBuffer)
                  2000c560    00000008     tasks.obj (.bss)
                  2000c568    00000008     timers.obj (.bss)
                  2000c570    00000008     heap_2.obj (.bss:xEnd)
                  2000c578    00000008     heap_2.obj (.bss:xStart)
                  2000c580    00000004     rit128x96x4.obj (.bss)
                  2000c584    00000004     (.common:g_ulSystemClock)

.stack     0    2000c588    00000800     UNINITIALIZED
                  2000c588    00000800     --HOLE--

.data      0    2000cd88    00000070     UNINITIALIZED
                  2000cd88    0000002c     tasks.obj (.data)
                  2000cdb4    0000000c     rtsv7M3_T_le_eabi.lib : exit.obj (.data:$O1$$)
                  2000cdc0    00000008                           : _lock.obj (.data:$O1$$)
                  2000cdc8    00000008     heap_2.obj (.data)
                  2000cdd0    00000008     port.obj (.data)
                  2000cdd8    00000008     timers.obj (.data)
                  2000cde0    00000005     uartstdio.obj (.data)
                  2000cde5    00000001     Task_PwmDriveServo.obj (.data)
                  2000cde6    00000002     --HOLE--
                  2000cde8    00000004     Main_Blinky.obj (.data)
                  2000cdec    00000004     UARTStdio_Initialization_LM3S1968.obj (.data)
                  2000cdf0    00000004     rtsv7M3_T_le_eabi.lib : errno.obj (.data)
                  2000cdf4    00000004                           : stkdepth_vars.obj (.data)

MODULE SUMMARY

       Module                                  code    ro data   rw data
       ------                                  ----    -------   -------
    .\
       heap_2.obj                              440     2         50024  
       FreeRTOS_LM3S_Startup.obj               12      512       256    
       Main_Blinky.obj                         224     0         8      
    +--+---------------------------------------+-------+---------+---------+
       Total:                                  676     514       50288  
                                                                        
    .\Drivers\
       rit128x96x4.obj                         1296    571       12     
       uartstdio.obj                           1160    46        5      
       UARTStdio_Initialization_LM3S1968.obj   60      0         4      
    +--+---------------------------------------+-------+---------+---------+
       Total:                                  2516    617       21     
                                                                        
    .\Source\
       tasks.obj                               3744    0         212    
       queue.obj                               2324    0         64     
       timers.obj                              1320    0         56     
       list.obj                                298     0         0      
    +--+---------------------------------------+-------+---------+---------+
       Total:                                  7686    0         332    
                                                                        
    .\Source\portable\CCS\ARM_CM3\
       port.obj                                240     0         8      
       portasm.obj                             128     0         0      
    +--+---------------------------------------+-------+---------+---------+
       Total:                                  368     0         8      
                                                                        
    .\Tasks\
       Task_PwmDriveServo.obj                  320     0         1      
       Task_DisplayADCReadings.obj             152     0         0      
       Task_ReportSysTick.obj                  96      0         0      
       Task_Blinky.obj                         84      0         0      
    +--+---------------------------------------+-------+---------+---------+
       Total:                                  652     0         1      
                                                                        
    C:/TI_CodeComposer/StellarisWare-LM3S1968/driverlib/ccs-cm3/Debug/driverlib-cm3.lib
       sysctl.obj                              966     172       0      
       gpio.obj                                330     0         0      
       adc.obj                                 264     0         0      
       pwm.obj                                 142     0         0      
       uart.obj                                134     0         0      
       ssi.obj                                 124     0         0      
    +--+---------------------------------------+-------+---------+---------+
       Total:                                  1960    172       0      
                                                                        
    C:\TI_CodeComposer\ccsv6\tools\compiler\ti-cgt-arm_15.12.1.LTS\lib\rtsv7M3_T_le_eabi.lib
       _printfi.obj                            4336    0         0      
       ull_div_t2.obj                          500     0         0      
       fd_add_t2.obj                           438     0         0      
       fd_div_t2.obj                           310     0         0      
       fd_cmp_t2.obj                           268     0         0      
       ctype.obj                               0       257       0      
       fd_mul_t2.obj                           252     0         0      
       s_scalbn.obj                            208     0         0      
       memcpy_t2.obj                           156     0         0      
       memset_t2.obj                           122     0         0      
       autoinit.obj                            112     0         0      
       copy_decompress_rle.obj                 112     0         0      
       exit.obj                                84      0         12     
       sprintf.obj                             96      0         0      
       s_frexp.obj                             92      0         0      
       ltoa.obj                                86      0         0      
       atoi.obj                                76      0         0      
       cpy_tbl.obj                             76      0         0      
       fd_toi_t2.obj                           72      0         0      
       boot.obj                                64      0         0      
       u_divt2.obj                             64      0         0      
       i_tofd_t2.obj                           46      0         0      
       _lock.obj                               20      0         8      
       memccpy.obj                             26      0         0      
       args_main.obj                           24      0         0      
       strchr.obj                              22      0         0      
       strlen.obj                              20      0         0      
       copy_decompress_none.obj                14      0         0      
       s_copysign.obj                          8       0         0      
       errno.obj                               0       0         4      
       pre_init.obj                            4       0         0      
       stkdepth_vars.obj                       0       0         4      
       i_div0.obj                              2       0         0      
       mpu_init.obj                            2       0         0      
       startup.obj                             2       0         0      
    +--+---------------------------------------+-------+---------+---------+
       Total:                                  7714    257       28     
                                                                        
       Stack:                                  0       0         2048   
       Linker Generated:                       0       71        0      
    +--+---------------------------------------+-------+---------+---------+
       Grand Total:                            21572   1631      52726  


LINKER GENERATED COPY TABLES

__TI_cinit_table @ 00005aac records: 2, size/record: 8, table size: 16
	.data: load addr=00005a70, load size=00000024 bytes, run addr=2000cd88, run size=00000070 bytes, compression=rle
	.bss: load addr=00005a98, load size=0000000b bytes, run addr=20000000, run size=0000c588 bytes, compression=rle


LINKER GENERATED HANDLER TABLE

__TI_handler_table @ 00005aa4 records: 2, size/record: 4, table size: 8
	index: 0, handler: __TI_decompress_rle24
	index: 1, handler: __TI_decompress_none


GLOBAL SYMBOLS: SORTED ALPHABETICALLY BY Name 

address   name                             
-------   ----                             
0000533d  ADCIntStatus                     
000054a9  ADCProcessorTrigger              
000053c7  ADCSequenceConfigure             
00005419  ADCSequenceDataGet               
000055bf  ADCSequenceEnable                
00004dcd  ADCSequenceStepConfigure         
000050c5  C$$EXIT                          
0000536b  GPIODirModeSet                   
000048e1  GPIOPadConfigSet                 
00005633  GPIOPinRead                      
00005565  GPIOPinTypeGPIOOutput            
00005577  GPIOPinTypePWM                   
00005589  GPIOPinTypeSSI                   
0000559b  GPIOPinTypeUART                  
00005639  GPIOPinWrite                     
000053f1  PWMGenConfigure                  
000055e7  PWMGenEnable                     
000054eb  PWMGenPeriodGet                  
000054ff  PWMGenPeriodSet                  
000054bf  PWMOutputState                   
00005439  PWMPulseWidthSet                 
000030d5  RIT128x96x4Clear                 
00003353  RIT128x96x4Disable               
000034a5  RIT128x96x4DisplayOff            
00003471  RIT128x96x4DisplayOn             
000032f9  RIT128x96x4Enable                
00003271  RIT128x96x4ImageDraw             
000033cd  RIT128x96x4Init                  
00003131  RIT128x96x4StringDraw            
000055db  ResetISR                         
UNDEFED   SHT$$INIT_ARRAY$$Base            
UNDEFED   SHT$$INIT_ARRAY$$Limit           
00005623  SSIBusy                          
000051f9  SSIConfigSetExpClk               
000055ad  SSIDataGetNonBlocking            
000055f1  SSIDataPut                       
000055fb  SSIDisable                       
00005605  SSIEnable                        
00003ec9  SysCtlClockGet                   
00004061  SysCtlClockSet                   
0000563f  SysCtlDelay                      
00005515  SysCtlPWMClockSet                
00004fc1  SysCtlPeripheralEnable           
00004ce5  SysCtlPeripheralPresent          
00005071  Task_Blinky                      
00004a45  Task_DisplayADCReadings          
000041a5  Task_PwmDriveServo               
00004ea5  Task_ReportSysTick               
0000560f  UARTCharGet                      
00005619  UARTCharPut                      
0000523d  UARTConfigSetExpClk              
00005459  UARTDisable                      
00005529  UARTEnable                       
000034dd  UARTStdioInit                    
000034ed  UARTStdioInitExpClk              
2000cdec  UARTStdioInitFlag                
00005301  UARTStdio_Initialization         
00003633  UARTgetc                         
0000357b  UARTgets                         
00003659  UARTprintf                       
00003535  UARTwrite                        
2000cd88  __STACK_END                      
00000800  __STACK_SIZE                     
2000c788  __STACK_TOP                      
00005aac  __TI_CINIT_Base                  
00005abc  __TI_CINIT_Limit                 
00005aa4  __TI_Handler_Table_Base          
00005aac  __TI_Handler_Table_Limit         
00004d5d  __TI_auto_init                   
2000cdb4  __TI_cleanup_ptr                 
000055cd  __TI_decompress_none             
00005645  __TI_decompress_rle24            
2000cdb8  __TI_dtors_ptr                   
2000cdbc  __TI_enable_exit_profile_output  
ffffffff  __TI_pprof_out_hndl              
00000feb  __TI_printfi                     
ffffffff  __TI_prof_data_size              
ffffffff  __TI_prof_data_start             
00000000  __TI_static_base__               
00004add  __aeabi_cdcmpeq                  
00004add  __aeabi_cdcmple                  
00004b63  __aeabi_cdrcmple                 
000051b1  __aeabi_d2iz                     
00003d1b  __aeabi_dadd                     
000042e5  __aeabi_ddiv                     
00004545  __aeabi_dmul                     
00003d11  __aeabi_dsub                     
00005399  __aeabi_i2d                      
00003ec7  __aeabi_idiv0                    
00004c69  __aeabi_memclr                   
00004c69  __aeabi_memclr4                  
00004c69  __aeabi_memclr8                  
000049a9  __aeabi_memcpy                   
000049a9  __aeabi_memcpy4                  
000049a9  __aeabi_memcpy8                  
00004c6b  __aeabi_memset                   
00004c6b  __aeabi_memset4                  
00004c6b  __aeabi_memset8                  
000052c1  __aeabi_uidiv                    
000052c1  __aeabi_uidivmod                 
00003965  __aeabi_uldivmod                 
ffffffff  __binit__                        
ffffffff  __c_args__                       
00004ce3  __mpu_init                       
2000c588  __stack                          
00005491  _args_main                       
00005281  _c_int00                         
00005830  _ctypes_                         
2000cdc0  _lock                            
0000554b  _nop                             
00005543  _register_lock                   
0000553d  _register_unlock                 
00004ea3  _system_post_cinit               
0000564b  _system_pre_init                 
2000cdc4  _unlock                          
000050c9  abort                            
00005119  atoi                             
ffffffff  binit                            
00005165  copy_in                          
0000562b  copysign                         
0000562b  copysignl                        
2000cde5  currentState                     
2000cdf0  errno                            
000050d1  exit                             
00004f65  frexp                            
00004f65  frexpl                           
00000000  g_pfnVectors                     
2000c584  g_ulSystemClock                  
00004811  ldexp                            
00004811  ldexpl                           
00005019  ltoa                             
00004731  main                             
2000cdf4  main_func_sp                     
00005475  memccpy                          
000049a9  memcpy                           
00004c71  memset                           
00002ba1  pcTimerGetTimerName              
00003b59  pvPortMalloc                     
00001d51  pvTaskIncrementMutexHeldCount    
00002f7d  pvTimerGetTimerID                
2000cd88  pxCurrentTCB                     
00004641  pxPortInitialiseStack            
00004811  scalbn                           
00004811  scalbnl                          
00004f05  sprintf                          
000054d5  strchr                           
00005551  strlen                           
00004c25  ulPortSetInterruptMask           
00001d81  ulTaskNotifyTake                 
2000cde8  ulValue                          
000044fd  uxListRemove                     
00002771  uxQueueMessagesWaiting           
000027a7  uxQueueMessagesWaitingFromISR    
00002787  uxQueueSpacesAvailable           
00001635  uxTaskGetNumberOfTasks           
00001d2b  uxTaskResetEventItemValue        
0000441b  vListInitialise                  
0000444b  vListInitialiseItem              
00004497  vListInsert                      
0000445b  vListInsertEnd                   
00004c33  vPortClearInterruptMask          
000046b1  vPortEndScheduler                
000046bd  vPortEnterCritical               
000046cd  vPortExitCritical                
00003c85  vPortFree                        
00003ced  vPortInitialiseBlocks            
00004c39  vPortSVCHandler                  
00004709  vPortSetupTimerInterrupt         
00004c57  vPortStartFirstTask              
000046b3  vPortYieldFromISR                
000029cd  vQueueAddToRegistry              
000027b9  vQueueDelete                     
00002a0f  vQueueUnregisterQueue            
00002a49  vQueueWaitForMessageRestricted   
00001481  vTaskDelay                       
000013f5  vTaskDelayUntil                  
0000151b  vTaskEndScheduler                
000019ff  vTaskMissedYield                 
000020a1  vTaskNotifyGiveFromISR           
000017a9  vTaskPlaceOnEventList            
00001831  vTaskPlaceOnEventListRestricted  
000017e1  vTaskPlaceOnUnorderedEventList   
00001c0d  vTaskPriorityInherit             
00001973  vTaskSetTimeOutState             
000014c1  vTaskStartScheduler              
0000152d  vTaskSuspendAll                  
00001729  vTaskSwitchContext               
00002f97  vTimerSetTimerID                 
00003ce7  xPortGetFreeHeapSize             
00004be9  xPortPendSVHandler               
00004689  xPortStartScheduler              
2000cdd4  xPortSysTickCount                
000046e5  xPortSysTickHandler              
00002375  xQueueCreateCountingSemaphore    
00002283  xQueueCreateMutex                
0000221d  xQueueGenericCreate              
0000257d  xQueueGenericReceive             
00002191  xQueueGenericReset               
00002395  xQueueGenericSend                
0000248d  xQueueGenericSendFromISR         
0000250b  xQueueGiveFromISR                
000022ef  xQueueGiveMutexRecursive         
00002969  xQueueIsQueueEmptyFromISR        
000029ab  xQueueIsQueueFullFromISR         
0000272d  xQueuePeekFromISR                
000026b5  xQueueReceiveFromISR             
2000c4b4  xQueueRegistry                   
0000232b  xQueueTakeMutexRecursive         
00001995  xTaskCheckForTimeOut             
000012f1  xTaskGenericCreate               
00001ec9  xTaskGenericNotify               
00001fa9  xTaskGenericNotifyFromISR        
00001bd1  xTaskGetCurrentTaskHandle        
00001be1  xTaskGetSchedulerState           
00001609  xTaskGetTickCount                
00001621  xTaskGetTickCountFromISR         
00001641  xTaskIncrementTick               
0000213d  xTaskNotifyStateClear            
00001e19  xTaskNotifyWait                  
00001cab  xTaskPriorityDisinherit          
00001875  xTaskRemoveFromEventList         
000018fd  xTaskRemoveFromUnorderedEventList
00001537  xTaskResumeAll                   
00002adf  xTimerCreate                     
00002aa5  xTimerCreateTimerTask            
00002b33  xTimerGenericCommand             
00002f51  xTimerIsTimerActive              


GLOBAL SYMBOLS: SORTED BY Symbol Address 

address   name                             
-------   ----                             
00000000  __TI_static_base__               
00000000  g_pfnVectors                     
00000800  __STACK_SIZE                     
00000feb  __TI_printfi                     
000012f1  xTaskGenericCreate               
000013f5  vTaskDelayUntil                  
00001481  vTaskDelay                       
000014c1  vTaskStartScheduler              
0000151b  vTaskEndScheduler                
0000152d  vTaskSuspendAll                  
00001537  xTaskResumeAll                   
00001609  xTaskGetTickCount                
00001621  xTaskGetTickCountFromISR         
00001635  uxTaskGetNumberOfTasks           
00001641  xTaskIncrementTick               
00001729  vTaskSwitchContext               
000017a9  vTaskPlaceOnEventList            
000017e1  vTaskPlaceOnUnorderedEventList   
00001831  vTaskPlaceOnEventListRestricted  
00001875  xTaskRemoveFromEventList         
000018fd  xTaskRemoveFromUnorderedEventList
00001973  vTaskSetTimeOutState             
00001995  xTaskCheckForTimeOut             
000019ff  vTaskMissedYield                 
00001bd1  xTaskGetCurrentTaskHandle        
00001be1  xTaskGetSchedulerState           
00001c0d  vTaskPriorityInherit             
00001cab  xTaskPriorityDisinherit          
00001d2b  uxTaskResetEventItemValue        
00001d51  pvTaskIncrementMutexHeldCount    
00001d81  ulTaskNotifyTake                 
00001e19  xTaskNotifyWait                  
00001ec9  xTaskGenericNotify               
00001fa9  xTaskGenericNotifyFromISR        
000020a1  vTaskNotifyGiveFromISR           
0000213d  xTaskNotifyStateClear            
00002191  xQueueGenericReset               
0000221d  xQueueGenericCreate              
00002283  xQueueCreateMutex                
000022ef  xQueueGiveMutexRecursive         
0000232b  xQueueTakeMutexRecursive         
00002375  xQueueCreateCountingSemaphore    
00002395  xQueueGenericSend                
0000248d  xQueueGenericSendFromISR         
0000250b  xQueueGiveFromISR                
0000257d  xQueueGenericReceive             
000026b5  xQueueReceiveFromISR             
0000272d  xQueuePeekFromISR                
00002771  uxQueueMessagesWaiting           
00002787  uxQueueSpacesAvailable           
000027a7  uxQueueMessagesWaitingFromISR    
000027b9  vQueueDelete                     
00002969  xQueueIsQueueEmptyFromISR        
000029ab  xQueueIsQueueFullFromISR         
000029cd  vQueueAddToRegistry              
00002a0f  vQueueUnregisterQueue            
00002a49  vQueueWaitForMessageRestricted   
00002aa5  xTimerCreateTimerTask            
00002adf  xTimerCreate                     
00002b33  xTimerGenericCommand             
00002ba1  pcTimerGetTimerName              
00002f51  xTimerIsTimerActive              
00002f7d  pvTimerGetTimerID                
00002f97  vTimerSetTimerID                 
000030d5  RIT128x96x4Clear                 
00003131  RIT128x96x4StringDraw            
00003271  RIT128x96x4ImageDraw             
000032f9  RIT128x96x4Enable                
00003353  RIT128x96x4Disable               
000033cd  RIT128x96x4Init                  
00003471  RIT128x96x4DisplayOn             
000034a5  RIT128x96x4DisplayOff            
000034dd  UARTStdioInit                    
000034ed  UARTStdioInitExpClk              
00003535  UARTwrite                        
0000357b  UARTgets                         
00003633  UARTgetc                         
00003659  UARTprintf                       
00003965  __aeabi_uldivmod                 
00003b59  pvPortMalloc                     
00003c85  vPortFree                        
00003ce7  xPortGetFreeHeapSize             
00003ced  vPortInitialiseBlocks            
00003d11  __aeabi_dsub                     
00003d1b  __aeabi_dadd                     
00003ec7  __aeabi_idiv0                    
00003ec9  SysCtlClockGet                   
00004061  SysCtlClockSet                   
000041a5  Task_PwmDriveServo               
000042e5  __aeabi_ddiv                     
0000441b  vListInitialise                  
0000444b  vListInitialiseItem              
0000445b  vListInsertEnd                   
00004497  vListInsert                      
000044fd  uxListRemove                     
00004545  __aeabi_dmul                     
00004641  pxPortInitialiseStack            
00004689  xPortStartScheduler              
000046b1  vPortEndScheduler                
000046b3  vPortYieldFromISR                
000046bd  vPortEnterCritical               
000046cd  vPortExitCritical                
000046e5  xPortSysTickHandler              
00004709  vPortSetupTimerInterrupt         
00004731  main                             
00004811  ldexp                            
00004811  ldexpl                           
00004811  scalbn                           
00004811  scalbnl                          
000048e1  GPIOPadConfigSet                 
000049a9  __aeabi_memcpy                   
000049a9  __aeabi_memcpy4                  
000049a9  __aeabi_memcpy8                  
000049a9  memcpy                           
00004a45  Task_DisplayADCReadings          
00004add  __aeabi_cdcmpeq                  
00004add  __aeabi_cdcmple                  
00004b63  __aeabi_cdrcmple                 
00004be9  xPortPendSVHandler               
00004c25  ulPortSetInterruptMask           
00004c33  vPortClearInterruptMask          
00004c39  vPortSVCHandler                  
00004c57  vPortStartFirstTask              
00004c69  __aeabi_memclr                   
00004c69  __aeabi_memclr4                  
00004c69  __aeabi_memclr8                  
00004c6b  __aeabi_memset                   
00004c6b  __aeabi_memset4                  
00004c6b  __aeabi_memset8                  
00004c71  memset                           
00004ce3  __mpu_init                       
00004ce5  SysCtlPeripheralPresent          
00004d5d  __TI_auto_init                   
00004dcd  ADCSequenceStepConfigure         
00004ea3  _system_post_cinit               
00004ea5  Task_ReportSysTick               
00004f05  sprintf                          
00004f65  frexp                            
00004f65  frexpl                           
00004fc1  SysCtlPeripheralEnable           
00005019  ltoa                             
00005071  Task_Blinky                      
000050c5  C$$EXIT                          
000050c9  abort                            
000050d1  exit                             
00005119  atoi                             
00005165  copy_in                          
000051b1  __aeabi_d2iz                     
000051f9  SSIConfigSetExpClk               
0000523d  UARTConfigSetExpClk              
00005281  _c_int00                         
000052c1  __aeabi_uidiv                    
000052c1  __aeabi_uidivmod                 
00005301  UARTStdio_Initialization         
0000533d  ADCIntStatus                     
0000536b  GPIODirModeSet                   
00005399  __aeabi_i2d                      
000053c7  ADCSequenceConfigure             
000053f1  PWMGenConfigure                  
00005419  ADCSequenceDataGet               
00005439  PWMPulseWidthSet                 
00005459  UARTDisable                      
00005475  memccpy                          
00005491  _args_main                       
000054a9  ADCProcessorTrigger              
000054bf  PWMOutputState                   
000054d5  strchr                           
000054eb  PWMGenPeriodGet                  
000054ff  PWMGenPeriodSet                  
00005515  SysCtlPWMClockSet                
00005529  UARTEnable                       
0000553d  _register_unlock                 
00005543  _register_lock                   
0000554b  _nop                             
00005551  strlen                           
00005565  GPIOPinTypeGPIOOutput            
00005577  GPIOPinTypePWM                   
00005589  GPIOPinTypeSSI                   
0000559b  GPIOPinTypeUART                  
000055ad  SSIDataGetNonBlocking            
000055bf  ADCSequenceEnable                
000055cd  __TI_decompress_none             
000055db  ResetISR                         
000055e7  PWMGenEnable                     
000055f1  SSIDataPut                       
000055fb  SSIDisable                       
00005605  SSIEnable                        
0000560f  UARTCharGet                      
00005619  UARTCharPut                      
00005623  SSIBusy                          
0000562b  copysign                         
0000562b  copysignl                        
00005633  GPIOPinRead                      
00005639  GPIOPinWrite                     
0000563f  SysCtlDelay                      
00005645  __TI_decompress_rle24            
0000564b  _system_pre_init                 
00005830  _ctypes_                         
00005aa4  __TI_Handler_Table_Base          
00005aac  __TI_CINIT_Base                  
00005aac  __TI_Handler_Table_Limit         
00005abc  __TI_CINIT_Limit                 
2000c4b4  xQueueRegistry                   
2000c584  g_ulSystemClock                  
2000c588  __stack                          
2000c788  __STACK_TOP                      
2000cd88  __STACK_END                      
2000cd88  pxCurrentTCB                     
2000cdb4  __TI_cleanup_ptr                 
2000cdb8  __TI_dtors_ptr                   
2000cdbc  __TI_enable_exit_profile_output  
2000cdc0  _lock                            
2000cdc4  _unlock                          
2000cdd4  xPortSysTickCount                
2000cde5  currentState                     
2000cde8  ulValue                          
2000cdec  UARTStdioInitFlag                
2000cdf0  errno                            
2000cdf4  main_func_sp                     
ffffffff  __TI_pprof_out_hndl              
ffffffff  __TI_prof_data_size              
ffffffff  __TI_prof_data_start             
ffffffff  __binit__                        
ffffffff  __c_args__                       
ffffffff  binit                            
UNDEFED   SHT$$INIT_ARRAY$$Base            
UNDEFED   SHT$$INIT_ARRAY$$Limit           

[227 symbols]
