******************************************************************************
                  TI ARM Linker PC v15.12.1                    
******************************************************************************
>> Linked Tue Sep 13 14:16:56 2016

OUTPUT FILE NAME:   <Program_SpeakerBuzz.out>
ENTRY POINT SYMBOL: "_c_int00"  address: 00001a75


MEMORY CONFIGURATION

         name            origin    length      used     unused   attr    fill
----------------------  --------  ---------  --------  --------  ----  --------
  FLASH                 00000000   00040000  0000204d  0003dfb3  R  X
  SRAM                  20000000   00010000  00000850  0000f7b0  RW X


SEGMENT ALLOCATION MAP

run origin  load origin   length   init length attrs members
----------  ----------- ---------- ----------- ----- -------
00000000    00000000    00002054   00002054    r-x
  00000000    00000000    000000f0   000000f0    r-- .intvecs
  000000f0    000000f0    00001b28   00001b28    r-x .text
  00001c18    00001c18    000003e9   000003e9    r-- .const
  00002008    00002008    0000004c   0000004c    r-- .cinit
20000000    20000000    00000850   00000000    rw-
  20000000    20000000    00000800   00000000    rw- .stack
  20000800    20000800    00000038   00000000    rw- .data
  20000838    20000838    00000018   00000000    rw- .bss


SECTION ALLOCATION MAP

 output                                  attributes/
section   page    origin      length       input sections
--------  ----  ----------  ----------   ----------------
.intvecs   0    00000000    000000f0     
                  00000000    000000f0     Program_Speakerbuzz_startup.obj (.intvecs)

.text      0    000000f0    00001b28     
                  000000f0    00000764     rtsv7M3_T_le_eabi.lib : _printfi_nf.obj (.text)
                  00000854    00000510     rit128x96x4.obj (.text)
                  00000d64    000001f4     rtsv7M3_T_le_eabi.lib : ull_div_t2.obj (.text)
                  00000f58    00000198     driverlib-cm3.lib : sysctl.obj (.text:SysCtlClockGet)
                  000010f0    00000154     Program_Speakerbuzz.obj (.text)
                  00001244    00000144     driverlib-cm3.lib : sysctl.obj (.text:SysCtlClockSet)
                  00001388    000000c8                       : gpio.obj (.text:GPIOPadConfigSet)
                  00001450    000000c0     Task_ReportSysTick.obj (.text)
                  00001510    000000a8     Task_LEDBlink.obj (.text)
                  000015b8    0000009c     rtsv7M3_T_le_eabi.lib : memcpy_t2.obj (.text)
                  00001654    00000088     driverlib-cm3.lib : sysctl.obj (.text:SysCtlPeripheralReset)
                  000016dc    0000007a     rtsv7M3_T_le_eabi.lib : memset_t2.obj (.text)
                  00001756    00000002                           : mpu_init.obj (.text)
                  00001758    00000070                           : autoinit.obj (.text)
                  000017c8    0000006a                           : copy_decompress_rle.obj (.text)
                  00001832    00000002                           : startup.obj (.text)
                  00001834    00000060                           : sprintf.obj (.text)
                  00001894    00000058     driverlib-cm3.lib : sysctl.obj (.text:SysCtlPeripheralDisable)
                  000018ec    00000058                       : sysctl.obj (.text:SysCtlPeripheralEnable)
                  00001944    00000054     rtsv7M3_T_le_eabi.lib : exit.obj (.text)
                  00001998    0000004c                           : atoi.obj (.text)
                  000019e4    0000004c                           : cpy_tbl.obj (.text)
                  00001a30    00000044     driverlib-cm3.lib : ssi.obj (.text:SSIConfigSetExpClk)
                  00001a74    00000040     rtsv7M3_T_le_eabi.lib : boot.obj (.text)
                  00001ab4    0000002e     driverlib-cm3.lib : gpio.obj (.text:GPIODirModeSet)
                  00001ae2    0000001a     rtsv7M3_T_le_eabi.lib : memccpy.obj (.text)
                  00001afc    00000018                           : args_main.obj (.text)
                  00001b14    00000014     driverlib-cm3.lib : systick.obj (.text:SysTickEnable)
                  00001b28    00000014                       : systick.obj (.text:SysTickIntEnable)
                  00001b3c    00000014     rtsv7M3_T_le_eabi.lib : _lock.obj (.text)
                  00001b50    00000014                           : strlen.obj (.text)
                  00001b64    00000012     driverlib-cm3.lib : gpio.obj (.text:GPIOPinTypeGPIOInput)
                  00001b76    00000012                       : gpio.obj (.text:GPIOPinTypeGPIOOutput)
                  00001b88    00000012                       : gpio.obj (.text:GPIOPinTypeSSI)
                  00001b9a    00000012                       : ssi.obj (.text:SSIDataGetNonBlocking)
                  00001bac    00000010                       : systick.obj (.text:SysTickPeriodSet)
                  00001bbc    0000000e     rtsv7M3_T_le_eabi.lib : copy_decompress_none.obj (.text:decompress:none)
                  00001bca    0000000c     Program_Speakerbuzz_startup.obj (.text)
                  00001bd6    0000000a     driverlib-cm3.lib : ssi.obj (.text:SSIDataPut)
                  00001be0    0000000a                       : ssi.obj (.text:SSIDisable)
                  00001bea    0000000a                       : ssi.obj (.text:SSIEnable)
                  00001bf4    00000008                       : ssi.obj (.text:SSIBusy)
                  00001bfc    00000006                       : gpio.obj (.text:GPIOPinRead)
                  00001c02    00000006                       : gpio.obj (.text:GPIOPinWrite)
                  00001c08    00000006                       : sysctl.obj (.text:SysCtlDelay)
                  00001c0e    00000006     rtsv7M3_T_le_eabi.lib : copy_decompress_rle.obj (.text:decompress:rle24)
                  00001c14    00000004                           : pre_init.obj (.text)

.const     0    00001c18    000003e9     
                  00001c18    000001e0     rit128x96x4.obj (.const:g_pucFont)
                  00001df8    00000101     rtsv7M3_T_le_eabi.lib : ctype.obj (.const:.string:_ctypes_)
                  00001ef9    00000003     rit128x96x4.obj (.const:.string:pucCommand1$1)
                  00001efc    0000006c     driverlib-cm3.lib : sysctl.obj (.const:g_pulXtals)
                  00001f68    0000004f     rit128x96x4.obj (.const:.string:g_pucRIT128x96x4Init)
                  00001fb7    00000001     --HOLE-- [fill = 0]
                  00001fb8    00000040     driverlib-cm3.lib : sysctl.obj (.const)
                  00001ff8    00000003     rit128x96x4.obj (.const:.string:pucCommand2$2)
                  00001ffb    00000002     rit128x96x4.obj (.const:.string:g_pucRIT128x96x4HorizontalInc)
                  00001ffd    00000002     rit128x96x4.obj (.const:.string:g_pucRIT128x96x4VerticalInc)
                  00001fff    00000002     rit128x96x4.obj (.const:.string:pucCommand1$3)

.cinit     0    00002008    0000004c     
                  00002008    00000021     (.cinit..data.load) [load image, compression = rle]
                  00002029    00000007     --HOLE-- [fill = 0]
                  00002030    00000009     (.cinit..bss.load) [load image, compression = rle]
                  00002039    00000003     --HOLE-- [fill = 0]
                  0000203c    00000008     (__TI_handler_table)
                  00002044    00000010     (__TI_cinit_table)

.init_array 
*          0    00000000    00000000     UNINITIALIZED

.stack     0    20000000    00000800     UNINITIALIZED
                  20000000    00000800     --HOLE--

.data      0    20000800    00000038     UNINITIALIZED
                  20000800    0000000c     rtsv7M3_T_le_eabi.lib : exit.obj (.data:$O1$$)
                  2000080c    0000000c     Task_ReportSysTick.obj (.data)
                  20000818    00000009     Program_Speakerbuzz.obj (.data)
                  20000821    00000003     --HOLE--
                  20000824    00000008     rtsv7M3_T_le_eabi.lib : _lock.obj (.data:$O1$$)
                  2000082c    00000005     Task_LEDBlink.obj (.data)
                  20000831    00000003     --HOLE--
                  20000834    00000004     rtsv7M3_T_le_eabi.lib : stkdepth_vars.obj (.data)

.bss       0    20000838    00000018     UNINITIALIZED
                  20000838    00000008     rit128x96x4.obj (.bss:g_pucBuffer)
                  20000840    00000004     Task_LEDBlink.obj (.bss)
                  20000844    00000004     Task_ReportSysTick.obj (.bss)
                  20000848    00000004     rit128x96x4.obj (.bss)
                  2000084c    00000004     (.common:g_ulSystemClock)

MODULE SUMMARY

       Module                            code   ro data   rw data
       ------                            ----   -------   -------
    .\
       Program_Speakerbuzz.obj           340    0         13     
       Program_Speakerbuzz_startup.obj   12     240       0      
    +--+---------------------------------+------+---------+---------+
       Total:                            352    240       13     
                                                                 
    .\Drivers\
       rit128x96x4.obj                   1296   571       12     
    +--+---------------------------------+------+---------+---------+
       Total:                            1296   571       12     
                                                                 
    .\Tasks\
       Task_ReportSysTick.obj            192    0         16     
       Task_LEDBlink.obj                 168    0         9      
    +--+---------------------------------+------+---------+---------+
       Total:                            360    0         25     
                                                                 
    C:/TI_CodeComposer/StellarisWare-LM3S1968/driverlib/ccs-cm3/Debug/driverlib-cm3.lib
       sysctl.obj                        1050   172       0      
       gpio.obj                          312    0         0      
       ssi.obj                           124    0         0      
       systick.obj                       56     0         0      
    +--+---------------------------------+------+---------+---------+
       Total:                            1542   172       0      
                                                                 
    C:\TI_CodeComposer\ccsv6\tools\compiler\ti-cgt-arm_15.12.1.LTS\lib\rtsv7M3_T_le_eabi.lib
       _printfi_nf.obj                   1892   0         0      
       ull_div_t2.obj                    500    0         0      
       ctype.obj                         0      257       0      
       memcpy_t2.obj                     156    0         0      
       memset_t2.obj                     122    0         0      
       autoinit.obj                      112    0         0      
       copy_decompress_rle.obj           112    0         0      
       exit.obj                          84     0         12     
       sprintf.obj                       96     0         0      
       atoi.obj                          76     0         0      
       cpy_tbl.obj                       76     0         0      
       boot.obj                          64     0         0      
       _lock.obj                         20     0         8      
       memccpy.obj                       26     0         0      
       args_main.obj                     24     0         0      
       strlen.obj                        20     0         0      
       copy_decompress_none.obj          14     0         0      
       pre_init.obj                      4      0         0      
       stkdepth_vars.obj                 0      0         4      
       mpu_init.obj                      2      0         0      
       startup.obj                       2      0         0      
    +--+---------------------------------+------+---------+---------+
       Total:                            3402   257       24     
                                                                 
       Stack:                            0      0         2048   
       Linker Generated:                 0      66        0      
    +--+---------------------------------+------+---------+---------+
       Grand Total:                      6952   1306      2122   


LINKER GENERATED COPY TABLES

__TI_cinit_table @ 00002044 records: 2, size/record: 8, table size: 16
	.data: load addr=00002008, load size=00000021 bytes, run addr=20000800, run size=00000038 bytes, compression=rle
	.bss: load addr=00002030, load size=00000009 bytes, run addr=20000838, run size=00000018 bytes, compression=rle


LINKER GENERATED HANDLER TABLE

__TI_handler_table @ 0000203c records: 2, size/record: 4, table size: 8
	index: 0, handler: __TI_decompress_rle24
	index: 1, handler: __TI_decompress_none


GLOBAL SYMBOLS: SORTED ALPHABETICALLY BY Name 

address   name                           
-------   ----                           
00001945  C$$EXIT                        
00001ab5  GPIODirModeSet                 
00001389  GPIOPadConfigSet               
00001bfd  GPIOPinRead                    
00001b65  GPIOPinTypeGPIOInput           
00001b77  GPIOPinTypeGPIOOutput          
00001b89  GPIOPinTypeSSI                 
00001c03  GPIOPinWrite                   
000010fb  Initialize_OLED                
20000820  OLED_Initialized               
0000095d  RIT128x96x4Clear               
00000bdb  RIT128x96x4Disable             
00000d2d  RIT128x96x4DisplayOff          
00000cf9  RIT128x96x4DisplayOn           
00000b81  RIT128x96x4Enable              
00000af9  RIT128x96x4ImageDraw           
00000c55  RIT128x96x4Init                
000009b9  RIT128x96x4StringDraw          
00001bcb  ResetISR                       
UNDEFED   SHT$$INIT_ARRAY$$Base          
UNDEFED   SHT$$INIT_ARRAY$$Limit         
00001bf5  SSIBusy                        
00001a31  SSIConfigSetExpClk             
00001b9b  SSIDataGetNonBlocking          
00001bd7  SSIDataPut                     
00001be1  SSIDisable                     
00001beb  SSIEnable                      
00000f59  SysCtlClockGet                 
00001245  SysCtlClockSet                 
00001c09  SysCtlDelay                    
00001895  SysCtlPeripheralDisable        
000018ed  SysCtlPeripheralEnable         
00001655  SysCtlPeripheralReset          
2000081c  SysTickCount_Nbr               
00001b15  SysTickEnable                  
20000818  SysTickFrequency_Nbr           
00001b29  SysTickIntEnable               
000010f1  SysTickIntHandler              
00001bad  SysTickPeriodSet               
00001511  Task_LEDBlink                  
00001451  Task_ReportSysTick             
UNDEFED   Task_Speakerbuzz               
20000800  __STACK_END                    
00000800  __STACK_SIZE                   
20000200  __STACK_TOP                    
00002044  __TI_CINIT_Base                
00002054  __TI_CINIT_Limit               
0000203c  __TI_Handler_Table_Base        
00002044  __TI_Handler_Table_Limit       
00001759  __TI_auto_init                 
20000800  __TI_cleanup_ptr               
00001bbd  __TI_decompress_none           
00001c0f  __TI_decompress_rle24          
20000804  __TI_dtors_ptr                 
20000808  __TI_enable_exit_profile_output
ffffffff  __TI_pprof_out_hndl            
00000551  __TI_printfi_nofloat           
ffffffff  __TI_prof_data_size            
ffffffff  __TI_prof_data_start           
00000000  __TI_static_base__             
000016dd  __aeabi_memclr                 
000016dd  __aeabi_memclr4                
000016dd  __aeabi_memclr8                
000015b9  __aeabi_memcpy                 
000015b9  __aeabi_memcpy4                
000015b9  __aeabi_memcpy8                
000016df  __aeabi_memset                 
000016df  __aeabi_memset4                
000016df  __aeabi_memset8                
00000d65  __aeabi_uldivmod               
ffffffff  __binit__                      
ffffffff  __c_args__                     
00001757  __mpu_init                     
20000000  __stack                        
00001afd  _args_main                     
00001a75  _c_int00                       
00001df8  _ctypes_                       
20000824  _lock                          
00001b4b  _nop                           
00001b43  _register_lock                 
00001b3d  _register_unlock               
00001833  _system_post_cinit             
00001c15  _system_pre_init               
20000828  _unlock                        
00001949  abort                          
00001999  atoi                           
ffffffff  binit                          
000019e5  copy_in                        
00001951  exit                           
00000000  g_pfnVectors                   
2000084c  g_ulSystemClock                
000011b9  main                           
20000834  main_func_sp                   
00001ae3  memccpy                        
000015b9  memcpy                         
000016e5  memset                         
00001835  sprintf                        
00001b51  strlen                         


GLOBAL SYMBOLS: SORTED BY Symbol Address 

address   name                           
-------   ----                           
00000000  __TI_static_base__             
00000000  g_pfnVectors                   
00000551  __TI_printfi_nofloat           
00000800  __STACK_SIZE                   
0000095d  RIT128x96x4Clear               
000009b9  RIT128x96x4StringDraw          
00000af9  RIT128x96x4ImageDraw           
00000b81  RIT128x96x4Enable              
00000bdb  RIT128x96x4Disable             
00000c55  RIT128x96x4Init                
00000cf9  RIT128x96x4DisplayOn           
00000d2d  RIT128x96x4DisplayOff          
00000d65  __aeabi_uldivmod               
00000f59  SysCtlClockGet                 
000010f1  SysTickIntHandler              
000010fb  Initialize_OLED                
000011b9  main                           
00001245  SysCtlClockSet                 
00001389  GPIOPadConfigSet               
00001451  Task_ReportSysTick             
00001511  Task_LEDBlink                  
000015b9  __aeabi_memcpy                 
000015b9  __aeabi_memcpy4                
000015b9  __aeabi_memcpy8                
000015b9  memcpy                         
00001655  SysCtlPeripheralReset          
000016dd  __aeabi_memclr                 
000016dd  __aeabi_memclr4                
000016dd  __aeabi_memclr8                
000016df  __aeabi_memset                 
000016df  __aeabi_memset4                
000016df  __aeabi_memset8                
000016e5  memset                         
00001757  __mpu_init                     
00001759  __TI_auto_init                 
00001833  _system_post_cinit             
00001835  sprintf                        
00001895  SysCtlPeripheralDisable        
000018ed  SysCtlPeripheralEnable         
00001945  C$$EXIT                        
00001949  abort                          
00001951  exit                           
00001999  atoi                           
000019e5  copy_in                        
00001a31  SSIConfigSetExpClk             
00001a75  _c_int00                       
00001ab5  GPIODirModeSet                 
00001ae3  memccpy                        
00001afd  _args_main                     
00001b15  SysTickEnable                  
00001b29  SysTickIntEnable               
00001b3d  _register_unlock               
00001b43  _register_lock                 
00001b4b  _nop                           
00001b51  strlen                         
00001b65  GPIOPinTypeGPIOInput           
00001b77  GPIOPinTypeGPIOOutput          
00001b89  GPIOPinTypeSSI                 
00001b9b  SSIDataGetNonBlocking          
00001bad  SysTickPeriodSet               
00001bbd  __TI_decompress_none           
00001bcb  ResetISR                       
00001bd7  SSIDataPut                     
00001be1  SSIDisable                     
00001beb  SSIEnable                      
00001bf5  SSIBusy                        
00001bfd  GPIOPinRead                    
00001c03  GPIOPinWrite                   
00001c09  SysCtlDelay                    
00001c0f  __TI_decompress_rle24          
00001c15  _system_pre_init               
00001df8  _ctypes_                       
0000203c  __TI_Handler_Table_Base        
00002044  __TI_CINIT_Base                
00002044  __TI_Handler_Table_Limit       
00002054  __TI_CINIT_Limit               
20000000  __stack                        
20000200  __STACK_TOP                    
20000800  __STACK_END                    
20000800  __TI_cleanup_ptr               
20000804  __TI_dtors_ptr                 
20000808  __TI_enable_exit_profile_output
20000818  SysTickFrequency_Nbr           
2000081c  SysTickCount_Nbr               
20000820  OLED_Initialized               
20000824  _lock                          
20000828  _unlock                        
20000834  main_func_sp                   
2000084c  g_ulSystemClock                
ffffffff  __TI_pprof_out_hndl            
ffffffff  __TI_prof_data_size            
ffffffff  __TI_prof_data_start           
ffffffff  __binit__                      
ffffffff  __c_args__                     
ffffffff  binit                          
UNDEFED   SHT$$INIT_ARRAY$$Base          
UNDEFED   SHT$$INIT_ARRAY$$Limit         
UNDEFED   Task_Speakerbuzz               

[98 symbols]
